Archive member included to satisfy reference by file (symbol)

app/libapp.a(zephyr_platform.c.obj)
                              (--whole-archive)
app/libapp.a(zephyr_thread.c.obj)
                              (--whole-archive)
app/libapp.a(zephyr_time.c.obj)
                              (--whole-archive)
app/libapp.a(ems_alloc.c.obj)
                              (--whole-archive)
app/libapp.a(ems_gc.c.obj)    (--whole-archive)
app/libapp.a(ems_hmu.c.obj)   (--whole-archive)
app/libapp.a(ems_kfc.c.obj)   (--whole-archive)
app/libapp.a(mem_alloc.c.obj)
                              (--whole-archive)
app/libapp.a(bh_assert.c.obj)
                              (--whole-archive)
app/libapp.a(bh_bitmap.c.obj)
                              (--whole-archive)
app/libapp.a(bh_common.c.obj)
                              (--whole-archive)
app/libapp.a(bh_hashmap.c.obj)
                              (--whole-archive)
app/libapp.a(bh_list.c.obj)   (--whole-archive)
app/libapp.a(bh_log.c.obj)    (--whole-archive)
app/libapp.a(bh_queue.c.obj)  (--whole-archive)
app/libapp.a(bh_vector.c.obj)
                              (--whole-archive)
app/libapp.a(runtime_timer.c.obj)
                              (--whole-archive)
app/libapp.a(libc_builtin_wrapper.c.obj)
                              (--whole-archive)
app/libapp.a(wasm_application.c.obj)
                              (--whole-archive)
app/libapp.a(wasm_blocking_op.c.obj)
                              (--whole-archive)
app/libapp.a(wasm_c_api.c.obj)
                              (--whole-archive)
app/libapp.a(wasm_exec_env.c.obj)
                              (--whole-archive)
app/libapp.a(wasm_memory.c.obj)
                              (--whole-archive)
app/libapp.a(wasm_native.c.obj)
                              (--whole-archive)
app/libapp.a(wasm_runtime_common.c.obj)
                              (--whole-archive)
app/libapp.a(wasm_shared_memory.c.obj)
                              (--whole-archive)
app/libapp.a(invokeNative_thumb.s.obj)
                              (--whole-archive)
app/libapp.a(wasm_interp_classic.c.obj)
                              (--whole-archive)
app/libapp.a(wasm_loader.c.obj)
                              (--whole-archive)
app/libapp.a(wasm_runtime.c.obj)
                              (--whole-archive)
app/libapp.a(aot_intrinsic.c.obj)
                              (--whole-archive)
app/libapp.a(aot_loader.c.obj)
                              (--whole-archive)
app/libapp.a(aot_perf_map.c.obj)
                              (--whole-archive)
app/libapp.a(aot_runtime.c.obj)
                              (--whole-archive)
app/libapp.a(aot_reloc_thumb.c.obj)
                              (--whole-archive)
app/libapp.a(main.c.obj)      (--whole-archive)
zephyr/libzephyr.a(heap.c.obj)
                              (--whole-archive)
zephyr/libzephyr.a(cbprintf_packaged.c.obj)
                              (--whole-archive)
zephyr/libzephyr.a(printk.c.obj)
                              (--whole-archive)
zephyr/libzephyr.a(sem.c.obj)
                              (--whole-archive)
zephyr/libzephyr.a(thread_entry.c.obj)
                              (--whole-archive)
zephyr/libzephyr.a(cbprintf_complete.c.obj)
                              (--whole-archive)
zephyr/libzephyr.a(assert.c.obj)
                              (--whole-archive)
zephyr/libzephyr.a(mpsc_pbuf.c.obj)
                              (--whole-archive)
zephyr/libzephyr.a(dec.c.obj)
                              (--whole-archive)
zephyr/libzephyr.a(hex.c.obj)
                              (--whole-archive)
zephyr/libzephyr.a(rb.c.obj)  (--whole-archive)
zephyr/libzephyr.a(timeutil.c.obj)
                              (--whole-archive)
zephyr/libzephyr.a(bitarray.c.obj)
                              (--whole-archive)
zephyr/libzephyr.a(onoff.c.obj)
                              (--whole-archive)
zephyr/libzephyr.a(notify.c.obj)
                              (--whole-archive)
zephyr/libzephyr.a(configs.c.obj)
                              (--whole-archive)
zephyr/libzephyr.a(log_core.c.obj)
                              (--whole-archive)
zephyr/libzephyr.a(log_mgmt.c.obj)
                              (--whole-archive)
zephyr/libzephyr.a(log_cache.c.obj)
                              (--whole-archive)
zephyr/libzephyr.a(log_msg.c.obj)
                              (--whole-archive)
zephyr/libzephyr.a(log_output.c.obj)
                              (--whole-archive)
zephyr/libzephyr.a(log_backend_uart.c.obj)
                              (--whole-archive)
zephyr/libzephyr.a(mem_attr.c.obj)
                              (--whole-archive)
zephyr/libzephyr.a(tracing_none.c.obj)
                              (--whole-archive)
zephyr/arch/common/libarch__common.a(sw_isr_common.c.obj)
                              (--whole-archive)
zephyr/arch/arch/arm/core/libarch__arm__core.a(fatal.c.obj)
                              (--whole-archive)
[...]
Memory Configuration

Name             Origin             Length             Attributes
FLASH            0x0000000000000000 0x0000000000100000 xr
RAM              0x0000000020000000 0x0000000000070000 xw
IDT_LIST         0x00000000ffff7fff 0x0000000000008000 xw
*default*        0x0000000000000000 0xffffffffffffffff

Linker script and memory map

                0x00000000000155f8                vfprintf = __l_vfprintf
                0x0000000000000000                vfscanf = __l_vfscanf
LOAD zephyr/CMakeFiles/zephyr_pre0.dir/misc/empty_file.c.obj
LOAD zephyr/CMakeFiles/offsets.dir/./arch/arm/core/offsets/offsets.c.obj
LOAD app/libapp.a
LOAD zephyr/libzephyr.a
LOAD zephyr/arch/common/libarch__common.a
LOAD zephyr/arch/arch/arm/core/libarch__arm__core.a
LOAD zephyr/arch/arch/arm/core/cortex_m/libarch__arm__core__cortex_m.a
LOAD zephyr/arch/arch/arm/core/cortex_m/cmse/libarch__arm__core__cortex_m__cmse.a
LOAD zephyr/arch/arch/arm/core/mpu/libarch__arm__core__mpu.a
LOAD zephyr/lib/libc/picolibc/liblib__libc__picolibc.a
LOAD zephyr/lib/libc/common/liblib__libc__common.a
LOAD zephyr/soc/soc/nrf5340/libsoc__nordic.a
LOAD zephyr/drivers/clock_control/libdrivers__clock_control.a
LOAD zephyr/drivers/console/libdrivers__console.a
LOAD zephyr/drivers/gpio/libdrivers__gpio.a
LOAD zephyr/drivers/mbox/libdrivers__mbox.a
LOAD zephyr/drivers/pinctrl/libdrivers__pinctrl.a
LOAD zephyr/drivers/serial/libdrivers__serial.a
LOAD zephyr/drivers/timer/libdrivers__timer.a
LOAD modules/hal_nordic/nrfx/libmodules__hal_nordic__nrfx.a
LOAD zephyr/kernel/libkernel.a
LOAD /home/tao/zephyr-sdk-0.16.5-1/arm-zephyr-eabi/bin/../lib/gcc/arm-zephyr-eabi/12.2.0/thumb/v8-m.main/nofp/libgcc.a
LOAD zephyr/arch/common/libisr_tables.a
LOAD /home/tao/zephyr-sdk-0.16.5-1/arm-zephyr-eabi/bin/../lib/gcc/../../picolibc/arm-zephyr-eabi/lib/thumb/v8-m.main/nofp/libc.a
LOAD /home/tao/zephyr-sdk-0.16.5-1/arm-zephyr-eabi/bin/../lib/gcc/arm-zephyr-eabi/12.2.0/thumb/v8-m.main/nofp/libgcc.a
                0x0000000000000020                _region_min_align = 0x20

.rel.plt        0x0000000000000000        0x0
 *(SORT_BY_ALIGNMENT(.rel.plt))
                [!provide]                        PROVIDE (__rel_iplt_start = .)
 *(SORT_BY_ALIGNMENT(.rel.iplt))
 .rel.iplt      0x0000000000000000        0x0 app/libapp.a(zephyr_platform.c.obj)
                [!provide]                        PROVIDE (__rel_iplt_end = .)

.rela.plt       0x0000000000000000        0x0
 *(SORT_BY_ALIGNMENT(.rela.plt))
                [!provide]                        PROVIDE (__rela_iplt_start = .)
 *(SORT_BY_ALIGNMENT(.rela.iplt))
                [!provide]                        PROVIDE (__rela_iplt_end = .)

.rel.dyn
 *(SORT_BY_ALIGNMENT(.rel.*))

.rela.dyn
 *(SORT_BY_ALIGNMENT(.rela.*))

/DISCARD/
 *(SORT_BY_ALIGNMENT(.plt))

/DISCARD/
 *(SORT_BY_ALIGNMENT(.iplt))
                0x0000000000000000                __rom_region_start = 0x0

rom_start       0x0000000000000000      0x154
                0x0000000000000000                __rom_start_address = .
 FILL mask 0x00
                0x0000000000000000                . = (. + (0x0 - (. - __rom_start_address)))
                0x0000000000000000                . = ALIGN (0x4)
                0x0000000000000000                . = ALIGN (0x80)
                0x0000000000000000                . = ALIGN (0x200)
                0x0000000000000000                _vector_start = .
 *(SORT_BY_ALIGNMENT(.exc_vector_table))
 *(SORT_BY_ALIGNMENT(.exc_vector_table.*))
 .exc_vector_table._vector_table_section
                0x0000000000000000       0x40 zephyr/arch/arch/arm/core/cortex_m/libarch__arm__core__cortex_m.a(vector_table.S.obj)
                0x0000000000000000                _vector_table
 *(SORT_BY_ALIGNMENT(.vectors))
                0x0000000000000154                _vector_end = .
                0x0000000000000040                . = ALIGN (0x4)
 *(SORT_BY_ALIGNMENT(.gnu.linkonce.irq_vector_table*))
 .gnu.linkonce.irq_vector_table
                0x0000000000000040      0x114 zephyr/arch/common/libisr_tables.a(isr_tables.c.obj)
                0x0000000000000040                _irq_vector_table
                0x0000000000000154                _vector_end = .

text            0x0000000000000154    0x1b0b0
                0x0000000000000154                __text_region_start = .
 *(SORT_BY_ALIGNMENT(.text))
 .text          0x0000000000000154       0x68 app/libapp.a(invokeNative_thumb.s.obj)
                0x0000000000000154                invokeNative
 .text          0x00000000000001bc       0x24 /home/tao/zephyr-sdk-0.16.5-1/arm-zephyr-eabi/bin/../lib/gcc/arm-zephyr-eabi/12.2.0/thumb/v8-m.main/nofp/libgcc.a(_udivsi3.o)
                0x00000000000001bc                __udivsi3
                0x00000000000001bc                __aeabi_uidiv
                0x00000000000001d0                __aeabi_uidivmod
 .text          0x00000000000001e0       0x2c /home/tao/zephyr-sdk-0.16.5-1/arm-zephyr-eabi/bin/../lib/gcc/arm-zephyr-eabi/12.2.0/thumb/v8-m.main/nofp/libgcc.a(_divsi3.o)
                0x00000000000001e0                __aeabi_idiv
                0x00000000000001e0                __divsi3
                0x00000000000001fc                __aeabi_idivmod
 .text          0x000000000000020c       0x18 /home/tao/zephyr-sdk-0.16.5-1/arm-zephyr-eabi/bin/../lib/gcc/arm-zephyr-eabi/12.2.0/thumb/v8-m.main/nofp/libgcc.a(_umodsi3.o)
                0x000000000000020c                __umodsi3
 .text          0x0000000000000224       0x20 /home/tao/zephyr-sdk-0.16.5-1/arm-zephyr-eabi/bin/../lib/gcc/arm-zephyr-eabi/12.2.0/thumb/v8-m.main/nofp/libgcc.a(_modsi3.o)
                0x0000000000000224                __modsi3
 .text          0x0000000000000244        0x4 /home/tao/zephyr-sdk-0.16.5-1/arm-zephyr-eabi/bin/../lib/gcc/arm-zephyr-eabi/12.2.0/thumb/v8-m.main/nofp/libgcc.a(_dvmd_tls.o)
                0x0000000000000244                __aeabi_ldiv0
                0x0000000000000244                __aeabi_idiv0
 .text          0x0000000000000248       0x18 /home/tao/zephyr-sdk-0.16.5-1/arm-zephyr-eabi/bin/../lib/gcc/arm-zephyr-eabi/12.2.0/thumb/v8-m.main/nofp/libgcc.a(_lshrdi3.o)
                0x0000000000000248                __aeabi_llsr
                0x0000000000000248                __lshrdi3
 .text          0x0000000000000260       0x18 /home/tao/zephyr-sdk-0.16.5-1/arm-zephyr-eabi/bin/../lib/gcc/arm-zephyr-eabi/12.2.0/thumb/v8-m.main/nofp/libgcc.a(_ashldi3.o)
                0x0000000000000260                __ashldi3
                0x0000000000000260                __aeabi_llsl
 .text          0x0000000000000278      0x378 /home/tao/zephyr-sdk-0.16.5-1/arm-zephyr-eabi/bin/../lib/gcc/arm-zephyr-eabi/12.2.0/thumb/v8-m.main/nofp/libgcc.a(_arm_addsubdf3.o)
                0x0000000000000278                __aeabi_drsub
                0x0000000000000280                __aeabi_dsub
                0x0000000000000280                __subdf3
                0x0000000000000284                __adddf3
                0x0000000000000284                __aeabi_dadd
                0x00000000000004fc                __aeabi_ui2d
                0x00000000000004fc                __floatunsidf
                0x000000000000051c                __floatsidf
                0x000000000000051c                __aeabi_i2d
                0x0000000000000540                __extendsfdf2
                0x0000000000000540                __aeabi_f2d
                0x0000000000000584                __aeabi_ul2d
                0x0000000000000584                __floatundidf
                0x0000000000000594                __floatdidf
                0x0000000000000594                __aeabi_l2d
 .text          0x00000000000005f0      0x424 /home/tao/zephyr-sdk-0.16.5-1/arm-zephyr-eabi/bin/../lib/gcc/arm-zephyr-eabi/12.2.0/thumb/v8-m.main/nofp/libgcc.a(_arm_muldivdf3.o)
                0x00000000000005f0                __aeabi_dmul
                0x00000000000005f0                __muldf3
                0x0000000000000844                __aeabi_ddiv
                0x0000000000000844                __divdf3
 .text          0x0000000000000a14      0x110 /home/tao/zephyr-sdk-0.16.5-1/arm-zephyr-eabi/bin/../lib/gcc/arm-zephyr-eabi/12.2.0/thumb/v8-m.main/nofp/libgcc.a(_arm_cmpdf2.o)
                0x0000000000000a14                __gtdf2
                0x0000000000000a14                __gedf2
                0x0000000000000a1c                __ltdf2
                0x0000000000000a1c                __ledf2
                0x0000000000000a24                __cmpdf2
                0x0000000000000a24                __eqdf2
                0x0000000000000a24                __nedf2
                0x0000000000000aa0                __aeabi_cdrcmple
                0x0000000000000ab0                __aeabi_cdcmple
                0x0000000000000ab0                __aeabi_cdcmpeq
                0x0000000000000ac0                __aeabi_dcmpeq
                0x0000000000000ad4                __aeabi_dcmplt
                0x0000000000000ae8                __aeabi_dcmple
                0x0000000000000afc                __aeabi_dcmpge
                0x0000000000000b10                __aeabi_dcmpgt
 .text          0x0000000000000b24       0x2c /home/tao/zephyr-sdk-0.16.5-1/arm-zephyr-eabi/bin/../lib/gcc/arm-zephyr-eabi/12.2.0/thumb/v8-m.main/nofp/libgcc.a(_arm_unorddf2.o)
                0x0000000000000b24                __aeabi_dcmpun
                0x0000000000000b24                __unorddf2
 .text          0x0000000000000b50       0x50 /home/tao/zephyr-sdk-0.16.5-1/arm-zephyr-eabi/bin/../lib/gcc/arm-zephyr-eabi/12.2.0/thumb/v8-m.main/nofp/libgcc.a(_arm_fixdfsi.o)
                0x0000000000000b50                __fixdfsi
                0x0000000000000b50                __aeabi_d2iz
 .text          0x0000000000000ba0       0x40 /home/tao/zephyr-sdk-0.16.5-1/arm-zephyr-eabi/bin/../lib/gcc/arm-zephyr-eabi/12.2.0/thumb/v8-m.main/nofp/libgcc.a(_arm_fixunsdfsi.o)
                0x0000000000000ba0                __fixunsdfsi
                0x0000000000000ba0                __aeabi_d2uiz
 .text          0x0000000000000be0       0xa0 /home/tao/zephyr-sdk-0.16.5-1/arm-zephyr-eabi/bin/../lib/gcc/arm-zephyr-eabi/12.2.0/thumb/v8-m.main/nofp/libgcc.a(_arm_truncdfsf2.o)
                0x0000000000000be0                __aeabi_d2f
                0x0000000000000be0                __truncdfsf2
 .text          0x0000000000000c80      0x21c /home/tao/zephyr-sdk-0.16.5-1/arm-zephyr-eabi/bin/../lib/gcc/arm-zephyr-eabi/12.2.0/thumb/v8-m.main/nofp/libgcc.a(_arm_addsubsf3.o)
                0x0000000000000c80                __aeabi_frsub
                0x0000000000000c88                __subsf3
                0x0000000000000c88                __aeabi_fsub
                0x0000000000000c8c                __aeabi_fadd
                0x0000000000000c8c                __addsf3
                0x0000000000000dec                __aeabi_ui2f
                0x0000000000000dec                __floatunsisf
                0x0000000000000df4                __aeabi_i2f
                0x0000000000000df4                __floatsisf
                0x0000000000000e10                __floatundisf
                0x0000000000000e10                __aeabi_ul2f
                0x0000000000000e20                __floatdisf
                0x0000000000000e20                __aeabi_l2f
 .text          0x0000000000000e9c      0x2a0 /home/tao/zephyr-sdk-0.16.5-1/arm-zephyr-eabi/bin/../lib/gcc/arm-zephyr-eabi/12.2.0/thumb/v8-m.main/nofp/libgcc.a(_arm_muldivsf3.o)
                0x0000000000000e9c                __mulsf3
                0x0000000000000e9c                __aeabi_fmul
                0x0000000000001004                __divsf3
                0x0000000000001004                __aeabi_fdiv
 .text          0x000000000000113c       0xec /home/tao/zephyr-sdk-0.16.5-1/arm-zephyr-eabi/bin/../lib/gcc/arm-zephyr-eabi/12.2.0/thumb/v8-m.main/nofp/libgcc.a(_arm_cmpsf2.o)
                0x000000000000113c                __gtsf2
                0x000000000000113c                __gesf2
                0x0000000000001144                __lesf2
                0x0000000000001144                __ltsf2
                0x000000000000114c                __nesf2
                0x000000000000114c                __eqsf2
                0x000000000000114c                __cmpsf2
                0x00000000000011ac                __aeabi_cfrcmple
                0x00000000000011b4                __aeabi_cfcmple
                0x00000000000011b4                __aeabi_cfcmpeq
                0x00000000000011c4                __aeabi_fcmpeq
                0x00000000000011d8                __aeabi_fcmplt
                0x00000000000011ec                __aeabi_fcmple
                0x0000000000001200                __aeabi_fcmpge
                0x0000000000001214                __aeabi_fcmpgt
 .text          0x0000000000001228       0x2c /home/tao/zephyr-sdk-0.16.5-1/arm-zephyr-eabi/bin/../lib/gcc/arm-zephyr-eabi/12.2.0/thumb/v8-m.main/nofp/libgcc.a(_arm_unordsf2.o)
                0x0000000000001228                __aeabi_fcmpun
                0x0000000000001228                __unordsf2
 .text          0x0000000000001254       0x4c /home/tao/zephyr-sdk-0.16.5-1/arm-zephyr-eabi/bin/../lib/gcc/arm-zephyr-eabi/12.2.0/thumb/v8-m.main/nofp/libgcc.a(_arm_fixsfsi.o)
                0x0000000000001254                __fixsfsi
                0x0000000000001254                __aeabi_f2iz
 .text          0x00000000000012a0       0x40 /home/tao/zephyr-sdk-0.16.5-1/arm-zephyr-eabi/bin/../lib/gcc/arm-zephyr-eabi/12.2.0/thumb/v8-m.main/nofp/libgcc.a(_arm_fixunssfsi.o)
                0x00000000000012a0                __aeabi_f2uiz
                0x00000000000012a0                __fixunssfsi
 .text          0x00000000000012e0        0x8 /home/tao/zephyr-sdk-0.16.5-1/arm-zephyr-eabi/bin/../lib/gcc/arm-zephyr-eabi/12.2.0/thumb/v8-m.main/nofp/libgcc.a(_clzsi2.o)
                0x00000000000012e0                __clzsi2
 .text          0x00000000000012e8       0xa0 /home/tao/zephyr-sdk-0.16.5-1/arm-zephyr-eabi/bin/../lib/gcc/arm-zephyr-eabi/12.2.0/thumb/v8-m.main/nofp/libgcc.a(_aeabi_ldivmod.o)
                0x00000000000012e8                __aeabi_ldivmod
 .text          0x0000000000001388       0x30 /home/tao/zephyr-sdk-0.16.5-1/arm-zephyr-eabi/bin/../lib/gcc/arm-zephyr-eabi/12.2.0/thumb/v8-m.main/nofp/libgcc.a(_aeabi_uldivmod.o)
                0x0000000000001388                __aeabi_uldivmod
 .text          0x00000000000013b8       0x40 /home/tao/zephyr-sdk-0.16.5-1/arm-zephyr-eabi/bin/../lib/gcc/arm-zephyr-eabi/12.2.0/thumb/v8-m.main/nofp/libgcc.a(_fixunssfdi.o)
                0x00000000000013b8                __aeabi_f2ulz
                0x00000000000013b8                __fixunssfdi
 .text          0x00000000000013f8       0x3c /home/tao/zephyr-sdk-0.16.5-1/arm-zephyr-eabi/bin/../lib/gcc/arm-zephyr-eabi/12.2.0/thumb/v8-m.main/nofp/libgcc.a(_fixunsdfdi.o)
                0x00000000000013f8                __aeabi_d2ulz
                0x00000000000013f8                __fixunsdfdi
 .text          0x0000000000001434       0x12 /home/tao/zephyr-sdk-0.16.5-1/arm-zephyr-eabi/bin/../lib/gcc/arm-zephyr-eabi/12.2.0/thumb/v8-m.main/nofp/libgcc.a(_muldi3.o)
                0x0000000000001434                __aeabi_lmul
                0x0000000000001434                __muldi3
 .text          0x0000000000001446       0x26 /home/tao/zephyr-sdk-0.16.5-1/arm-zephyr-eabi/bin/../lib/gcc/arm-zephyr-eabi/12.2.0/thumb/v8-m.main/nofp/libgcc.a(_fixsfdi.o)
                0x0000000000001446                __aeabi_f2lz
                0x0000000000001446                __fixsfdi
 .text          0x000000000000146c       0x2e /home/tao/zephyr-sdk-0.16.5-1/arm-zephyr-eabi/bin/../lib/gcc/arm-zephyr-eabi/12.2.0/thumb/v8-m.main/nofp/libgcc.a(_fixdfdi.o)
                0x000000000000146c                __aeabi_d2lz
                0x000000000000146c                __fixdfdi
 .text          0x000000000000149a      0x252 /home/tao/zephyr-sdk-0.16.5-1/arm-zephyr-eabi/bin/../lib/gcc/arm-zephyr-eabi/12.2.0/thumb/v8-m.main/nofp/libgcc.a(_divdi3.o)
                0x000000000000149a                __divdi3
 .text          0x00000000000016ec      0x200 /home/tao/zephyr-sdk-0.16.5-1/arm-zephyr-eabi/bin/../lib/gcc/arm-zephyr-eabi/12.2.0/thumb/v8-m.main/nofp/libgcc.a(_moddi3.o)
                0x00000000000016ec                __moddi3
 .text          0x00000000000018ec      0x21c /home/tao/zephyr-sdk-0.16.5-1/arm-zephyr-eabi/bin/../lib/gcc/arm-zephyr-eabi/12.2.0/thumb/v8-m.main/nofp/libgcc.a(_udivdi3.o)
                0x00000000000018ec                __udivdi3
 .text          0x0000000000001b08      0x1e4 /home/tao/zephyr-sdk-0.16.5-1/arm-zephyr-eabi/bin/../lib/gcc/arm-zephyr-eabi/12.2.0/thumb/v8-m.main/nofp/libgcc.a(_umoddi3.o)
                0x0000000000001b08                __umoddi3
 .text          0x0000000000001cec      0x29c /home/tao/zephyr-sdk-0.16.5-1/arm-zephyr-eabi/bin/../lib/gcc/arm-zephyr-eabi/12.2.0/thumb/v8-m.main/nofp/libgcc.a(_udivmoddi4.o)
                0x0000000000001cec                __udivmoddi4
 .text          0x0000000000001f88       0x14 /home/tao/zephyr-sdk-0.16.5-1/arm-zephyr-eabi/bin/../lib/gcc/../../picolibc/arm-zephyr-eabi/lib/thumb/v8-m.main/nofp/libc.a(strcmp.S.o)
                0x0000000000001f88                strcmp
 .text          0x0000000000001f9c       0x10 /home/tao/zephyr-sdk-0.16.5-1/arm-zephyr-eabi/bin/../lib/gcc/../../picolibc/arm-zephyr-eabi/lib/thumb/v8-m.main/nofp/libc.a(strcpy.S.o)
                0x0000000000001f9c                strcpy
 .text          0x0000000000001fac       0x10 /home/tao/zephyr-sdk-0.16.5-1/arm-zephyr-eabi/bin/../lib/gcc/../../picolibc/arm-zephyr-eabi/lib/thumb/v8-m.main/nofp/libc.a(strlen.S.o)
                0x0000000000001fac                strlen
 *(SORT_BY_ALIGNMENT(.text.*))
 .text._stdout_hook_iwasm
                0x0000000000001fbc       0x14 app/libapp.a(zephyr_platform.c.obj)
 .text.bh_platform_init
                0x0000000000001fd0       0x4c app/libapp.a(zephyr_platform.c.obj)
                0x0000000000001fd0                bh_platform_init
 .text.os_mmap  0x000000000000201c       0x1c app/libapp.a(zephyr_platform.c.obj)
                0x000000000000201c                os_mmap
 .text.os_munmap
                0x0000000000002038       0x10 app/libapp.a(zephyr_platform.c.obj)
                0x0000000000002038                os_munmap
 .text.os_thread_sys_init
                0x0000000000002048       0x5c app/libapp.a(zephyr_thread.c.obj)
                0x0000000000002048                os_thread_sys_init
 .text.os_thread_sys_destroy
                0x00000000000020a4       0x10 app/libapp.a(zephyr_thread.c.obj)
                0x00000000000020a4                os_thread_sys_destroy
 .text.os_self_thread
                0x00000000000020b4       0x14 app/libapp.a(zephyr_thread.c.obj)
                0x00000000000020b4                os_self_thread
 .text.os_thread_get_stack_boundary
                0x00000000000020c8       0x14 app/libapp.a(zephyr_thread.c.obj)
                0x00000000000020c8                os_thread_get_stack_boundary
 .text.unlink_hmu
                0x00000000000020dc       0x84 app/libapp.a(ems_alloc.c.obj)
 .text.gci_add_fc
                0x0000000000002160       0x88 app/libapp.a(ems_alloc.c.obj)
                0x0000000000002160                gci_add_fc
 .text.gc_alloc_vo
                0x00000000000021e8       0x78 app/libapp.a(ems_alloc.c.obj)
                0x00000000000021e8                gc_alloc_vo
 .text.gc_free_vo
                0x0000000000002260       0xfc app/libapp.a(ems_alloc.c.obj)
                0x0000000000002260                gc_free_vo
 .text.gc_realloc_vo
                0x000000000000235c      0x14c app/libapp.a(ems_alloc.c.obj)
                0x000000000000235c                gc_realloc_vo
 .text.gc_init_internal
                0x00000000000024a8       0xa0 app/libapp.a(ems_kfc.c.obj)
 .text.gc_init_with_pool
                0x0000000000002548       0x48 app/libapp.a(ems_kfc.c.obj)
                0x0000000000002548                gc_init_with_pool
 .text.gc_init_with_struct_and_pool
                0x0000000000002590       0x70 app/libapp.a(ems_kfc.c.obj)
                0x0000000000002590                gc_init_with_struct_and_pool
 .text.gc_migrate
                0x0000000000002600       0xdc app/libapp.a(ems_kfc.c.obj)
                0x0000000000002600                gc_migrate
 .text.bh_hash_map_create
                0x00000000000026dc       0xa8 app/libapp.a(bh_hashmap.c.obj)
                0x00000000000026dc                bh_hash_map_create
 .text.bh_hash_map_insert
                0x0000000000002784       0xa0 app/libapp.a(bh_hashmap.c.obj)
                0x0000000000002784                bh_hash_map_insert
 .text.bh_hash_map_find
                0x0000000000002824       0x68 app/libapp.a(bh_hashmap.c.obj)
                0x0000000000002824                bh_hash_map_find
 .text.bh_hash_map_destroy
                0x000000000000288c       0x74 app/libapp.a(bh_hashmap.c.obj)
                0x000000000000288c                bh_hash_map_destroy
 .text.bh_log_set_verbose_level
                0x0000000000002900        0xc app/libapp.a(bh_log.c.obj)
                0x0000000000002900                bh_log_set_verbose_level
 .text.bh_log   0x000000000000290c       0xc8 app/libapp.a(bh_log.c.obj)
                0x000000000000290c                bh_log
 .text.bh_vector_destroy
                0x00000000000029d4       0x40 app/libapp.a(bh_vector.c.obj)
                0x00000000000029d4                bh_vector_destroy
 .text.__cxa_throw_wrapper
                0x0000000000002a14       0x24 app/libapp.a(libc_builtin_wrapper.c.obj)
 .text.nullFunc_X_wrapper
                0x0000000000002a38       0x28 app/libapp.a(libc_builtin_wrapper.c.obj)
 .text.abortStackOverflow_wrapper
                0x0000000000002a60       0x28 app/libapp.a(libc_builtin_wrapper.c.obj)
 .text.abort_wrapper
                0x0000000000002a88       0x28 app/libapp.a(libc_builtin_wrapper.c.obj)
 .text.exit_wrapper
                0x0000000000002ab0       0x28 app/libapp.a(libc_builtin_wrapper.c.obj)
 .text.putchar_wrapper
                0x0000000000002ad8       0x10 app/libapp.a(libc_builtin_wrapper.c.obj)
 .text.puts_wrapper
                0x0000000000002ae8        0xc app/libapp.a(libc_builtin_wrapper.c.obj)
 .text.printf_out
                0x0000000000002af4       0x1c app/libapp.a(libc_builtin_wrapper.c.obj)
 .text._vprintf_wa
                0x0000000000002b10      0x3d8 app/libapp.a(libc_builtin_wrapper.c.obj)
 .text.snprintf_wrapper
                0x0000000000002ee8       0x54 app/libapp.a(libc_builtin_wrapper.c.obj)
 .text.sprintf_wrapper
                0x0000000000002f3c       0x74 app/libapp.a(libc_builtin_wrapper.c.obj)
 .text.printf_wrapper
                0x0000000000002fb0       0x44 app/libapp.a(libc_builtin_wrapper.c.obj)
 .text.clock_gettime_wrapper
                0x0000000000002ff4       0x3c app/libapp.a(libc_builtin_wrapper.c.obj)
 .text.get_libc_builtin_export_apis
                0x0000000000003030        0xc app/libapp.a(libc_builtin_wrapper.c.obj)
                0x0000000000003030                get_libc_builtin_export_apis
 .text.wasm_native_lookup_libc_builtin_global
                0x000000000000303c       0x64 app/libapp.a(libc_builtin_wrapper.c.obj)
                0x000000000000303c                wasm_native_lookup_libc_builtin_global
 .text.wasm_application_execute_main
                0x00000000000030a0      0x208 app/libapp.a(wasm_application.c.obj)
                0x00000000000030a0                wasm_application_execute_main
 .text.wasm_runtime_memory_init
                0x00000000000032a8       0xa4 app/libapp.a(wasm_memory.c.obj)
                0x00000000000032a8                wasm_runtime_memory_init
 .text.wasm_runtime_memory_destroy
                0x000000000000334c       0x20 app/libapp.a(wasm_memory.c.obj)
                0x000000000000334c                wasm_runtime_memory_destroy
 .text.wasm_runtime_malloc
                0x000000000000336c       0x64 app/libapp.a(wasm_memory.c.obj)
                0x000000000000336c                wasm_runtime_malloc
 .text.wasm_runtime_free
                0x00000000000033d0       0x48 app/libapp.a(wasm_memory.c.obj)
                0x00000000000033d0                wasm_runtime_free
 .text.wasm_runtime_validate_app_addr
                0x0000000000003418       0x4c app/libapp.a(wasm_memory.c.obj)
                0x0000000000003418                wasm_runtime_validate_app_addr
 .text.wasm_runtime_validate_native_addr
                0x0000000000003464       0x44 app/libapp.a(wasm_memory.c.obj)
                0x0000000000003464                wasm_runtime_validate_native_addr
 .text.wasm_runtime_validate_app_str_addr
                0x00000000000034a8       0x64 app/libapp.a(wasm_memory.c.obj)
                0x00000000000034a8                wasm_runtime_validate_app_str_addr
 .text.wasm_check_app_addr_and_convert
                0x000000000000350c       0x68 app/libapp.a(wasm_memory.c.obj)
                0x000000000000350c                wasm_check_app_addr_and_convert
 .text.wasm_enlarge_memory_internal
                0x0000000000003574      0x134 app/libapp.a(wasm_memory.c.obj)
                0x0000000000003574                wasm_enlarge_memory_internal
 .text.register_natives
                0x00000000000036a8       0x3c app/libapp.a(wasm_native.c.obj)
 .text.wasm_native_resolve_symbol
                0x00000000000036e4      0x1e0 app/libapp.a(wasm_native.c.obj)
                0x00000000000036e4                wasm_native_resolve_symbol
 .text.wasm_native_destroy
                0x00000000000038c4       0x1c app/libapp.a(wasm_native.c.obj)
                0x00000000000038c4                wasm_native_destroy
 .text.wasm_native_init
                0x00000000000038e0       0x3c app/libapp.a(wasm_native.c.obj)
                0x00000000000038e0                wasm_native_init
 .text.wasm_native_lookup_quick_aot_entry
                0x000000000000391c       0xa4 app/libapp.a(wasm_native.c.obj)
                0x000000000000391c                wasm_native_lookup_quick_aot_entry
 .text.wasm_set_exception_local
                0x00000000000039c0       0x18 app/libapp.a(wasm_runtime_common.c.obj)
 .text.runtime_malloc.constprop.0
                0x00000000000039d8       0x2c app/libapp.a(wasm_runtime_common.c.obj)
 .text.wasm_runtime_destroy
                0x0000000000003a04       0x24 app/libapp.a(wasm_runtime_common.c.obj)
                0x0000000000003a04                wasm_runtime_destroy
 .text.wasm_runtime_get_default_running_mode
                0x0000000000003a28        0xc app/libapp.a(wasm_runtime_common.c.obj)
                0x0000000000003a28                wasm_runtime_get_default_running_mode
 .text.wasm_runtime_set_default_running_mode
                0x0000000000003a34       0x14 app/libapp.a(wasm_runtime_common.c.obj)
                0x0000000000003a34                wasm_runtime_set_default_running_mode
 .text.wasm_runtime_full_init
                0x0000000000003a48       0x6c app/libapp.a(wasm_runtime_common.c.obj)
                0x0000000000003a48                wasm_runtime_full_init
 .text.wasm_runtime_load_ex
                0x0000000000003ab4       0x5c app/libapp.a(wasm_runtime_common.c.obj)
                0x0000000000003ab4                wasm_runtime_load_ex
 .text.wasm_runtime_load
                0x0000000000003b10       0x18 app/libapp.a(wasm_runtime_common.c.obj)
                0x0000000000003b10                wasm_runtime_load
 .text.wasm_runtime_get_max_mem
                0x0000000000003b28       0x38 app/libapp.a(wasm_runtime_common.c.obj)
                0x0000000000003b28                wasm_runtime_get_max_mem
 .text.wasm_runtime_instantiate_internal
                0x0000000000003b60       0x38 app/libapp.a(wasm_runtime_common.c.obj)
                0x0000000000003b60                wasm_runtime_instantiate_internal
 .text.wasm_runtime_call_wasm
                0x0000000000003b98       0x58 app/libapp.a(wasm_runtime_common.c.obj)
                0x0000000000003b98                wasm_runtime_call_wasm
 .text.wasm_set_exception_with_id
                0x0000000000003bf0       0x18 app/libapp.a(wasm_runtime_common.c.obj)
                0x0000000000003bf0                wasm_set_exception_with_id
 .text.wasm_runtime_invoke_native
                0x0000000000003c08      0x1dc app/libapp.a(wasm_runtime_common.c.obj)
                0x0000000000003c08                wasm_runtime_invoke_native
 .text.wasm_runtime_invoke_c_api_native
                0x0000000000003de4      0x210 app/libapp.a(wasm_runtime_common.c.obj)
                0x0000000000003de4                wasm_runtime_invoke_c_api_native
 .text.wasm_runtime_quick_invoke_c_api_native
                0x0000000000003ff4       0x90 app/libapp.a(wasm_runtime_common.c.obj)
                0x0000000000003ff4                wasm_runtime_quick_invoke_c_api_native
 .text.wasm_runtime_show_app_heap_corrupted_prompt
                0x0000000000004084       0x10 app/libapp.a(wasm_runtime_common.c.obj)
                0x0000000000004084                wasm_runtime_show_app_heap_corrupted_prompt
 .text.trunc_f32_to_int
                0x0000000000004094      0x110 app/libapp.a(wasm_interp_classic.c.obj)
 .text.trunc_f64_to_int
                0x00000000000041a4      0x148 app/libapp.a(wasm_interp_classic.c.obj)
 .text.ALLOC_FRAME
                0x00000000000042ec       0x2c app/libapp.a(wasm_interp_classic.c.obj)
 .text.wasm_interp_call_func_native
                0x0000000000004318      0x130 app/libapp.a(wasm_interp_classic.c.obj)
 .text.wasm_interp_call_func_bytecode
                0x0000000000004448     0x2e54 app/libapp.a(wasm_interp_classic.c.obj)
 .text.wasm_interp_call_wasm
                0x000000000000729c       0xfc app/libapp.a(wasm_interp_classic.c.obj)
                0x000000000000729c                wasm_interp_call_wasm
 .text.set_error_buf_v
                0x0000000000007398       0x34 app/libapp.a(wasm_loader.c.obj)
 .text.set_error_buf
                0x00000000000073cc       0x10 app/libapp.a(wasm_loader.c.obj)
 .text.loader_malloc
                0x00000000000073dc       0x44 app/libapp.a(wasm_loader.c.obj)
 .text.check_buf
                0x0000000000007420       0x24 app/libapp.a(wasm_loader.c.obj)
 .text.read_leb
                0x0000000000007444      0x110 app/libapp.a(wasm_loader.c.obj)
 .text.check_memory_flag
                0x0000000000007554       0x58 app/libapp.a(wasm_loader.c.obj)
 .text.load_memory
                0x00000000000075ac      0x10c app/libapp.a(wasm_loader.c.obj)
 .text.wasm_loader_push_frame_csp
                0x00000000000076b8       0xa4 app/libapp.a(wasm_loader.c.obj)
 .text.load_export_section
                0x000000000000775c      0x1c8 app/libapp.a(wasm_loader.c.obj)
 .text.load_type_section
                0x0000000000007924      0x2bc app/libapp.a(wasm_loader.c.obj)
 .text.load_function_section
                0x0000000000007be0      0x320 app/libapp.a(wasm_loader.c.obj)
 .text.wasm_loader_push_frame_ref
                0x0000000000007f00       0x84 app/libapp.a(wasm_loader.c.obj)
 .text.check_stack_top_values.constprop.0
                0x0000000000007f84       0xa8 app/libapp.a(wasm_loader.c.obj)
 .text.check_block_stack
                0x000000000000802c       0xc8 app/libapp.a(wasm_loader.c.obj)
 .text.check_branch_block
                0x00000000000080f4      0x1a4 app/libapp.a(wasm_loader.c.obj)
 .text.load_init_expr.constprop.0
                0x0000000000008298      0x220 app/libapp.a(wasm_loader.c.obj)
 .text.load_data_segment_section
                0x00000000000084b8      0x1a8 app/libapp.a(wasm_loader.c.obj)
 .text.load_table_segment_section
                0x0000000000008660      0x198 app/libapp.a(wasm_loader.c.obj)
 .text.load_global_section
                0x00000000000087f8       0xe4 app/libapp.a(wasm_loader.c.obj)
 .text.load_import_section
                0x00000000000088dc      0x6b4 app/libapp.a(wasm_loader.c.obj)
 .text.load_from_sections
                0x0000000000008f90     0x216c app/libapp.a(wasm_loader.c.obj)
 .text.wasm_loader_load
                0x000000000000b0fc      0x188 app/libapp.a(wasm_loader.c.obj)
                0x000000000000b0fc                wasm_loader_load
 .text.wasm_loader_find_block_addr
                0x000000000000b284      0x428 app/libapp.a(wasm_loader.c.obj)
                0x000000000000b284                wasm_loader_find_block_addr
 .text.set_error_buf_v
                0x000000000000b6ac       0x34 app/libapp.a(wasm_runtime.c.obj)
 .text.set_error_buf
                0x000000000000b6e0       0x10 app/libapp.a(wasm_runtime.c.obj)
 .text.runtime_malloc
                0x000000000000b6f0       0x44 app/libapp.a(wasm_runtime.c.obj)
 .text.check_global_init_expr
                0x000000000000b734       0x44 app/libapp.a(wasm_runtime.c.obj)
 .text.memory_instantiate.constprop.0
                0x000000000000b778      0x2c4 app/libapp.a(wasm_runtime.c.obj)
 .text.wasm_instantiate
                0x000000000000ba3c      0x9bc app/libapp.a(wasm_runtime.c.obj)
                0x000000000000ba3c                wasm_instantiate
 .text.wasm_module_malloc_internal
                0x000000000000c3f8      0x118 app/libapp.a(wasm_runtime.c.obj)
                0x000000000000c3f8                wasm_module_malloc_internal
 .text.wasm_module_realloc_internal
                0x000000000000c510       0x6c app/libapp.a(wasm_runtime.c.obj)
                0x000000000000c510                wasm_module_realloc_internal
 .text.wasm_module_free_internal
                0x000000000000c57c       0x9c app/libapp.a(wasm_runtime.c.obj)
                0x000000000000c57c                wasm_module_free_internal
 .text.wasm_check_utf8_str
                0x000000000000c618       0xcc app/libapp.a(wasm_runtime.c.obj)
                0x000000000000c618                wasm_check_utf8_str
 .text.wasm_const_str_list_insert
                0x000000000000c6e4       0xb4 app/libapp.a(wasm_runtime.c.obj)
                0x000000000000c6e4                wasm_const_str_list_insert
 .text.aot_intrinsic_fmin_f32
                0x000000000000c798       0x40 app/libapp.a(aot_intrinsic.c.obj)
                0x000000000000c798                aot_intrinsic_fmin_f32
 .text.aot_intrinsic_fmin_f64
                0x000000000000c7d8       0x58 app/libapp.a(aot_intrinsic.c.obj)
                0x000000000000c7d8                aot_intrinsic_fmin_f64
 .text.aot_intrinsic_fmax_f32
                0x000000000000c830       0x40 app/libapp.a(aot_intrinsic.c.obj)
                0x000000000000c830                aot_intrinsic_fmax_f32
 .text.aot_intrinsic_fmax_f64
                0x000000000000c870       0x58 app/libapp.a(aot_intrinsic.c.obj)
                0x000000000000c870                aot_intrinsic_fmax_f64
 .text.is_text_section
                0x000000000000c8c8       0x28 app/libapp.a(aot_loader.c.obj)
 .text.set_error_buf_v
                0x000000000000c8f0       0x34 app/libapp.a(aot_loader.c.obj)
 .text.set_error_buf
                0x000000000000c924       0x10 app/libapp.a(aot_loader.c.obj)
 .text.loader_malloc
                0x000000000000c934       0x44 app/libapp.a(aot_loader.c.obj)
 .text.check_buf
                0x000000000000c978       0x24 app/libapp.a(aot_loader.c.obj)
 .text.load_string
                0x000000000000c99c       0x78 app/libapp.a(aot_loader.c.obj)
 .text.load_native_symbol_section
                0x000000000000ca14      0x1c8 app/libapp.a(aot_loader.c.obj)
 .text.load_init_expr.constprop.0
                0x000000000000cbdc       0xe4 app/libapp.a(aot_loader.c.obj)
 .text.load_from_sections
                0x000000000000ccc0     0x1830 app/libapp.a(aot_loader.c.obj)
 .text.aot_load_from_aot_file
                0x000000000000e4f0      0x2f8 app/libapp.a(aot_loader.c.obj)
                0x000000000000e4f0                aot_load_from_aot_file
 .text.set_error_buf_v
                0x000000000000e7e8       0x34 app/libapp.a(aot_runtime.c.obj)
 .text.set_error_buf
                0x000000000000e81c       0x10 app/libapp.a(aot_runtime.c.obj)
 .text.runtime_malloc
                0x000000000000e82c       0x44 app/libapp.a(aot_runtime.c.obj)
 .text.check_global_init_expr
                0x000000000000e870       0x40 app/libapp.a(aot_runtime.c.obj)
 .text.aot_call_function
                0x000000000000e8b0      0x19c app/libapp.a(aot_runtime.c.obj)
                0x000000000000e8b0                aot_call_function
 .text.aot_instantiate
                0x000000000000ea4c      0x9d4 app/libapp.a(aot_runtime.c.obj)
                0x000000000000ea4c                aot_instantiate
 .text.aot_module_malloc_internal
                0x000000000000f420      0x148 app/libapp.a(aot_runtime.c.obj)
                0x000000000000f420                aot_module_malloc_internal
 .text.aot_module_realloc_internal
                0x000000000000f568       0x60 app/libapp.a(aot_runtime.c.obj)
                0x000000000000f568                aot_module_realloc_internal
 .text.aot_module_free_internal
                0x000000000000f5c8       0xc8 app/libapp.a(aot_runtime.c.obj)
                0x000000000000f5c8                aot_module_free_internal
 .text.aot_invoke_native
                0x000000000000f690       0xb0 app/libapp.a(aot_runtime.c.obj)
                0x000000000000f690                aot_invoke_native
 .text.aot_call_indirect
                0x000000000000f740      0x1dc app/libapp.a(aot_runtime.c.obj)
                0x000000000000f740                aot_call_indirect
 .text.aot_memory_init
                0x000000000000f91c       0xac app/libapp.a(aot_runtime.c.obj)
                0x000000000000f91c                aot_memory_init
 .text.aot_const_str_set_insert
                0x000000000000f9c8       0xac app/libapp.a(aot_runtime.c.obj)
                0x000000000000f9c8                aot_const_str_set_insert
 .text.set_error_buf
                0x000000000000fa74       0x10 app/libapp.a(aot_reloc_thumb.c.obj)
 .text.get_target_symbol_map
                0x000000000000fa84        0xc app/libapp.a(aot_reloc_thumb.c.obj)
                0x000000000000fa84                get_target_symbol_map
 .text.get_current_target
                0x000000000000fa90       0x38 app/libapp.a(aot_reloc_thumb.c.obj)
                0x000000000000fa90                get_current_target
 .text.init_plt_table
                0x000000000000fac8       0x64 app/libapp.a(aot_reloc_thumb.c.obj)
                0x000000000000fac8                init_plt_table
 .text.apply_relocation
                0x000000000000fb2c      0x1b0 app/libapp.a(aot_reloc_thumb.c.obj)
                0x000000000000fb2c                apply_relocation
 .text.iwasm_main
                0x000000000000fcdc      0x17c app/libapp.a(main.c.obj)
                0x000000000000fcdc                iwasm_main
 .text.iwasm_init
                0x000000000000fe58       0x40 app/libapp.a(main.c.obj)
                0x000000000000fe58                iwasm_init
 .text.cbvprintf_package
                0x000000000000fe98      0x3a4 zephyr/libzephyr.a(cbprintf_packaged.c.obj)
                0x000000000000fe98                cbvprintf_package
 .text.cbprintf_package_convert
                0x000000000001023c      0x3c0 zephyr/libzephyr.a(cbprintf_packaged.c.obj)
                0x000000000001023c                cbprintf_package_convert
 .text.__printk_hook_install
                0x00000000000105fc        0xc zephyr/libzephyr.a(printk.c.obj)
                0x00000000000105fc                __printk_hook_install
 .text.z_thread_entry
                0x0000000000010608       0x34 zephyr/libzephyr.a(thread_entry.c.obj)
                0x0000000000010608                z_thread_entry
 .text.process_event
                0x000000000001063c      0x21c zephyr/libzephyr.a(onoff.c.obj)
 .text.activate_foreach_backend
                0x0000000000010858       0x64 zephyr/libzephyr.a(log_core.c.obj)
 .text.enable_logger
                0x00000000000108bc       0x5c zephyr/libzephyr.a(log_core.c.obj)
 .text.log_process_thread_timer_expiry_fn
                0x0000000000010918        0xc zephyr/libzephyr.a(log_core.c.obj)
 .text.z_log_init
                0x0000000000010924       0x90 zephyr/libzephyr.a(log_core.c.obj)
 .text.log_format_func_t_get
                0x00000000000109b4        0xc zephyr/libzephyr.a(log_core.c.obj)
                0x00000000000109b4                log_format_func_t_get
 .text.log_set_timestamp_func
                0x00000000000109c0       0x20 zephyr/libzephyr.a(log_core.c.obj)
                0x00000000000109c0                log_set_timestamp_func
 .text.z_log_notify_backend_enabled
                0x00000000000109e0       0x1c zephyr/libzephyr.a(log_core.c.obj)
                0x00000000000109e0                z_log_notify_backend_enabled
 .text.z_log_dropped
                0x00000000000109fc       0x28 zephyr/libzephyr.a(log_core.c.obj)
                0x00000000000109fc                z_log_dropped
 .text.z_log_dropped_read_and_clear
                0x0000000000010a24       0x18 zephyr/libzephyr.a(log_core.c.obj)
                0x0000000000010a24                z_log_dropped_read_and_clear
 .text.dropped_notify
                0x0000000000010a3c       0x30 zephyr/libzephyr.a(log_core.c.obj)
                0x0000000000010a3c                dropped_notify
 .text.z_log_msg_init
                0x0000000000010a6c       0x20 zephyr/libzephyr.a(log_core.c.obj)
                0x0000000000010a6c                z_log_msg_init
 .text.log_core_init
                0x0000000000010a8c       0x34 zephyr/libzephyr.a(log_core.c.obj)
                0x0000000000010a8c                log_core_init
 .text.z_log_msg_alloc
                0x0000000000010ac0       0x10 zephyr/libzephyr.a(log_core.c.obj)
                0x0000000000010ac0                z_log_msg_alloc
 .text.z_log_msg_local_claim
                0x0000000000010ad0        0xc zephyr/libzephyr.a(log_core.c.obj)
                0x0000000000010ad0                z_log_msg_local_claim
 .text.z_log_msg_free
                0x0000000000010adc       0x10 zephyr/libzephyr.a(log_core.c.obj)
                0x0000000000010adc                z_log_msg_free
 .text.z_log_msg_pending
                0x0000000000010aec        0xc zephyr/libzephyr.a(log_core.c.obj)
                0x0000000000010aec                z_log_msg_pending
 .text.z_impl_log_process
                0x0000000000010af8       0xb4 zephyr/libzephyr.a(log_core.c.obj)
                0x0000000000010af8                z_impl_log_process
 .text.z_impl_log_panic
                0x0000000000010bac       0x44 zephyr/libzephyr.a(log_core.c.obj)
                0x0000000000010bac                z_impl_log_panic
 .text.log_process_thread_func
                0x0000000000010bf0       0xa4 zephyr/libzephyr.a(log_core.c.obj)
 .text.z_log_msg_post_finalize
                0x0000000000010c94       0x78 zephyr/libzephyr.a(log_core.c.obj)
 .text.z_log_msg_commit
                0x0000000000010d0c       0x24 zephyr/libzephyr.a(log_core.c.obj)
                0x0000000000010d0c                z_log_msg_commit
 .text.log_source_name_get
                0x0000000000010d30       0x1c zephyr/libzephyr.a(log_mgmt.c.obj)
                0x0000000000010d30                log_source_name_get
 .text.log_backend_enable
                0x0000000000010d4c       0x28 zephyr/libzephyr.a(log_mgmt.c.obj)
                0x0000000000010d4c                log_backend_enable
 .text.z_impl_z_log_msg_static_create
                0x0000000000010d74      0x108 zephyr/libzephyr.a(log_msg.c.obj)
                0x0000000000010d74                z_impl_z_log_msg_static_create
 .text.z_log_msg_runtime_vcreate
                0x0000000000010e7c       0x8c zephyr/libzephyr.a(log_msg.c.obj)
                0x0000000000010e7c                z_log_msg_runtime_vcreate
 .text.print_formatted
                0x0000000000010f08       0x24 zephyr/libzephyr.a(log_output.c.obj)
 .text.newline_print
                0x0000000000010f2c       0x1c zephyr/libzephyr.a(log_output.c.obj)
 .text.log_output_process
                0x0000000000010f48      0x2d4 zephyr/libzephyr.a(log_output.c.obj)
                0x0000000000010f48                log_output_process
 .text.log_output_msg_process
                0x000000000001121c       0x70 zephyr/libzephyr.a(log_output.c.obj)
                0x000000000001121c                log_output_msg_process
 .text.log_output_dropped_process
                0x000000000001128c       0x58 zephyr/libzephyr.a(log_output.c.obj)
                0x000000000001128c                log_output_dropped_process
 .text.log_output_timestamp_freq_set
                0x00000000000112e4       0x2c zephyr/libzephyr.a(log_output.c.obj)
                0x00000000000112e4                log_output_timestamp_freq_set
 .text.char_out
                0x0000000000011310       0x24 zephyr/libzephyr.a(log_backend_uart.c.obj)
 .text.mem_attr_get_regions
                0x0000000000011334        0xc zephyr/libzephyr.a(mem_attr.c.obj)
                0x0000000000011334                mem_attr_get_regions
 .text.z_arm_fatal_error
                0x0000000000011340       0xa0 zephyr/arch/arch/arm/core/libarch__arm__core.a(fatal.c.obj)
                0x0000000000011340                z_arm_fatal_error
 .text.z_SysNmiOnReset
                0x00000000000113e0        0x8 zephyr/arch/arch/arm/core/libarch__arm__core.a(nmi_on_reset.S.obj)
                0x00000000000113e0                z_SysNmiOnReset
 .text.arch_tls_stack_setup
                0x00000000000113e8       0x40 zephyr/arch/arch/arm/core/libarch__arm__core.a(tls.c.obj)
                0x00000000000113e8                arch_tls_stack_setup
 .text._HandlerModeExit
                0x0000000000011428       0x1c zephyr/arch/arch/arm/core/cortex_m/libarch__arm__core__cortex_m.a(exc_exit.S.obj)
                0x0000000000011428                z_arm_exc_exit
                0x0000000000011428                z_arm_int_exit
 .text.mem_manage_fault.constprop.0
                0x0000000000011444       0xd0 zephyr/arch/arch/arm/core/cortex_m/libarch__arm__core__cortex_m.a(fault.c.obj)
 .text.usage_fault.constprop.0
                0x0000000000011514       0xbc zephyr/arch/arch/arm/core/cortex_m/libarch__arm__core__cortex_m.a(fault.c.obj)
 .text.bus_fault.constprop.0
                0x00000000000115d0       0xd0 zephyr/arch/arch/arm/core/cortex_m/libarch__arm__core__cortex_m.a(fault.c.obj)
 .text.z_arm_fault
                0x00000000000116a0      0x1d0 zephyr/arch/arch/arm/core/cortex_m/libarch__arm__core__cortex_m.a(fault.c.obj)
                0x00000000000116a0                z_arm_fault
 .text.z_arm_fault_init
                0x0000000000011870       0x18 zephyr/arch/arch/arm/core/cortex_m/libarch__arm__core__cortex_m.a(fault.c.obj)
                0x0000000000011870                z_arm_fault_init
 .text.__fault  0x0000000000011888       0x14 zephyr/arch/arch/arm/core/cortex_m/libarch__arm__core__cortex_m.a(fault_s.S.obj)
                0x0000000000011888                z_arm_bus_fault
                0x0000000000011888                z_arm_usage_fault
                0x0000000000011888                z_arm_mpu_fault
                0x0000000000011888                z_arm_exc_spurious
                0x0000000000011888                z_arm_debug_monitor
                0x0000000000011888                z_arm_hard_fault
 .text._reset_section
                0x000000000001189c       0x30 zephyr/arch/arch/arm/core/cortex_m/libarch__arm__core__cortex_m.a(reset.S.obj)
                0x000000000001189c                z_arm_reset
                0x000000000001189c                __start
 .text.z_impl_k_thread_abort
                0x00000000000118cc       0x2c zephyr/arch/arch/arm/core/cortex_m/libarch__arm__core__cortex_m.a(thread_abort.c.obj)
                0x00000000000118cc                z_impl_k_thread_abort
 .text.arch_swap
                0x00000000000118f8       0x30 zephyr/arch/arch/arm/core/cortex_m/libarch__arm__core__cortex_m.a(swap.c.obj)
                0x00000000000118f8                arch_swap
 .text.z_arm_pendsv
                0x0000000000011928       0x68 zephyr/arch/arch/arm/core/cortex_m/libarch__arm__core__cortex_m.a(swap_helper.S.obj)
                0x0000000000011928                z_arm_pendsv
 .text.z_arm_svc
                0x0000000000011990       0x20 zephyr/arch/arch/arm/core/cortex_m/libarch__arm__core__cortex_m.a(swap_helper.S.obj)
                0x0000000000011990                z_arm_svc
 .text.arch_irq_enable
                0x00000000000119b0       0x1c zephyr/arch/arch/arm/core/cortex_m/libarch__arm__core__cortex_m.a(irq_manage.c.obj)
                0x00000000000119b0                arch_irq_enable
 .text.arch_irq_disable
                0x00000000000119cc       0x28 zephyr/arch/arch/arm/core/cortex_m/libarch__arm__core__cortex_m.a(irq_manage.c.obj)
                0x00000000000119cc                arch_irq_disable
 .text.arch_irq_is_enabled
                0x00000000000119f4       0x1c zephyr/arch/arch/arm/core/cortex_m/libarch__arm__core__cortex_m.a(irq_manage.c.obj)
                0x00000000000119f4                arch_irq_is_enabled
 .text.z_arm_irq_priority_set
                0x0000000000011a10       0x2c zephyr/arch/arch/arm/core/cortex_m/libarch__arm__core__cortex_m.a(irq_manage.c.obj)
                0x0000000000011a10                z_arm_irq_priority_set
 .text.z_prep_c
                0x0000000000011a3c       0x48 zephyr/arch/arch/arm/core/cortex_m/libarch__arm__core__cortex_m.a(prep_c.c.obj)
                0x0000000000011a3c                z_prep_c
 .text.arch_new_thread
                0x0000000000011a84       0x38 zephyr/arch/arch/arm/core/cortex_m/libarch__arm__core__cortex_m.a(thread.c.obj)
                0x0000000000011a84                arch_new_thread
 .text.arch_switch_to_main_thread
                0x0000000000011abc       0x34 zephyr/arch/arch/arm/core/cortex_m/libarch__arm__core__cortex_m.a(thread.c.obj)
                0x0000000000011abc                arch_switch_to_main_thread
 .text.z_arm_cpu_idle_init
                0x0000000000011af0        0xc zephyr/arch/arch/arm/core/cortex_m/libarch__arm__core__cortex_m.a(cpu_idle.S.obj)
                0x0000000000011af0                z_arm_cpu_idle_init
 .text.arch_cpu_idle
                0x0000000000011afc       0x38 zephyr/arch/arch/arm/core/cortex_m/libarch__arm__core__cortex_m.a(cpu_idle.S.obj)
                0x0000000000011afc                arch_cpu_idle
 .text.arch_cpu_atomic_idle
                0x0000000000011b34       0x34 zephyr/arch/arch/arm/core/cortex_m/libarch__arm__core__cortex_m.a(cpu_idle.S.obj)
                0x0000000000011b34                arch_cpu_atomic_idle
 .text.z_arm_interrupt_init
                0x0000000000011b68       0x18 zephyr/arch/arch/arm/core/cortex_m/libarch__arm__core__cortex_m.a(irq_init.c.obj)
                0x0000000000011b68                z_arm_interrupt_init
 .text._isr_wrapper
                0x0000000000011b80       0x28 zephyr/arch/arch/arm/core/cortex_m/libarch__arm__core__cortex_m.a(isr_wrapper.S.obj)
                0x0000000000011b80                _isr_wrapper
 .text.z_arm_configure_static_mpu_regions
                0x0000000000011ba8       0x38 zephyr/arch/arch/arm/core/mpu/libarch__arm__core__mpu.a(arm_core_mpu.c.obj)
                0x0000000000011ba8                z_arm_configure_static_mpu_regions
 .text.region_init
                0x0000000000011be0       0x34 zephyr/arch/arch/arm/core/mpu/libarch__arm__core__mpu.a(arm_mpu.c.obj)
 .text.region_allocate_and_init
                0x0000000000011c14       0x38 zephyr/arch/arch/arm/core/mpu/libarch__arm__core__mpu.a(arm_mpu.c.obj)
 .text.mpu_configure_regions_and_partition.constprop.0
                0x0000000000011c4c      0x164 zephyr/arch/arch/arm/core/mpu/libarch__arm__core__mpu.a(arm_mpu.c.obj)
 .text.arm_core_mpu_enable
                0x0000000000011db0       0x18 zephyr/arch/arch/arm/core/mpu/libarch__arm__core__mpu.a(arm_mpu.c.obj)
                0x0000000000011db0                arm_core_mpu_enable
 .text.arm_core_mpu_disable
                0x0000000000011dc8       0x14 zephyr/arch/arch/arm/core/mpu/libarch__arm__core__mpu.a(arm_mpu.c.obj)
                0x0000000000011dc8                arm_core_mpu_disable
 .text.arm_core_mpu_configure_static_mpu_regions
                0x0000000000011ddc       0x14 zephyr/arch/arch/arm/core/mpu/libarch__arm__core__mpu.a(arm_mpu.c.obj)
                0x0000000000011ddc                arm_core_mpu_configure_static_mpu_regions
 .text.arm_core_mpu_mark_areas_for_dynamic_regions
                0x0000000000011df0       0xb8 zephyr/arch/arch/arm/core/mpu/libarch__arm__core__mpu.a(arm_mpu.c.obj)
                0x0000000000011df0                arm_core_mpu_mark_areas_for_dynamic_regions
 .text.z_arm_mpu_init
                0x0000000000011ea8      0x130 zephyr/arch/arch/arm/core/mpu/libarch__arm__core__mpu.a(arm_mpu.c.obj)
                0x0000000000011ea8                z_arm_mpu_init
 .text.z_impl_zephyr_fputc
                0x0000000000011fd8       0x10 zephyr/lib/libc/picolibc/liblib__libc__picolibc.a(libc-hooks.c.obj)
                0x0000000000011fd8                z_impl_zephyr_fputc
 .text.__stdout_hook_install
                0x0000000000011fe8       0x18 zephyr/lib/libc/picolibc/liblib__libc__picolibc.a(libc-hooks.c.obj)
                0x0000000000011fe8                __stdout_hook_install
 .text.cbvprintf
                0x0000000000012000       0x38 zephyr/lib/libc/picolibc/liblib__libc__picolibc.a(libc-hooks.c.obj)
                0x0000000000012000                cbvprintf
 .text.malloc_prepare
                0x0000000000012038       0x24 zephyr/lib/libc/common/liblib__libc__common.a(malloc.c.obj)
 .text.malloc_lock
                0x000000000001205c       0x14 zephyr/lib/libc/common/liblib__libc__common.a(malloc.c.obj)
 .text.malloc_unlock
                0x0000000000012070        0xc zephyr/lib/libc/common/liblib__libc__common.a(malloc.c.obj)
 .text.malloc   0x000000000001207c       0x34 zephyr/lib/libc/common/liblib__libc__common.a(malloc.c.obj)
                0x000000000001207c                malloc
 .text.free     0x00000000000120b0       0x1c zephyr/lib/libc/common/liblib__libc__common.a(malloc.c.obj)
                0x00000000000120b0                free
 .text.rtc_pretick_init
                0x00000000000120cc       0x60 zephyr/soc/soc/nrf5340/libsoc__nordic.a(soc.c.obj)
 .text.nrf_gpio_pin_control_select.constprop.0
                0x000000000001212c       0x1c zephyr/soc/soc/nrf5340/libsoc__nordic.a(soc.c.obj)
 .text.nordicsemi_nrf53_init
                0x0000000000012148       0x38 zephyr/soc/soc/nrf5340/libsoc__nordic.a(soc.c.obj)
 .text.z_arm_on_enter_cpu_idle
                0x0000000000012180       0x64 zephyr/soc/soc/nrf5340/libsoc__nordic.a(soc.c.obj)
                0x0000000000012180                z_arm_on_enter_cpu_idle
 .text.arch_busy_wait
                0x00000000000121e4       0x24 zephyr/soc/soc/nrf5340/libsoc__nordic.a(soc.c.obj)
                0x00000000000121e4                arch_busy_wait
 .text.rtc_cb   0x0000000000012208       0x40 zephyr/soc/soc/nrf5340/libsoc__nordic.a(sync_rtc.c.obj)
 .text.sync_rtc_setup
                0x0000000000012248       0xbc zephyr/soc/soc/nrf5340/libsoc__nordic.a(sync_rtc.c.obj)
 .text.mbox_callback
                0x0000000000012304       0x80 zephyr/soc/soc/nrf5340/libsoc__nordic.a(sync_rtc.c.obj)
 .text.z_arm_platform_init
                0x0000000000012384        0x4 zephyr/soc/soc/nrf5340/libsoc__nordic.a(soc_nrf_common.S.obj)
                0x0000000000012384                z_arm_platform_init
 .text.onoff_stop
                0x0000000000012388       0x30 zephyr/drivers/clock_control/libdrivers__clock_control.a(clock_control_nrf.c.obj)
 .text.onoff_start
                0x00000000000123b8       0x44 zephyr/drivers/clock_control/libdrivers__clock_control.a(clock_control_nrf.c.obj)
 .text.clk_init
                0x00000000000123fc       0x64 zephyr/drivers/clock_control/libdrivers__clock_control.a(clock_control_nrf.c.obj)
 .text.clkstarted_handle.constprop.0
                0x0000000000012460       0x34 zephyr/drivers/clock_control/libdrivers__clock_control.a(clock_control_nrf.c.obj)
 .text.clock_event_handler
                0x0000000000012494       0x30 zephyr/drivers/clock_control/libdrivers__clock_control.a(clock_control_nrf.c.obj)
 .text.generic_hfclk_start
                0x00000000000124c4       0x64 zephyr/drivers/clock_control/libdrivers__clock_control.a(clock_control_nrf.c.obj)
 .text.api_blocking_start
                0x0000000000012528       0x34 zephyr/drivers/clock_control/libdrivers__clock_control.a(clock_control_nrf.c.obj)
 .text.generic_hfclk_stop
                0x000000000001255c       0x34 zephyr/drivers/clock_control/libdrivers__clock_control.a(clock_control_nrf.c.obj)
 .text.z_nrf_clock_control_lf_on
                0x0000000000012590       0xfc zephyr/drivers/clock_control/libdrivers__clock_control.a(clock_control_nrf.c.obj)
                0x0000000000012590                z_nrf_clock_control_lf_on
 .text.uart_console_init
                0x000000000001268c       0x28 zephyr/drivers/console/libdrivers__console.a(uart_console.c.obj)
 .text.console_out
                0x00000000000126b4       0x28 zephyr/drivers/console/libdrivers__console.a(uart_console.c.obj)
 .text.gpio_nrfx_pin_interrupt_configure
                0x00000000000126dc      0x100 zephyr/drivers/gpio/libdrivers__gpio.a(gpio_nrfx.c.obj)
 .text.gpio_nrfx_init
                0x00000000000127dc       0x48 zephyr/drivers/gpio/libdrivers__gpio.a(gpio_nrfx.c.obj)
 .text.nrfx_gpio_handler
                0x0000000000012824       0x4c zephyr/drivers/gpio/libdrivers__gpio.a(gpio_nrfx.c.obj)
 .text.gpio_nrfx_pin_configure
                0x0000000000012870      0x18c zephyr/drivers/gpio/libdrivers__gpio.a(gpio_nrfx.c.obj)
 .text.mbox_nrf_init
                0x00000000000129fc       0x9c zephyr/drivers/mbox/libdrivers__mbox.a(mbox_nrfx_ipc.c.obj)
 .text.mbox_nrf_set_enabled
                0x0000000000012a98       0x94 zephyr/drivers/mbox/libdrivers__mbox.a(mbox_nrfx_ipc.c.obj)
 .text.mbox_nrf_send
                0x0000000000012b2c       0x44 zephyr/drivers/mbox/libdrivers__mbox.a(mbox_nrfx_ipc.c.obj)
 .text.mbox_dispatcher
                0x0000000000012b70       0x60 zephyr/drivers/mbox/libdrivers__mbox.a(mbox_nrfx_ipc.c.obj)
 .text.nrf_gpio_pin_port_decode
                0x0000000000012bd0       0x24 zephyr/drivers/pinctrl/libdrivers__pinctrl.a(pinctrl_nrf.c.obj)
 .text.pinctrl_configure_pins
                0x0000000000012bf4      0x1a8 zephyr/drivers/pinctrl/libdrivers__pinctrl.a(pinctrl_nrf.c.obj)
                0x0000000000012bf4                pinctrl_configure_pins
 .text.uarte_0_init
                0x0000000000012d9c      0x27c zephyr/drivers/serial/libdrivers__serial.a(uart_nrfx_uarte.c.obj)
 .text.uarte_nrfx_poll_out
                0x0000000000013018       0xcc zephyr/drivers/serial/libdrivers__serial.a(uart_nrfx_uarte.c.obj)
 .text.compare_int_lock
                0x00000000000130e4       0x40 zephyr/drivers/timer/libdrivers__timer.a(nrf_rtc_timer.c.obj)
 .text.sys_clock_timeout_handler
                0x0000000000013124       0x48 zephyr/drivers/timer/libdrivers__timer.a(nrf_rtc_timer.c.obj)
 .text.compare_int_unlock
                0x000000000001316c       0x4c zephyr/drivers/timer/libdrivers__timer.a(nrf_rtc_timer.c.obj)
 .text.z_nrf_rtc_timer_compare_evt_address_get
                0x00000000000131b8       0x10 zephyr/drivers/timer/libdrivers__timer.a(nrf_rtc_timer.c.obj)
                0x00000000000131b8                z_nrf_rtc_timer_compare_evt_address_get
 .text.z_nrf_rtc_timer_compare_read
                0x00000000000131c8       0x10 zephyr/drivers/timer/libdrivers__timer.a(nrf_rtc_timer.c.obj)
                0x00000000000131c8                z_nrf_rtc_timer_compare_read
 .text.z_nrf_rtc_timer_read
                0x00000000000131d8       0x44 zephyr/drivers/timer/libdrivers__timer.a(nrf_rtc_timer.c.obj)
                0x00000000000131d8                z_nrf_rtc_timer_read
 .text.compare_set
                0x000000000001321c      0x124 zephyr/drivers/timer/libdrivers__timer.a(nrf_rtc_timer.c.obj)
 .text.sys_clock_driver_init
                0x0000000000013340       0xa4 zephyr/drivers/timer/libdrivers__timer.a(nrf_rtc_timer.c.obj)
 .text.rtc_nrf_isr
                0x00000000000133e4      0x100 zephyr/drivers/timer/libdrivers__timer.a(nrf_rtc_timer.c.obj)
                0x00000000000133e4                rtc_nrf_isr
 .text.z_nrf_rtc_timer_chan_alloc
                0x00000000000134e4       0x3c zephyr/drivers/timer/libdrivers__timer.a(nrf_rtc_timer.c.obj)
                0x00000000000134e4                z_nrf_rtc_timer_chan_alloc
 .text.z_nrf_rtc_timer_chan_free
                0x0000000000013520       0x1c zephyr/drivers/timer/libdrivers__timer.a(nrf_rtc_timer.c.obj)
                0x0000000000013520                z_nrf_rtc_timer_chan_free
 .text.sys_clock_set_timeout
                0x000000000001353c       0x5c zephyr/drivers/timer/libdrivers__timer.a(nrf_rtc_timer.c.obj)
                0x000000000001353c                sys_clock_set_timeout
 .text.sys_clock_elapsed
                0x0000000000013598       0x14 zephyr/drivers/timer/libdrivers__timer.a(nrf_rtc_timer.c.obj)
                0x0000000000013598                sys_clock_elapsed
 .text.nrf53_errata_42
                0x00000000000135ac       0x24 modules/hal_nordic/nrfx/libmodules__hal_nordic__nrfx.a(system_nrf5340_application.c.obj)
 .text.SystemInit
                0x00000000000135d0      0x1c4 modules/hal_nordic/nrfx/libmodules__hal_nordic__nrfx.a(system_nrf5340_application.c.obj)
                0x00000000000135d0                SystemInit
 .text.nrfx_flag32_alloc
                0x0000000000013794       0x40 modules/hal_nordic/nrfx/libmodules__hal_nordic__nrfx.a(nrfx_flag32_allocator.c.obj)
                0x0000000000013794                nrfx_flag32_alloc
 .text.nrfx_flag32_free
                0x00000000000137d4       0x38 modules/hal_nordic/nrfx/libmodules__hal_nordic__nrfx.a(nrfx_flag32_allocator.c.obj)
                0x00000000000137d4                nrfx_flag32_free
 .text.nrfx_gppi_channels_enable
                0x000000000001380c        0xc modules/hal_nordic/nrfx/libmodules__hal_nordic__nrfx.a(nrfx_gppi_dppi.c.obj)
                0x000000000001380c                nrfx_gppi_channels_enable
 .text.nrfx_gppi_channels_disable
                0x0000000000013818        0xc modules/hal_nordic/nrfx/libmodules__hal_nordic__nrfx.a(nrfx_gppi_dppi.c.obj)
                0x0000000000013818                nrfx_gppi_channels_disable
 .text.nrfx_clock_init
                0x0000000000013824       0x20 modules/hal_nordic/nrfx/libmodules__hal_nordic__nrfx.a(nrfx_clock.c.obj)
                0x0000000000013824                nrfx_clock_init
 .text.nrfx_clock_enable
                0x0000000000013844       0x30 modules/hal_nordic/nrfx/libmodules__hal_nordic__nrfx.a(nrfx_clock.c.obj)
                0x0000000000013844                nrfx_clock_enable
 .text.nrfx_clock_start
                0x0000000000013874       0xd0 modules/hal_nordic/nrfx/libmodules__hal_nordic__nrfx.a(nrfx_clock.c.obj)
                0x0000000000013874                nrfx_clock_start
 .text.nrfx_power_clock_irq_handler
                0x0000000000013944       0xb0 modules/hal_nordic/nrfx/libmodules__hal_nordic__nrfx.a(nrfx_clock.c.obj)
                0x0000000000013944                nrfx_power_clock_irq_handler
 .text.nrfx_dppi_channel_alloc
                0x00000000000139f4        0xc modules/hal_nordic/nrfx/libmodules__hal_nordic__nrfx.a(nrfx_dppi.c.obj)
                0x00000000000139f4                nrfx_dppi_channel_alloc
 .text.nrfx_dppi_channel_free
                0x0000000000013a00       0x1c modules/hal_nordic/nrfx/libmodules__hal_nordic__nrfx.a(nrfx_dppi.c.obj)
                0x0000000000013a00                nrfx_dppi_channel_free
 .text.nrf_gpio_pin_port_decode
                0x0000000000013a1c       0x24 modules/hal_nordic/nrfx/libmodules__hal_nordic__nrfx.a(nrfx_gpiote.c.obj)
 .text.get_pin_idx
                0x0000000000013a40       0x14 modules/hal_nordic/nrfx/libmodules__hal_nordic__nrfx.a(nrfx_gpiote.c.obj)
 .text.call_handler.constprop.0
                0x0000000000013a54       0x40 modules/hal_nordic/nrfx/libmodules__hal_nordic__nrfx.a(nrfx_gpiote.c.obj)
 .text.pin_te_get.constprop.0
                0x0000000000013a94       0x18 modules/hal_nordic/nrfx/libmodules__hal_nordic__nrfx.a(nrfx_gpiote.c.obj)
 .text.pin_is_output.constprop.0
                0x0000000000013aac       0x18 modules/hal_nordic/nrfx/libmodules__hal_nordic__nrfx.a(nrfx_gpiote.c.obj)
 .text.pin_in_use_by_te.constprop.0
                0x0000000000013ac4       0x18 modules/hal_nordic/nrfx/libmodules__hal_nordic__nrfx.a(nrfx_gpiote.c.obj)
 .text.latch_pending_read_and_check
                0x0000000000013adc       0x3c modules/hal_nordic/nrfx/libmodules__hal_nordic__nrfx.a(nrfx_gpiote.c.obj)
 .text.release_handler.isra.0
                0x0000000000013b18       0x58 modules/hal_nordic/nrfx/libmodules__hal_nordic__nrfx.a(nrfx_gpiote.c.obj)
 .text.__nrfy_internal_gpiote_events_process.constprop.0
                0x0000000000013b70       0x5c modules/hal_nordic/nrfx/libmodules__hal_nordic__nrfx.a(nrfx_gpiote.c.obj)
 .text.pin_uninit
                0x0000000000013bcc       0x84 modules/hal_nordic/nrfx/libmodules__hal_nordic__nrfx.a(nrfx_gpiote.c.obj)
 .text.nrfx_gpiote_input_configure
                0x0000000000013c50      0x178 modules/hal_nordic/nrfx/libmodules__hal_nordic__nrfx.a(nrfx_gpiote.c.obj)
                0x0000000000013c50                nrfx_gpiote_input_configure
 .text.nrfx_gpiote_output_configure
                0x0000000000013dc8      0x104 modules/hal_nordic/nrfx/libmodules__hal_nordic__nrfx.a(nrfx_gpiote.c.obj)
                0x0000000000013dc8                nrfx_gpiote_output_configure
 .text.nrfx_gpiote_global_callback_set
                0x0000000000013ecc        0xc modules/hal_nordic/nrfx/libmodules__hal_nordic__nrfx.a(nrfx_gpiote.c.obj)
                0x0000000000013ecc                nrfx_gpiote_global_callback_set
 .text.nrfx_gpiote_channel_get
                0x0000000000013ed8       0x34 modules/hal_nordic/nrfx/libmodules__hal_nordic__nrfx.a(nrfx_gpiote.c.obj)
                0x0000000000013ed8                nrfx_gpiote_channel_get
 .text.nrfx_gpiote_init
                0x0000000000013f0c       0x6c modules/hal_nordic/nrfx/libmodules__hal_nordic__nrfx.a(nrfx_gpiote.c.obj)
                0x0000000000013f0c                nrfx_gpiote_init
 .text.nrfx_gpiote_init_check
                0x0000000000013f78       0x14 modules/hal_nordic/nrfx/libmodules__hal_nordic__nrfx.a(nrfx_gpiote.c.obj)
                0x0000000000013f78                nrfx_gpiote_init_check
 .text.nrfx_gpiote_channel_free
                0x0000000000013f8c        0xc modules/hal_nordic/nrfx/libmodules__hal_nordic__nrfx.a(nrfx_gpiote.c.obj)
                0x0000000000013f8c                nrfx_gpiote_channel_free
 .text.nrfx_gpiote_channel_alloc
                0x0000000000013f98        0xc modules/hal_nordic/nrfx/libmodules__hal_nordic__nrfx.a(nrfx_gpiote.c.obj)
                0x0000000000013f98                nrfx_gpiote_channel_alloc
 .text.nrfx_gpiote_trigger_enable
                0x0000000000013fa4       0x98 modules/hal_nordic/nrfx/libmodules__hal_nordic__nrfx.a(nrfx_gpiote.c.obj)
                0x0000000000013fa4                nrfx_gpiote_trigger_enable
 .text.nrfx_gpiote_0_irq_handler
                0x000000000001403c      0x1b8 modules/hal_nordic/nrfx/libmodules__hal_nordic__nrfx.a(nrfx_gpiote.c.obj)
                0x000000000001403c                nrfx_gpiote_0_irq_handler
 .text.nrfx_ipc_init
                0x00000000000141f4       0x30 modules/hal_nordic/nrfx/libmodules__hal_nordic__nrfx.a(nrfx_ipc.c.obj)
                0x00000000000141f4                nrfx_ipc_init
 .text.nrfx_ipc_config_load
                0x0000000000014224       0x40 modules/hal_nordic/nrfx/libmodules__hal_nordic__nrfx.a(nrfx_ipc.c.obj)
                0x0000000000014224                nrfx_ipc_config_load
 .text.nrfx_ipc_receive_event_enable
                0x0000000000014264       0x10 modules/hal_nordic/nrfx/libmodules__hal_nordic__nrfx.a(nrfx_ipc.c.obj)
                0x0000000000014264                nrfx_ipc_receive_event_enable
 .text.nrfx_ipc_receive_event_disable
                0x0000000000014274       0x10 modules/hal_nordic/nrfx/libmodules__hal_nordic__nrfx.a(nrfx_ipc.c.obj)
                0x0000000000014274                nrfx_ipc_receive_event_disable
 .text.nrfx_ipc_irq_handler
                0x0000000000014284       0x40 modules/hal_nordic/nrfx/libmodules__hal_nordic__nrfx.a(nrfx_ipc.c.obj)
                0x0000000000014284                nrfx_ipc_irq_handler
 .text.k_sys_fatal_error_handler
                0x00000000000142c4       0x20 zephyr/kernel/libkernel.a(fatal.c.obj)
                0x00000000000142c4                k_sys_fatal_error_handler
 .text.z_fatal_error
                0x00000000000142e4       0xec zephyr/kernel/libkernel.a(fatal.c.obj)
                0x00000000000142e4                z_fatal_error
 .text.z_sys_init_run_level
                0x00000000000143d0       0x48 zephyr/kernel/libkernel.a(init.c.obj)
 .text.bg_thread_main
                0x0000000000014418       0xc0 zephyr/kernel/libkernel.a(init.c.obj)
 .text.z_bss_zero
                0x00000000000144d8       0x18 zephyr/kernel/libkernel.a(init.c.obj)
                0x00000000000144d8                z_bss_zero
 .text.z_init_cpu
                0x00000000000144f0       0x7c zephyr/kernel/libkernel.a(init.c.obj)
                0x00000000000144f0                z_init_cpu
 .text.z_cstart
                0x000000000001456c       0xe0 zephyr/kernel/libkernel.a(init.c.obj)
                0x000000000001456c                z_cstart
 .text.z_setup_new_thread
                0x000000000001464c       0x7c zephyr/kernel/libkernel.a(thread.c.obj)
                0x000000000001464c                z_setup_new_thread
 .text.z_impl_k_thread_create
                0x00000000000146c8       0x58 zephyr/kernel/libkernel.a(thread.c.obj)
                0x00000000000146c8                z_impl_k_thread_create
 .text.sliceable
                0x0000000000014720       0x3c zephyr/kernel/libkernel.a(sched.c.obj)
 .text.slice_timeout
                0x000000000001475c       0x20 zephyr/kernel/libkernel.a(sched.c.obj)
 .text.z_reset_time_slice
                0x000000000001477c       0x50 zephyr/kernel/libkernel.a(sched.c.obj)
                0x000000000001477c                z_reset_time_slice
 .text.update_cache
                0x00000000000147cc       0x40 zephyr/kernel/libkernel.a(sched.c.obj)
 .text.move_thread_to_end_of_prio_q
                0x000000000001480c       0x7c zephyr/kernel/libkernel.a(sched.c.obj)
 .text.ready_thread
                0x0000000000014888       0x68 zephyr/kernel/libkernel.a(sched.c.obj)
 .text.z_thread_halt
                0x00000000000148f0       0xa8 zephyr/kernel/libkernel.a(sched.c.obj)
 .text.unready_thread
                0x0000000000014998       0x38 zephyr/kernel/libkernel.a(sched.c.obj)
 .text.z_time_slice
                0x00000000000149d0       0x60 zephyr/kernel/libkernel.a(sched.c.obj)
                0x00000000000149d0                z_time_slice
 .text.z_pend_curr
                0x0000000000014a30       0x5c zephyr/kernel/libkernel.a(sched.c.obj)
                0x0000000000014a30                z_pend_curr
 .text.z_thread_prio_set
                0x0000000000014a8c       0x94 zephyr/kernel/libkernel.a(sched.c.obj)
                0x0000000000014a8c                z_thread_prio_set
 .text.z_reschedule
                0x0000000000014b20       0x24 zephyr/kernel/libkernel.a(sched.c.obj)
                0x0000000000014b20                z_reschedule
 .text.z_sched_start
                0x0000000000014b44       0x3c zephyr/kernel/libkernel.a(sched.c.obj)
                0x0000000000014b44                z_sched_start
 .text.z_reschedule_irqlock
                0x0000000000014b80       0x28 zephyr/kernel/libkernel.a(sched.c.obj)
                0x0000000000014b80                z_reschedule_irqlock
 .text.k_sched_lock
                0x0000000000014ba8       0x28 zephyr/kernel/libkernel.a(sched.c.obj)
                0x0000000000014ba8                k_sched_lock
 .text.k_sched_unlock
                0x0000000000014bd0       0x38 zephyr/kernel/libkernel.a(sched.c.obj)
                0x0000000000014bd0                k_sched_unlock
 .text.z_sched_init
                0x0000000000014c08       0x10 zephyr/kernel/libkernel.a(sched.c.obj)
                0x0000000000014c08                z_sched_init
 .text.z_impl_k_yield
                0x0000000000014c18       0x80 zephyr/kernel/libkernel.a(sched.c.obj)
                0x0000000000014c18                z_impl_k_yield
 .text.z_tick_sleep
                0x0000000000014c98       0x88 zephyr/kernel/libkernel.a(sched.c.obj)
 .text.z_impl_k_sleep
                0x0000000000014d20       0x3c zephyr/kernel/libkernel.a(sched.c.obj)
                0x0000000000014d20                z_impl_k_sleep
 .text.z_impl_k_sched_current_thread_query
                0x0000000000014d5c        0xc zephyr/kernel/libkernel.a(sched.c.obj)
                0x0000000000014d5c                z_impl_k_sched_current_thread_query
 .text.z_impl_k_mutex_unlock
                0x0000000000014d68       0x78 zephyr/kernel/libkernel.a(mutex.c.obj)
                0x0000000000014d68                z_impl_k_mutex_unlock
 .text.z_impl_k_mutex_lock
                0x0000000000014de0       0xf4 zephyr/kernel/libkernel.a(mutex.c.obj)
                0x0000000000014de0                z_impl_k_mutex_lock
 .text.z_impl_k_sem_give
                0x0000000000014ed4       0x48 zephyr/kernel/libkernel.a(sem.c.obj)
                0x0000000000014ed4                z_impl_k_sem_give
 .text.z_impl_k_sem_take
                0x0000000000014f1c       0x50 zephyr/kernel/libkernel.a(sem.c.obj)
                0x0000000000014f1c                z_impl_k_sem_take
 .text.z_data_copy
                0x0000000000014f6c       0x34 zephyr/kernel/libkernel.a(xip.c.obj)
                0x0000000000014f6c                z_data_copy
 .text.elapsed  0x0000000000014fa0       0x14 zephyr/kernel/libkernel.a(timeout.c.obj)
 .text.remove_timeout
                0x0000000000014fb4       0x38 zephyr/kernel/libkernel.a(timeout.c.obj)
 .text.next_timeout
                0x0000000000014fec       0x40 zephyr/kernel/libkernel.a(timeout.c.obj)
 .text.z_add_timeout
                0x000000000001502c       0xec zephyr/kernel/libkernel.a(timeout.c.obj)
                0x000000000001502c                z_add_timeout
 .text.sys_clock_announce
                0x0000000000015118       0xd4 zephyr/kernel/libkernel.a(timeout.c.obj)
                0x0000000000015118                sys_clock_announce
 .text.sys_clock_tick_get
                0x00000000000151ec       0x34 zephyr/kernel/libkernel.a(timeout.c.obj)
                0x00000000000151ec                sys_clock_tick_get
 .text.z_timer_expiration_handler
                0x0000000000015220       0xe4 zephyr/kernel/libkernel.a(timer.c.obj)
                0x0000000000015220                z_timer_expiration_handler
 .text.z_impl_k_timer_start
                0x0000000000015304       0x74 zephyr/kernel/libkernel.a(timer.c.obj)
                0x0000000000015304                z_impl_k_timer_start
 .text.boot_banner
                0x0000000000015378        0xc zephyr/kernel/libkernel.a(banner.c.obj)
                0x0000000000015378                boot_banner
 .text.printf   0x0000000000015384       0x24 /home/tao/zephyr-sdk-0.16.5-1/arm-zephyr-eabi/bin/../lib/gcc/../../picolibc/arm-zephyr-eabi/lib/thumb/v8-m.main/nofp/libc.a(libc_tinystdio_printf.c.o)
                0x0000000000015384                printf
 .text.puts     0x00000000000153a8       0x40 /home/tao/zephyr-sdk-0.16.5-1/arm-zephyr-eabi/bin/../lib/gcc/../../picolibc/arm-zephyr-eabi/lib/thumb/v8-m.main/nofp/libc.a(libc_tinystdio_puts.c.o)
                0x00000000000153a8                puts
 .text.snprintf
                0x00000000000153e8       0x58 /home/tao/zephyr-sdk-0.16.5-1/arm-zephyr-eabi/bin/../lib/gcc/../../picolibc/arm-zephyr-eabi/lib/thumb/v8-m.main/nofp/libc.a(libc_tinystdio_snprintf.c.o)
                0x00000000000153e8                snprintf
 .text.strtol   0x0000000000015440       0xec /home/tao/zephyr-sdk-0.16.5-1/arm-zephyr-eabi/bin/../lib/gcc/../../picolibc/arm-zephyr-eabi/lib/thumb/v8-m.main/nofp/libc.a(libc_tinystdio_strtol.c.o)
                0x0000000000015440                strtol
 .text.strtoul  0x000000000001552c       0xcc /home/tao/zephyr-sdk-0.16.5-1/arm-zephyr-eabi/bin/../lib/gcc/../../picolibc/arm-zephyr-eabi/lib/thumb/v8-m.main/nofp/libc.a(libc_tinystdio_strtoul.c.o)
                0x000000000001552c                strtoul
 .text.__l_vfprintf
                0x00000000000155f8      0x4b4 /home/tao/zephyr-sdk-0.16.5-1/arm-zephyr-eabi/bin/../lib/gcc/../../picolibc/arm-zephyr-eabi/lib/thumb/v8-m.main/nofp/libc.a(libc_tinystdio_vflprintf.c.o)
                0x00000000000155f8                __l_vfprintf
 .text.vprintf  0x0000000000015aac       0x10 /home/tao/zephyr-sdk-0.16.5-1/arm-zephyr-eabi/bin/../lib/gcc/../../picolibc/arm-zephyr-eabi/lib/thumb/v8-m.main/nofp/libc.a(libc_tinystdio_vprintf.c.o)
                0x0000000000015aac                vprintf
 .text.vsnprintf
                0x0000000000015abc       0x50 /home/tao/zephyr-sdk-0.16.5-1/arm-zephyr-eabi/bin/../lib/gcc/../../picolibc/arm-zephyr-eabi/lib/thumb/v8-m.main/nofp/libc.a(libc_tinystdio_vsnprintf.c.o)
                0x0000000000015abc                vsnprintf
 .text.ceil     0x0000000000015b0c       0xb0 /home/tao/zephyr-sdk-0.16.5-1/arm-zephyr-eabi/bin/../lib/gcc/../../picolibc/arm-zephyr-eabi/lib/thumb/v8-m.main/nofp/libc.a(libm_machine_arm_s_ceil.c.o)
                0x0000000000015b0c                ceil
                0x0000000000015b0c                ceill
 .text.ceilf    0x0000000000015bbc       0x60 /home/tao/zephyr-sdk-0.16.5-1/arm-zephyr-eabi/bin/../lib/gcc/../../picolibc/arm-zephyr-eabi/lib/thumb/v8-m.main/nofp/libc.a(libm_machine_arm_sf_ceil.c.o)
                0x0000000000015bbc                ceilf
 .text.floorf   0x0000000000015c1c       0x60 /home/tao/zephyr-sdk-0.16.5-1/arm-zephyr-eabi/bin/../lib/gcc/../../picolibc/arm-zephyr-eabi/lib/thumb/v8-m.main/nofp/libc.a(libm_machine_arm_sf_floor.c.o)
                0x0000000000015c1c                floorf
 .text.floor    0x0000000000015c7c       0xa8 /home/tao/zephyr-sdk-0.16.5-1/arm-zephyr-eabi/bin/../lib/gcc/../../picolibc/arm-zephyr-eabi/lib/thumb/v8-m.main/nofp/libc.a(libm_machine_arm_s_floor.c.o)
                0x0000000000015c7c                floor
                0x0000000000015c7c                floorl
 .text.rintf    0x0000000000015d24       0x9c /home/tao/zephyr-sdk-0.16.5-1/arm-zephyr-eabi/bin/../lib/gcc/../../picolibc/arm-zephyr-eabi/lib/thumb/v8-m.main/nofp/libc.a(libm_machine_arm_sf_rint.c.o)
                0x0000000000015d24                rintf
 .text.sqrt     0x0000000000015dc0      0x174 /home/tao/zephyr-sdk-0.16.5-1/arm-zephyr-eabi/bin/../lib/gcc/../../picolibc/arm-zephyr-eabi/lib/thumb/v8-m.main/nofp/libc.a(libm_machine_arm_s_sqrt.c.o)
                0x0000000000015dc0                sqrt
                0x0000000000015dc0                sqrtl
 .text.truncf   0x0000000000015f34       0x34 /home/tao/zephyr-sdk-0.16.5-1/arm-zephyr-eabi/bin/../lib/gcc/../../picolibc/arm-zephyr-eabi/lib/thumb/v8-m.main/nofp/libc.a(libm_machine_arm_sf_trunc.c.o)
                0x0000000000015f34                truncf
 .text.rint     0x0000000000015f68      0x118 /home/tao/zephyr-sdk-0.16.5-1/arm-zephyr-eabi/bin/../lib/gcc/../../picolibc/arm-zephyr-eabi/lib/thumb/v8-m.main/nofp/libc.a(libm_machine_arm_s_rint.c.o)
                0x0000000000015f68                rintl
                0x0000000000015f68                rint
 .text.trunc    0x0000000000016080       0x60 /home/tao/zephyr-sdk-0.16.5-1/arm-zephyr-eabi/bin/../lib/gcc/../../picolibc/arm-zephyr-eabi/lib/thumb/v8-m.main/nofp/libc.a(libm_machine_arm_s_trunc.c.o)
                0x0000000000016080                truncl
                0x0000000000016080                trunc
 .text.__fpclassifyd
                0x00000000000160e0       0x48 /home/tao/zephyr-sdk-0.16.5-1/arm-zephyr-eabi/bin/../lib/gcc/../../picolibc/arm-zephyr-eabi/lib/thumb/v8-m.main/nofp/libc.a(libm_common_s_fpclassify.c.o)
                0x00000000000160e0                __fpclassifyl
                0x00000000000160e0                __fpclassifyd
 .text.__math_invalid
                0x0000000000016128       0x10 /home/tao/zephyr-sdk-0.16.5-1/arm-zephyr-eabi/bin/../lib/gcc/../../picolibc/arm-zephyr-eabi/lib/thumb/v8-m.main/nofp/libc.a(libm_common_math_err_invalid.c.o)
                0x0000000000016128                __math_invalid
 .text.__fpclassifyf
                0x0000000000016138       0x34 /home/tao/zephyr-sdk-0.16.5-1/arm-zephyr-eabi/bin/../lib/gcc/../../picolibc/arm-zephyr-eabi/lib/thumb/v8-m.main/nofp/libc.a(libm_common_sf_fpclassify.c.o)
                0x0000000000016138                __fpclassifyf
 .text.__math_invalidf
                0x000000000001616c       0x10 /home/tao/zephyr-sdk-0.16.5-1/arm-zephyr-eabi/bin/../lib/gcc/../../picolibc/arm-zephyr-eabi/lib/thumb/v8-m.main/nofp/libc.a(libm_common_math_errf_invalidf.c.o)
                0x000000000001616c                __math_invalidf
 .text.__issignaling
                0x000000000001617c       0x1c /home/tao/zephyr-sdk-0.16.5-1/arm-zephyr-eabi/bin/../lib/gcc/../../picolibc/arm-zephyr-eabi/lib/thumb/v8-m.main/nofp/libc.a(libm_common_s_issignaling.c.o)
                0x000000000001617c                __issignalingl
                0x000000000001617c                __issignaling
 .text._OffsetAbsSyms
                0x0000000000016198        0x2 zephyr/CMakeFiles/offsets.dir/./arch/arm/core/offsets/offsets.c.obj
                0x0000000000016198                _OffsetAbsSyms
 .text.bh_platform_destroy
                0x000000000001619a        0x4 app/libapp.a(zephyr_platform.c.obj)
                0x000000000001619a                bh_platform_destroy
 .text.os_malloc
                0x000000000001619e        0x4 app/libapp.a(zephyr_platform.c.obj)
                0x000000000001619e                os_malloc
 .text.os_free  0x00000000000161a2        0x4 app/libapp.a(zephyr_platform.c.obj)
                0x00000000000161a2                os_free
 .text.os_printf
                0x00000000000161a6       0x1a app/libapp.a(zephyr_platform.c.obj)
                0x00000000000161a6                os_printf
 .text.os_vprintf
                0x00000000000161c0        0x4 app/libapp.a(zephyr_platform.c.obj)
                0x00000000000161c0                os_vprintf
 .text.os_mremap
                0x00000000000161c4       0x3a app/libapp.a(zephyr_platform.c.obj)
                0x00000000000161c4                os_mremap
 .text.os_mprotect
                0x00000000000161fe        0x4 app/libapp.a(zephyr_platform.c.obj)
                0x00000000000161fe                os_mprotect
 .text.os_dcache_flush
                0x0000000000016202        0x2 app/libapp.a(zephyr_platform.c.obj)
                0x0000000000016202                os_dcache_flush
 .text.os_icache_flush
                0x0000000000016204        0x2 app/libapp.a(zephyr_platform.c.obj)
                0x0000000000016204                os_icache_flush
 .text.k_mutex_unlock
                0x0000000000016206        0x4 app/libapp.a(zephyr_thread.c.obj)
 .text.k_mutex_lock.constprop.0
                0x000000000001620a        0x4 app/libapp.a(zephyr_thread.c.obj)
 .text.k_mutex_init.isra.0
                0x000000000001620e        0x4 app/libapp.a(zephyr_thread.c.obj)
 .text.os_mutex_init
                0x0000000000016212        0xa app/libapp.a(zephyr_thread.c.obj)
                0x0000000000016212                os_mutex_init
 .text.os_mutex_destroy
                0x000000000001621c        0x4 app/libapp.a(zephyr_thread.c.obj)
                0x000000000001621c                os_mutex_destroy
 .text.os_mutex_lock
                0x0000000000016220        0xc app/libapp.a(zephyr_thread.c.obj)
                0x0000000000016220                os_mutex_lock
 .text.os_mutex_unlock
                0x000000000001622c        0x4 app/libapp.a(zephyr_thread.c.obj)
                0x000000000001622c                os_mutex_unlock
 .text.os_thread_jit_write_protect_np
                0x0000000000016230        0x2 app/libapp.a(zephyr_thread.c.obj)
                0x0000000000016230                os_thread_jit_write_protect_np
 .text.os_time_get_boot_us
                0x0000000000016232       0x24 app/libapp.a(zephyr_time.c.obj)
                0x0000000000016232                os_time_get_boot_us
 .text.remove_tree_node
                0x0000000000016256       0xd6 app/libapp.a(ems_alloc.c.obj)
 .text.alloc_hmu
                0x000000000001632c      0x162 app/libapp.a(ems_alloc.c.obj)
 .text.gc_destroy_with_pool
                0x000000000001648e       0x22 app/libapp.a(ems_kfc.c.obj)
                0x000000000001648e                gc_destroy_with_pool
 .text.gc_get_heap_struct_size
                0x00000000000164b0        0x4 app/libapp.a(ems_kfc.c.obj)
                0x00000000000164b0                gc_get_heap_struct_size
 .text.gc_is_heap_corrupted
                0x00000000000164b4        0x6 app/libapp.a(ems_kfc.c.obj)
                0x00000000000164b4                gc_is_heap_corrupted
 .text.mem_allocator_create
                0x00000000000164ba        0x4 app/libapp.a(mem_alloc.c.obj)
                0x00000000000164ba                mem_allocator_create
 .text.mem_allocator_create_with_struct_and_pool
                0x00000000000164be        0x4 app/libapp.a(mem_alloc.c.obj)
                0x00000000000164be                mem_allocator_create_with_struct_and_pool
 .text.mem_allocator_destroy
                0x00000000000164c2        0x4 app/libapp.a(mem_alloc.c.obj)
                0x00000000000164c2                mem_allocator_destroy
 .text.mem_allocator_get_heap_struct_size
                0x00000000000164c6        0x4 app/libapp.a(mem_alloc.c.obj)
                0x00000000000164c6                mem_allocator_get_heap_struct_size
 .text.mem_allocator_malloc
                0x00000000000164ca        0x4 app/libapp.a(mem_alloc.c.obj)
                0x00000000000164ca                mem_allocator_malloc
 .text.mem_allocator_realloc
                0x00000000000164ce        0x4 app/libapp.a(mem_alloc.c.obj)
                0x00000000000164ce                mem_allocator_realloc
 .text.mem_allocator_free
                0x00000000000164d2        0x8 app/libapp.a(mem_alloc.c.obj)
                0x00000000000164d2                mem_allocator_free
 .text.mem_allocator_migrate
                0x00000000000164da        0x4 app/libapp.a(mem_alloc.c.obj)
                0x00000000000164da                mem_allocator_migrate
 .text.mem_allocator_is_heap_corrupted
                0x00000000000164de        0x4 app/libapp.a(mem_alloc.c.obj)
                0x00000000000164de                mem_allocator_is_heap_corrupted
 .text.bh_bitmap_new
                0x00000000000164e2       0x34 app/libapp.a(bh_bitmap.c.obj)
                0x00000000000164e2                bh_bitmap_new
 .text.b_memcpy_s
                0x0000000000016516       0x2c app/libapp.a(bh_common.c.obj)
                0x0000000000016516                b_memcpy_s
 .text.b_memmove_s
                0x0000000000016542       0x2c app/libapp.a(bh_common.c.obj)
                0x0000000000016542                b_memmove_s
 .text.bh_list_init
                0x000000000001656e       0x12 app/libapp.a(bh_list.c.obj)
                0x000000000001656e                bh_list_init
 .text.bh_list_insert
                0x0000000000016580       0x1a app/libapp.a(bh_list.c.obj)
                0x0000000000016580                bh_list_insert
 .text.bh_list_first_elem
                0x000000000001659a        0x6 app/libapp.a(bh_list.c.obj)
                0x000000000001659a                bh_list_first_elem
 .text.bh_list_elem_next
                0x00000000000165a0        0x6 app/libapp.a(bh_list.c.obj)
                0x00000000000165a0                bh_list_elem_next
 .text.print_err
                0x00000000000165a6       0x1c app/libapp.a(libc_builtin_wrapper.c.obj)
 .text.sprintf_out
                0x00000000000165c2       0x26 app/libapp.a(libc_builtin_wrapper.c.obj)
 .text.isupper_wrapper
                0x00000000000165e8        0xe app/libapp.a(libc_builtin_wrapper.c.obj)
 .text.isalpha_wrapper
                0x00000000000165f6       0x10 app/libapp.a(libc_builtin_wrapper.c.obj)
 .text.isspace_wrapper
                0x0000000000016606       0x16 app/libapp.a(libc_builtin_wrapper.c.obj)
 .text.isgraph_wrapper
                0x000000000001661c        0xe app/libapp.a(libc_builtin_wrapper.c.obj)
 .text.isprint_wrapper
                0x000000000001662a        0xe app/libapp.a(libc_builtin_wrapper.c.obj)
 .text.isdigit_wrapper
                0x0000000000016638        0xe app/libapp.a(libc_builtin_wrapper.c.obj)
 .text.isxdigit_wrapper
                0x0000000000016646       0x1c app/libapp.a(libc_builtin_wrapper.c.obj)
 .text.tolower_wrapper
                0x0000000000016662        0xe app/libapp.a(libc_builtin_wrapper.c.obj)
 .text.toupper_wrapper
                0x0000000000016670       0x10 app/libapp.a(libc_builtin_wrapper.c.obj)
 .text.isalnum_wrapper
                0x0000000000016680       0x1c app/libapp.a(libc_builtin_wrapper.c.obj)
 .text.__cxa_begin_catch_wrapper
                0x000000000001669c        0x2 app/libapp.a(libc_builtin_wrapper.c.obj)
 .text.clock_wrapper
                0x000000000001669e       0x14 app/libapp.a(libc_builtin_wrapper.c.obj)
 .text.malloc_wrapper
                0x00000000000166b2       0x16 app/libapp.a(libc_builtin_wrapper.c.obj)
 .text.__cxa_allocate_exception_wrapper
                0x00000000000166c8        0x4 app/libapp.a(libc_builtin_wrapper.c.obj)
 .text.emscripten_memcpy_big_wrapper
                0x00000000000166cc       0x38 app/libapp.a(libc_builtin_wrapper.c.obj)
 .text.memcpy_wrapper
                0x0000000000016704       0x3a app/libapp.a(libc_builtin_wrapper.c.obj)
 .text.strstr_wrapper
                0x000000000001673e       0x1e app/libapp.a(libc_builtin_wrapper.c.obj)
 .text.strcspn_wrapper
                0x000000000001675c        0x8 app/libapp.a(libc_builtin_wrapper.c.obj)
 .text.strspn_wrapper
                0x0000000000016764        0x8 app/libapp.a(libc_builtin_wrapper.c.obj)
 .text.strncasecmp_wrapper
                0x000000000001676c        0xa app/libapp.a(libc_builtin_wrapper.c.obj)
 .text.memchr_wrapper
                0x0000000000016776       0x2e app/libapp.a(libc_builtin_wrapper.c.obj)
 .text.strtoul_wrapper
                0x00000000000167a4       0x3a app/libapp.a(libc_builtin_wrapper.c.obj)
 .text.strtol_wrapper
                0x00000000000167de       0x3a app/libapp.a(libc_builtin_wrapper.c.obj)
 .text.atoi_wrapper
                0x0000000000016818        0x6 app/libapp.a(libc_builtin_wrapper.c.obj)
 .text.free_wrapper
                0x000000000001681e       0x2e app/libapp.a(libc_builtin_wrapper.c.obj)
 .text.strdup_wrapper
                0x000000000001684c       0x3c app/libapp.a(libc_builtin_wrapper.c.obj)
 .text._strdup_wrapper
                0x0000000000016888        0x4 app/libapp.a(libc_builtin_wrapper.c.obj)
 .text.strlen_wrapper
                0x000000000001688c        0x6 app/libapp.a(libc_builtin_wrapper.c.obj)
 .text.calloc_wrapper
                0x0000000000016892       0x40 app/libapp.a(libc_builtin_wrapper.c.obj)
 .text.memset_wrapper
                0x00000000000168d2       0x36 app/libapp.a(libc_builtin_wrapper.c.obj)
 .text.realloc_wrapper
                0x0000000000016908       0x1e app/libapp.a(libc_builtin_wrapper.c.obj)
 .text.strncpy_wrapper
                0x0000000000016926       0x2e app/libapp.a(libc_builtin_wrapper.c.obj)
 .text.strcpy_wrapper
                0x0000000000016954       0x36 app/libapp.a(libc_builtin_wrapper.c.obj)
 .text.strncmp_wrapper
                0x000000000001698a       0x28 app/libapp.a(libc_builtin_wrapper.c.obj)
 .text.strcmp_wrapper
                0x00000000000169b2        0x8 app/libapp.a(libc_builtin_wrapper.c.obj)
 .text.strchr_wrapper
                0x00000000000169ba       0x20 app/libapp.a(libc_builtin_wrapper.c.obj)
 .text.memmove_wrapper
                0x00000000000169da       0x38 app/libapp.a(libc_builtin_wrapper.c.obj)
 .text.memcmp_wrapper
                0x0000000000016a12       0x28 app/libapp.a(libc_builtin_wrapper.c.obj)
 .text.wasm_byte_vec_delete
                0x0000000000016a3a        0x8 app/libapp.a(wasm_c_api.c.obj)
                0x0000000000016a3a                wasm_byte_vec_delete
 .text.wasm_trap_delete
                0x0000000000016a42       0x24 app/libapp.a(wasm_c_api.c.obj)
                0x0000000000016a42                wasm_trap_delete
 .text.wasm_exec_env_create_internal
                0x0000000000016a66       0x6c app/libapp.a(wasm_exec_env.c.obj)
                0x0000000000016a66                wasm_exec_env_create_internal
 .text.wasm_exec_env_destroy_internal
                0x0000000000016ad2       0x14 app/libapp.a(wasm_exec_env.c.obj)
                0x0000000000016ad2                wasm_exec_env_destroy_internal
 .text.wasm_exec_env_create
                0x0000000000016ae6       0x42 app/libapp.a(wasm_exec_env.c.obj)
                0x0000000000016ae6                wasm_exec_env_create
 .text.wasm_exec_env_destroy
                0x0000000000016b28        0x4 app/libapp.a(wasm_exec_env.c.obj)
                0x0000000000016b28                wasm_exec_env_destroy
 .text.wasm_exec_env_get_module_inst
                0x0000000000016b2c        0x4 app/libapp.a(wasm_exec_env.c.obj)
                0x0000000000016b2c                wasm_exec_env_get_module_inst
 .text.wasm_exec_env_set_module_inst
                0x0000000000016b30        0x4 app/libapp.a(wasm_exec_env.c.obj)
                0x0000000000016b30                wasm_exec_env_set_module_inst
 .text.wasm_exec_env_restore_module_inst