Archive member included to satisfy reference by file (symbol)

app/libapp.a(main.c.obj)      (--whole-archive)
zephyr/libzephyr.a(heap.c.obj)
                              (--whole-archive)
zephyr/libzephyr.a(cbprintf_packaged.c.obj)
                              (--whole-archive)
zephyr/libzephyr.a(printk.c.obj)
                              (--whole-archive)
zephyr/libzephyr.a(sem.c.obj)
                              (--whole-archive)
zephyr/libzephyr.a(thread_entry.c.obj)
                              (--whole-archive)
zephyr/libzephyr.a(cbprintf_complete.c.obj)
                              (--whole-archive)
zephyr/libzephyr.a(assert.c.obj)
                              (--whole-archive)
zephyr/libzephyr.a(dec.c.obj)
                              (--whole-archive)
zephyr/libzephyr.a(hex.c.obj)
                              (--whole-archive)
zephyr/libzephyr.a(rb.c.obj)  (--whole-archive)
zephyr/libzephyr.a(timeutil.c.obj)
                              (--whole-archive)
zephyr/libzephyr.a(bitarray.c.obj)
                              (--whole-archive)
zephyr/libzephyr.a(onoff.c.obj)
                              (--whole-archive)
zephyr/libzephyr.a(notify.c.obj)
                              (--whole-archive)
zephyr/libzephyr.a(configs.c.obj)
                              (--whole-archive)
zephyr/libzephyr.a(mem_attr.c.obj)
                              (--whole-archive)
zephyr/libzephyr.a(tracing_none.c.obj)
                              (--whole-archive)
zephyr/arch/common/libarch__common.a(sw_isr_common.c.obj)
                              (--whole-archive)
zephyr/arch/arch/arm/core/libarch__arm__core.a(fatal.c.obj)
                              (--whole-archive)
zephyr/arch/arch/arm/core/libarch__arm__core.a(nmi.c.obj)
                              (--whole-archive)
zephyr/arch/arch/arm/core/libarch__arm__core.a(nmi_on_reset.S.obj)
                              (--whole-archive)
zephyr/arch/arch/arm/core/libarch__arm__core.a(tls.c.obj)
                              (--whole-archive)
zephyr/arch/arch/arm/core/cortex_m/libarch__arm__core__cortex_m.a(exc_exit.S.obj)
                              (--whole-archive)
zephyr/arch/arch/arm/core/cortex_m/libarch__arm__core__cortex_m.a(fault.c.obj)
                              (--whole-archive)
zephyr/arch/arch/arm/core/cortex_m/libarch__arm__core__cortex_m.a(fault_s.S.obj)
                              (--whole-archive)
zephyr/arch/arch/arm/core/cortex_m/libarch__arm__core__cortex_m.a(fpu.c.obj)
                              (--whole-archive)
zephyr/arch/arch/arm/core/cortex_m/libarch__arm__core__cortex_m.a(reset.S.obj)
                              (--whole-archive)
zephyr/arch/arch/arm/core/cortex_m/libarch__arm__core__cortex_m.a(scb.c.obj)
                              (--whole-archive)
zephyr/arch/arch/arm/core/cortex_m/libarch__arm__core__cortex_m.a(thread_abort.c.obj)
                              (--whole-archive)
zephyr/arch/arch/arm/core/cortex_m/libarch__arm__core__cortex_m.a(vector_table.S.obj)
                              (--whole-archive)
zephyr/arch/arch/arm/core/cortex_m/libarch__arm__core__cortex_m.a(swap.c.obj)
                              (--whole-archive)
zephyr/arch/arch/arm/core/cortex_m/libarch__arm__core__cortex_m.a(swap_helper.S.obj)
                              (--whole-archive)
zephyr/arch/arch/arm/core/cortex_m/libarch__arm__core__cortex_m.a(irq_manage.c.obj)
                              (--whole-archive)
zephyr/arch/arch/arm/core/cortex_m/libarch__arm__core__cortex_m.a(prep_c.c.obj)
                              (--whole-archive)
zephyr/arch/arch/arm/core/cortex_m/libarch__arm__core__cortex_m.a(thread.c.obj)
                              (--whole-archive)
zephyr/arch/arch/arm/core/cortex_m/libarch__arm__core__cortex_m.a(cpu_idle.S.obj)
                              (--whole-archive)
zephyr/arch/arch/arm/core/cortex_m/libarch__arm__core__cortex_m.a(irq_init.c.obj)
                              (--whole-archive)
zephyr/arch/arch/arm/core/cortex_m/libarch__arm__core__cortex_m.a(isr_wrapper.S.obj)
                              (--whole-archive)
zephyr/arch/arch/arm/core/cortex_m/libarch__arm__core__cortex_m.a(__aeabi_read_tp.S.obj)
                              (--whole-archive)
zephyr/arch/arch/arm/core/cortex_m/cmse/libarch__arm__core__cortex_m__cmse.a(arm_core_cmse.c.obj)
                              (--whole-archive)
zephyr/arch/arch/arm/core/mpu/libarch__arm__core__mpu.a(arm_core_mpu.c.obj)
                              (--whole-archive)
zephyr/arch/arch/arm/core/mpu/libarch__arm__core__mpu.a(arm_mpu.c.obj)
                              (--whole-archive)
zephyr/arch/arch/arm/core/mpu/libarch__arm__core__mpu.a(arm_mpu_regions.c.obj)
                              (--whole-archive)
zephyr/lib/libc/picolibc/liblib__libc__picolibc.a(libc-hooks.c.obj)
                              (--whole-archive)
zephyr/lib/libc/common/liblib__libc__common.a(abort.c.obj)
                              (--whole-archive)
[...]
Memory Configuration

Name             Origin             Length             Attributes
FLASH            0x0000000000000000 0x0000000000100000 xr
RAM              0x0000000020000000 0x0000000000070000 xw
IDT_LIST         0x00000000ffff7fff 0x0000000000008000 xw
*default*        0x0000000000000000 0xffffffffffffffff

Linker script and memory map

                0x0000000000003760                vfprintf = __l_vfprintf
                0x0000000000000000                vfscanf = __l_vfscanf
LOAD zephyr/CMakeFiles/zephyr_final.dir/misc/empty_file.c.obj
LOAD zephyr/CMakeFiles/zephyr_final.dir/isr_tables.c.obj
LOAD zephyr/CMakeFiles/offsets.dir/./arch/arm/core/offsets/offsets.c.obj
LOAD app/libapp.a
LOAD zephyr/libzephyr.a
LOAD zephyr/arch/common/libarch__common.a
LOAD zephyr/arch/arch/arm/core/libarch__arm__core.a
LOAD zephyr/arch/arch/arm/core/cortex_m/libarch__arm__core__cortex_m.a
LOAD zephyr/arch/arch/arm/core/cortex_m/cmse/libarch__arm__core__cortex_m__cmse.a
LOAD zephyr/arch/arch/arm/core/mpu/libarch__arm__core__mpu.a
LOAD zephyr/lib/libc/picolibc/liblib__libc__picolibc.a
LOAD zephyr/lib/libc/common/liblib__libc__common.a
LOAD zephyr/soc/soc/nrf5340/libsoc__nordic.a
LOAD zephyr/drivers/clock_control/libdrivers__clock_control.a
LOAD zephyr/drivers/console/libdrivers__console.a
LOAD zephyr/drivers/gpio/libdrivers__gpio.a
LOAD zephyr/drivers/pinctrl/libdrivers__pinctrl.a
LOAD zephyr/drivers/serial/libdrivers__serial.a
LOAD zephyr/drivers/timer/libdrivers__timer.a
LOAD modules/hal_nordic/nrfx/libmodules__hal_nordic__nrfx.a
LOAD zephyr/kernel/libkernel.a
LOAD /home/tao/zephyr-sdk-0.16.5-1/arm-zephyr-eabi/bin/../lib/gcc/arm-zephyr-eabi/12.2.0/thumb/v8-m.main/nofp/libgcc.a
LOAD zephyr/arch/common/libisr_tables.a
LOAD /home/tao/zephyr-sdk-0.16.5-1/arm-zephyr-eabi/bin/../lib/gcc/../../picolibc/arm-zephyr-eabi/lib/thumb/v8-m.main/nofp/libc.a
LOAD /home/tao/zephyr-sdk-0.16.5-1/arm-zephyr-eabi/bin/../lib/gcc/arm-zephyr-eabi/12.2.0/thumb/v8-m.main/nofp/libgcc.a
                0x0000000000000020                _region_min_align = 0x20

.rel.plt        0x0000000000000000        0x0
 *(SORT_BY_ALIGNMENT(.rel.plt))
                [!provide]                        PROVIDE (__rel_iplt_start = .)
 *(SORT_BY_ALIGNMENT(.rel.iplt))
 .rel.iplt      0x0000000000000000        0x0 zephyr/CMakeFiles/zephyr_final.dir/isr_tables.c.obj
                [!provide]                        PROVIDE (__rel_iplt_end = .)

.rela.plt       0x0000000000000000        0x0
 *(SORT_BY_ALIGNMENT(.rela.plt))
                [!provide]                        PROVIDE (__rela_iplt_start = .)
 *(SORT_BY_ALIGNMENT(.rela.iplt))
                [!provide]                        PROVIDE (__rela_iplt_end = .)

.rel.dyn
 *(SORT_BY_ALIGNMENT(.rel.*))

.rela.dyn
 *(SORT_BY_ALIGNMENT(.rela.*))

/DISCARD/
 *(SORT_BY_ALIGNMENT(.plt))

/DISCARD/
 *(SORT_BY_ALIGNMENT(.iplt))
                0x0000000000000000                __rom_region_start = 0x0

rom_start       0x0000000000000000      0x154
                0x0000000000000000                __rom_start_address = .
 FILL mask 0x00
                0x0000000000000000                . = (. + (0x0 - (. - __rom_start_address)))
                0x0000000000000000                . = ALIGN (0x4)
                0x0000000000000000                . = ALIGN (0x80)
                0x0000000000000000                . = ALIGN (0x200)
                0x0000000000000000                _vector_start = .
 *(SORT_BY_ALIGNMENT(.exc_vector_table))
 *(SORT_BY_ALIGNMENT(.exc_vector_table.*))
 .exc_vector_table._vector_table_section
                0x0000000000000000       0x40 zephyr/arch/arch/arm/core/cortex_m/libarch__arm__core__cortex_m.a(vector_table.S.obj)
                0x0000000000000000                _vector_table
 *(SORT_BY_ALIGNMENT(.vectors))
                0x0000000000000154                _vector_end = .
                0x0000000000000040                . = ALIGN (0x4)
 *(SORT_BY_ALIGNMENT(.gnu.linkonce.irq_vector_table*))
 .gnu.linkonce.irq_vector_table
                0x0000000000000040      0x114 zephyr/CMakeFiles/zephyr_final.dir/isr_tables.c.obj
                0x0000000000000040                _irq_vector_table
                0x0000000000000154                _vector_end = .

text            0x0000000000000154     0x4788
                0x0000000000000154                __text_region_start = .
 *(SORT_BY_ALIGNMENT(.text))
 *(SORT_BY_ALIGNMENT(.text.*))
 .text.main     0x0000000000000154       0x18 app/libapp.a(main.c.obj)
                0x0000000000000154                main
 .text.char_out
                0x000000000000016c        0xc zephyr/libzephyr.a(printk.c.obj)
 .text.vprintk  0x0000000000000178       0x30 zephyr/libzephyr.a(printk.c.obj)
                0x0000000000000178                vprintk
 .text.__printk_hook_install
                0x00000000000001a8        0xc zephyr/libzephyr.a(printk.c.obj)
                0x00000000000001a8                __printk_hook_install
 .text.z_thread_entry
                0x00000000000001b4       0x34 zephyr/libzephyr.a(thread_entry.c.obj)
                0x00000000000001b4                z_thread_entry
 .text.process_event
                0x00000000000001e8      0x21c zephyr/libzephyr.a(onoff.c.obj)
 .text.mem_attr_get_regions
                0x0000000000000404        0xc zephyr/libzephyr.a(mem_attr.c.obj)
                0x0000000000000404                mem_attr_get_regions
 .text.z_SysNmiOnReset
                0x0000000000000410        0x8 zephyr/arch/arch/arm/core/libarch__arm__core.a(nmi_on_reset.S.obj)
                0x0000000000000410                z_SysNmiOnReset
 .text.arch_tls_stack_setup
                0x0000000000000418       0x40 zephyr/arch/arch/arm/core/libarch__arm__core.a(tls.c.obj)
                0x0000000000000418                arch_tls_stack_setup
 .text._HandlerModeExit
                0x0000000000000458       0x1c zephyr/arch/arch/arm/core/cortex_m/libarch__arm__core__cortex_m.a(exc_exit.S.obj)
                0x0000000000000458                z_arm_exc_exit
                0x0000000000000458                z_arm_int_exit
 .text.usage_fault.constprop.0
                0x0000000000000474       0x5c zephyr/arch/arch/arm/core/cortex_m/libarch__arm__core__cortex_m.a(fault.c.obj)
 .text.bus_fault.constprop.0
                0x00000000000004d0       0x6c zephyr/arch/arch/arm/core/cortex_m/libarch__arm__core__cortex_m.a(fault.c.obj)
 .text.mem_manage_fault.constprop.0
                0x000000000000053c       0x78 zephyr/arch/arch/arm/core/cortex_m/libarch__arm__core__cortex_m.a(fault.c.obj)
 .text.z_arm_fault
                0x00000000000005b4      0x124 zephyr/arch/arch/arm/core/cortex_m/libarch__arm__core__cortex_m.a(fault.c.obj)
                0x00000000000005b4                z_arm_fault
 .text.z_arm_fault_init
                0x00000000000006d8       0x18 zephyr/arch/arch/arm/core/cortex_m/libarch__arm__core__cortex_m.a(fault.c.obj)
                0x00000000000006d8                z_arm_fault_init
 .text.__fault  0x00000000000006f0       0x14 zephyr/arch/arch/arm/core/cortex_m/libarch__arm__core__cortex_m.a(fault_s.S.obj)
                0x00000000000006f0                z_arm_bus_fault
                0x00000000000006f0                z_arm_usage_fault
                0x00000000000006f0                z_arm_mpu_fault
                0x00000000000006f0                z_arm_exc_spurious
                0x00000000000006f0                z_arm_debug_monitor
                0x00000000000006f0                z_arm_hard_fault
 .text._reset_section
                0x0000000000000704       0x30 zephyr/arch/arch/arm/core/cortex_m/libarch__arm__core__cortex_m.a(reset.S.obj)
                0x0000000000000704                z_arm_reset
                0x0000000000000704                __start
 .text.z_impl_k_thread_abort
                0x0000000000000734       0x2c zephyr/arch/arch/arm/core/cortex_m/libarch__arm__core__cortex_m.a(thread_abort.c.obj)
                0x0000000000000734                z_impl_k_thread_abort
 .text.arch_swap
                0x0000000000000760       0x30 zephyr/arch/arch/arm/core/cortex_m/libarch__arm__core__cortex_m.a(swap.c.obj)
                0x0000000000000760                arch_swap
 .text.z_arm_pendsv
                0x0000000000000790       0x68 zephyr/arch/arch/arm/core/cortex_m/libarch__arm__core__cortex_m.a(swap_helper.S.obj)
                0x0000000000000790                z_arm_pendsv
 .text.z_arm_svc
                0x00000000000007f8       0x20 zephyr/arch/arch/arm/core/cortex_m/libarch__arm__core__cortex_m.a(swap_helper.S.obj)
                0x00000000000007f8                z_arm_svc
 .text.arch_irq_enable
                0x0000000000000818       0x1c zephyr/arch/arch/arm/core/cortex_m/libarch__arm__core__cortex_m.a(irq_manage.c.obj)
                0x0000000000000818                arch_irq_enable
 .text.arch_irq_is_enabled
                0x0000000000000834       0x1c zephyr/arch/arch/arm/core/cortex_m/libarch__arm__core__cortex_m.a(irq_manage.c.obj)
                0x0000000000000834                arch_irq_is_enabled
 .text.z_arm_irq_priority_set
                0x0000000000000850       0x2c zephyr/arch/arch/arm/core/cortex_m/libarch__arm__core__cortex_m.a(irq_manage.c.obj)
                0x0000000000000850                z_arm_irq_priority_set
 .text.z_prep_c
                0x000000000000087c       0x48 zephyr/arch/arch/arm/core/cortex_m/libarch__arm__core__cortex_m.a(prep_c.c.obj)
                0x000000000000087c                z_prep_c
 .text.arch_new_thread
                0x00000000000008c4       0x38 zephyr/arch/arch/arm/core/cortex_m/libarch__arm__core__cortex_m.a(thread.c.obj)
                0x00000000000008c4                arch_new_thread
 .text.arch_switch_to_main_thread
                0x00000000000008fc       0x34 zephyr/arch/arch/arm/core/cortex_m/libarch__arm__core__cortex_m.a(thread.c.obj)
                0x00000000000008fc                arch_switch_to_main_thread
 .text.z_arm_cpu_idle_init
                0x0000000000000930        0xc zephyr/arch/arch/arm/core/cortex_m/libarch__arm__core__cortex_m.a(cpu_idle.S.obj)
                0x0000000000000930                z_arm_cpu_idle_init
 .text.arch_cpu_idle
                0x000000000000093c       0x38 zephyr/arch/arch/arm/core/cortex_m/libarch__arm__core__cortex_m.a(cpu_idle.S.obj)
                0x000000000000093c                arch_cpu_idle
 .text.arch_cpu_atomic_idle
                0x0000000000000974       0x34 zephyr/arch/arch/arm/core/cortex_m/libarch__arm__core__cortex_m.a(cpu_idle.S.obj)
                0x0000000000000974                arch_cpu_atomic_idle
 .text.z_arm_interrupt_init
                0x00000000000009a8       0x18 zephyr/arch/arch/arm/core/cortex_m/libarch__arm__core__cortex_m.a(irq_init.c.obj)
                0x00000000000009a8                z_arm_interrupt_init
 .text._isr_wrapper
                0x00000000000009c0       0x28 zephyr/arch/arch/arm/core/cortex_m/libarch__arm__core__cortex_m.a(isr_wrapper.S.obj)
                0x00000000000009c0                _isr_wrapper
 .text.z_arm_configure_static_mpu_regions
                0x00000000000009e8       0x38 zephyr/arch/arch/arm/core/mpu/libarch__arm__core__mpu.a(arm_core_mpu.c.obj)
                0x00000000000009e8                z_arm_configure_static_mpu_regions
 .text.region_init
                0x0000000000000a20       0x34 zephyr/arch/arch/arm/core/mpu/libarch__arm__core__mpu.a(arm_mpu.c.obj)
 .text.region_allocate_and_init
                0x0000000000000a54       0x24 zephyr/arch/arch/arm/core/mpu/libarch__arm__core__mpu.a(arm_mpu.c.obj)
 .text.mpu_configure_regions_and_partition.constprop.0
                0x0000000000000a78      0x148 zephyr/arch/arch/arm/core/mpu/libarch__arm__core__mpu.a(arm_mpu.c.obj)
 .text.arm_core_mpu_enable
                0x0000000000000bc0       0x18 zephyr/arch/arch/arm/core/mpu/libarch__arm__core__mpu.a(arm_mpu.c.obj)
                0x0000000000000bc0                arm_core_mpu_enable
 .text.arm_core_mpu_disable
                0x0000000000000bd8       0x14 zephyr/arch/arch/arm/core/mpu/libarch__arm__core__mpu.a(arm_mpu.c.obj)
                0x0000000000000bd8                arm_core_mpu_disable
 .text.arm_core_mpu_configure_static_mpu_regions
                0x0000000000000bec       0x14 zephyr/arch/arch/arm/core/mpu/libarch__arm__core__mpu.a(arm_mpu.c.obj)
                0x0000000000000bec                arm_core_mpu_configure_static_mpu_regions
 .text.arm_core_mpu_mark_areas_for_dynamic_regions
                0x0000000000000c00       0xb8 zephyr/arch/arch/arm/core/mpu/libarch__arm__core__mpu.a(arm_mpu.c.obj)
                0x0000000000000c00                arm_core_mpu_mark_areas_for_dynamic_regions
 .text.z_arm_mpu_init
                0x0000000000000cb8      0x11c zephyr/arch/arch/arm/core/mpu/libarch__arm__core__mpu.a(arm_mpu.c.obj)
                0x0000000000000cb8                z_arm_mpu_init
 .text.z_impl_zephyr_fputc
                0x0000000000000dd4       0x10 zephyr/lib/libc/picolibc/liblib__libc__picolibc.a(libc-hooks.c.obj)
                0x0000000000000dd4                z_impl_zephyr_fputc
 .text.__stdout_hook_install
                0x0000000000000de4       0x18 zephyr/lib/libc/picolibc/liblib__libc__picolibc.a(libc-hooks.c.obj)
                0x0000000000000de4                __stdout_hook_install
 .text.malloc_prepare
                0x0000000000000dfc       0x24 zephyr/lib/libc/common/liblib__libc__common.a(malloc.c.obj)
 .text.rtc_pretick_init
                0x0000000000000e20       0x60 zephyr/soc/soc/nrf5340/libsoc__nordic.a(soc.c.obj)
 .text.nrf_gpio_pin_control_select.constprop.0
                0x0000000000000e80       0x1c zephyr/soc/soc/nrf5340/libsoc__nordic.a(soc.c.obj)
 .text.nordicsemi_nrf53_init
                0x0000000000000e9c       0x38 zephyr/soc/soc/nrf5340/libsoc__nordic.a(soc.c.obj)
 .text.z_arm_on_enter_cpu_idle
                0x0000000000000ed4       0x64 zephyr/soc/soc/nrf5340/libsoc__nordic.a(soc.c.obj)
                0x0000000000000ed4                z_arm_on_enter_cpu_idle
 .text.arch_busy_wait
                0x0000000000000f38       0x24 zephyr/soc/soc/nrf5340/libsoc__nordic.a(soc.c.obj)
                0x0000000000000f38                arch_busy_wait
 .text.z_arm_platform_init
                0x0000000000000f5c        0x4 zephyr/soc/soc/nrf5340/libsoc__nordic.a(soc_nrf_common.S.obj)
                0x0000000000000f5c                z_arm_platform_init
 .text.onoff_stop
                0x0000000000000f60       0x30 zephyr/drivers/clock_control/libdrivers__clock_control.a(clock_control_nrf.c.obj)
 .text.onoff_start
                0x0000000000000f90       0x44 zephyr/drivers/clock_control/libdrivers__clock_control.a(clock_control_nrf.c.obj)
 .text.clk_init
                0x0000000000000fd4       0x64 zephyr/drivers/clock_control/libdrivers__clock_control.a(clock_control_nrf.c.obj)
 .text.clkstarted_handle.constprop.0
                0x0000000000001038       0x34 zephyr/drivers/clock_control/libdrivers__clock_control.a(clock_control_nrf.c.obj)
 .text.clock_event_handler
                0x000000000000106c       0x30 zephyr/drivers/clock_control/libdrivers__clock_control.a(clock_control_nrf.c.obj)
 .text.generic_hfclk_start
                0x000000000000109c       0x64 zephyr/drivers/clock_control/libdrivers__clock_control.a(clock_control_nrf.c.obj)
 .text.api_blocking_start
                0x0000000000001100       0x34 zephyr/drivers/clock_control/libdrivers__clock_control.a(clock_control_nrf.c.obj)
 .text.generic_hfclk_stop
                0x0000000000001134       0x34 zephyr/drivers/clock_control/libdrivers__clock_control.a(clock_control_nrf.c.obj)
 .text.z_nrf_clock_control_lf_on
                0x0000000000001168       0xfc zephyr/drivers/clock_control/libdrivers__clock_control.a(clock_control_nrf.c.obj)
                0x0000000000001168                z_nrf_clock_control_lf_on
 .text.uart_console_init
                0x0000000000001264       0x28 zephyr/drivers/console/libdrivers__console.a(uart_console.c.obj)
 .text.console_out
                0x000000000000128c       0x28 zephyr/drivers/console/libdrivers__console.a(uart_console.c.obj)
 .text.gpio_nrfx_pin_interrupt_configure
                0x00000000000012b4      0x100 zephyr/drivers/gpio/libdrivers__gpio.a(gpio_nrfx.c.obj)
 .text.gpio_nrfx_init
                0x00000000000013b4       0x48 zephyr/drivers/gpio/libdrivers__gpio.a(gpio_nrfx.c.obj)
 .text.nrfx_gpio_handler
                0x00000000000013fc       0x4c zephyr/drivers/gpio/libdrivers__gpio.a(gpio_nrfx.c.obj)
 .text.gpio_nrfx_pin_configure
                0x0000000000001448      0x18c zephyr/drivers/gpio/libdrivers__gpio.a(gpio_nrfx.c.obj)
 .text.nrf_gpio_pin_port_decode
                0x00000000000015d4       0x24 zephyr/drivers/pinctrl/libdrivers__pinctrl.a(pinctrl_nrf.c.obj)
 .text.pinctrl_configure_pins
                0x00000000000015f8      0x1a8 zephyr/drivers/pinctrl/libdrivers__pinctrl.a(pinctrl_nrf.c.obj)
                0x00000000000015f8                pinctrl_configure_pins
 .text.uarte_0_init
                0x00000000000017a0      0x274 zephyr/drivers/serial/libdrivers__serial.a(uart_nrfx_uarte.c.obj)
 .text.uarte_nrfx_poll_out
                0x0000000000001a14       0xcc zephyr/drivers/serial/libdrivers__serial.a(uart_nrfx_uarte.c.obj)
 .text.compare_int_lock
                0x0000000000001ae0       0x40 zephyr/drivers/timer/libdrivers__timer.a(nrf_rtc_timer.c.obj)
 .text.sys_clock_timeout_handler
                0x0000000000001b20       0x48 zephyr/drivers/timer/libdrivers__timer.a(nrf_rtc_timer.c.obj)
 .text.compare_int_unlock
                0x0000000000001b68       0x4c zephyr/drivers/timer/libdrivers__timer.a(nrf_rtc_timer.c.obj)
 .text.z_nrf_rtc_timer_read
                0x0000000000001bb4       0x44 zephyr/drivers/timer/libdrivers__timer.a(nrf_rtc_timer.c.obj)
                0x0000000000001bb4                z_nrf_rtc_timer_read
 .text.compare_set
                0x0000000000001bf8      0x124 zephyr/drivers/timer/libdrivers__timer.a(nrf_rtc_timer.c.obj)
 .text.sys_clock_driver_init
                0x0000000000001d1c       0x90 zephyr/drivers/timer/libdrivers__timer.a(nrf_rtc_timer.c.obj)
 .text.rtc_nrf_isr
                0x0000000000001dac       0xd0 zephyr/drivers/timer/libdrivers__timer.a(nrf_rtc_timer.c.obj)
                0x0000000000001dac                rtc_nrf_isr
 .text.sys_clock_set_timeout
                0x0000000000001e7c       0x5c zephyr/drivers/timer/libdrivers__timer.a(nrf_rtc_timer.c.obj)
                0x0000000000001e7c                sys_clock_set_timeout
 .text.sys_clock_elapsed
                0x0000000000001ed8       0x14 zephyr/drivers/timer/libdrivers__timer.a(nrf_rtc_timer.c.obj)
                0x0000000000001ed8                sys_clock_elapsed
 .text.nrf53_errata_42
                0x0000000000001eec       0x24 modules/hal_nordic/nrfx/libmodules__hal_nordic__nrfx.a(system_nrf5340_application.c.obj)
 .text.SystemInit
                0x0000000000001f10      0x1c4 modules/hal_nordic/nrfx/libmodules__hal_nordic__nrfx.a(system_nrf5340_application.c.obj)
                0x0000000000001f10                SystemInit
 .text.nrfx_flag32_alloc
                0x00000000000020d4       0x40 modules/hal_nordic/nrfx/libmodules__hal_nordic__nrfx.a(nrfx_flag32_allocator.c.obj)
                0x00000000000020d4                nrfx_flag32_alloc
 .text.nrfx_flag32_free
                0x0000000000002114       0x38 modules/hal_nordic/nrfx/libmodules__hal_nordic__nrfx.a(nrfx_flag32_allocator.c.obj)
                0x0000000000002114                nrfx_flag32_free
 .text.nrfx_gppi_channels_enable
                0x000000000000214c        0xc modules/hal_nordic/nrfx/libmodules__hal_nordic__nrfx.a(nrfx_gppi_dppi.c.obj)
                0x000000000000214c                nrfx_gppi_channels_enable
 .text.nrfx_clock_init
                0x0000000000002158       0x20 modules/hal_nordic/nrfx/libmodules__hal_nordic__nrfx.a(nrfx_clock.c.obj)
                0x0000000000002158                nrfx_clock_init
 .text.nrfx_clock_enable
                0x0000000000002178       0x30 modules/hal_nordic/nrfx/libmodules__hal_nordic__nrfx.a(nrfx_clock.c.obj)
                0x0000000000002178                nrfx_clock_enable
 .text.nrfx_clock_start
                0x00000000000021a8       0xd0 modules/hal_nordic/nrfx/libmodules__hal_nordic__nrfx.a(nrfx_clock.c.obj)
                0x00000000000021a8                nrfx_clock_start
 .text.nrfx_power_clock_irq_handler
                0x0000000000002278       0xb0 modules/hal_nordic/nrfx/libmodules__hal_nordic__nrfx.a(nrfx_clock.c.obj)
                0x0000000000002278                nrfx_power_clock_irq_handler
 .text.nrfx_dppi_channel_alloc
                0x0000000000002328        0xc modules/hal_nordic/nrfx/libmodules__hal_nordic__nrfx.a(nrfx_dppi.c.obj)
                0x0000000000002328                nrfx_dppi_channel_alloc
 .text.nrf_gpio_pin_port_decode
                0x0000000000002334       0x24 modules/hal_nordic/nrfx/libmodules__hal_nordic__nrfx.a(nrfx_gpiote.c.obj)
 .text.get_pin_idx
                0x0000000000002358       0x14 modules/hal_nordic/nrfx/libmodules__hal_nordic__nrfx.a(nrfx_gpiote.c.obj)
 .text.call_handler.constprop.0
                0x000000000000236c       0x40 modules/hal_nordic/nrfx/libmodules__hal_nordic__nrfx.a(nrfx_gpiote.c.obj)
 .text.pin_te_get.constprop.0
                0x00000000000023ac       0x18 modules/hal_nordic/nrfx/libmodules__hal_nordic__nrfx.a(nrfx_gpiote.c.obj)
 .text.pin_is_output.constprop.0
                0x00000000000023c4       0x18 modules/hal_nordic/nrfx/libmodules__hal_nordic__nrfx.a(nrfx_gpiote.c.obj)
 .text.pin_in_use_by_te.constprop.0
                0x00000000000023dc       0x18 modules/hal_nordic/nrfx/libmodules__hal_nordic__nrfx.a(nrfx_gpiote.c.obj)
 .text.latch_pending_read_and_check
                0x00000000000023f4       0x3c modules/hal_nordic/nrfx/libmodules__hal_nordic__nrfx.a(nrfx_gpiote.c.obj)
 .text.release_handler.isra.0
                0x0000000000002430       0x58 modules/hal_nordic/nrfx/libmodules__hal_nordic__nrfx.a(nrfx_gpiote.c.obj)
 .text.__nrfy_internal_gpiote_events_process.constprop.0
                0x0000000000002488       0x5c modules/hal_nordic/nrfx/libmodules__hal_nordic__nrfx.a(nrfx_gpiote.c.obj)
 .text.pin_uninit
                0x00000000000024e4       0x84 modules/hal_nordic/nrfx/libmodules__hal_nordic__nrfx.a(nrfx_gpiote.c.obj)
 .text.nrfx_gpiote_input_configure
                0x0000000000002568      0x178 modules/hal_nordic/nrfx/libmodules__hal_nordic__nrfx.a(nrfx_gpiote.c.obj)
                0x0000000000002568                nrfx_gpiote_input_configure
 .text.nrfx_gpiote_output_configure
                0x00000000000026e0      0x104 modules/hal_nordic/nrfx/libmodules__hal_nordic__nrfx.a(nrfx_gpiote.c.obj)
                0x00000000000026e0                nrfx_gpiote_output_configure
 .text.nrfx_gpiote_global_callback_set
                0x00000000000027e4        0xc modules/hal_nordic/nrfx/libmodules__hal_nordic__nrfx.a(nrfx_gpiote.c.obj)
                0x00000000000027e4                nrfx_gpiote_global_callback_set
 .text.nrfx_gpiote_channel_get
                0x00000000000027f0       0x34 modules/hal_nordic/nrfx/libmodules__hal_nordic__nrfx.a(nrfx_gpiote.c.obj)
                0x00000000000027f0                nrfx_gpiote_channel_get
 .text.nrfx_gpiote_init
                0x0000000000002824       0x6c modules/hal_nordic/nrfx/libmodules__hal_nordic__nrfx.a(nrfx_gpiote.c.obj)
                0x0000000000002824                nrfx_gpiote_init
 .text.nrfx_gpiote_init_check
                0x0000000000002890       0x14 modules/hal_nordic/nrfx/libmodules__hal_nordic__nrfx.a(nrfx_gpiote.c.obj)
                0x0000000000002890                nrfx_gpiote_init_check
 .text.nrfx_gpiote_channel_free
                0x00000000000028a4        0xc modules/hal_nordic/nrfx/libmodules__hal_nordic__nrfx.a(nrfx_gpiote.c.obj)
                0x00000000000028a4                nrfx_gpiote_channel_free
 .text.nrfx_gpiote_channel_alloc
                0x00000000000028b0        0xc modules/hal_nordic/nrfx/libmodules__hal_nordic__nrfx.a(nrfx_gpiote.c.obj)
                0x00000000000028b0                nrfx_gpiote_channel_alloc
 .text.nrfx_gpiote_trigger_enable
                0x00000000000028bc       0x98 modules/hal_nordic/nrfx/libmodules__hal_nordic__nrfx.a(nrfx_gpiote.c.obj)
                0x00000000000028bc                nrfx_gpiote_trigger_enable
 .text.nrfx_gpiote_0_irq_handler
                0x0000000000002954      0x1b8 modules/hal_nordic/nrfx/libmodules__hal_nordic__nrfx.a(nrfx_gpiote.c.obj)
                0x0000000000002954                nrfx_gpiote_0_irq_handler
 .text.z_fatal_error
                0x0000000000002b0c       0x30 zephyr/kernel/libkernel.a(fatal.c.obj)
                0x0000000000002b0c                z_fatal_error
 .text.z_sys_init_run_level
                0x0000000000002b3c       0x48 zephyr/kernel/libkernel.a(init.c.obj)
 .text.bg_thread_main
                0x0000000000002b84       0xc0 zephyr/kernel/libkernel.a(init.c.obj)
 .text.z_bss_zero
                0x0000000000002c44       0x18 zephyr/kernel/libkernel.a(init.c.obj)
                0x0000000000002c44                z_bss_zero
 .text.z_init_cpu
                0x0000000000002c5c       0x7c zephyr/kernel/libkernel.a(init.c.obj)
                0x0000000000002c5c                z_init_cpu
 .text.z_cstart
                0x0000000000002cd8       0xdc zephyr/kernel/libkernel.a(init.c.obj)
                0x0000000000002cd8                z_cstart
 .text.z_setup_new_thread
                0x0000000000002db4       0x7c zephyr/kernel/libkernel.a(thread.c.obj)
                0x0000000000002db4                z_setup_new_thread
 .text.sliceable
                0x0000000000002e30       0x3c zephyr/kernel/libkernel.a(sched.c.obj)
 .text.slice_timeout
                0x0000000000002e6c       0x20 zephyr/kernel/libkernel.a(sched.c.obj)
 .text.z_reset_time_slice
                0x0000000000002e8c       0x50 zephyr/kernel/libkernel.a(sched.c.obj)
                0x0000000000002e8c                z_reset_time_slice
 .text.update_cache
                0x0000000000002edc       0x40 zephyr/kernel/libkernel.a(sched.c.obj)
 .text.move_thread_to_end_of_prio_q
                0x0000000000002f1c       0x7c zephyr/kernel/libkernel.a(sched.c.obj)
 .text.ready_thread
                0x0000000000002f98       0x68 zephyr/kernel/libkernel.a(sched.c.obj)
 .text.z_thread_halt
                0x0000000000003000       0xa8 zephyr/kernel/libkernel.a(sched.c.obj)
 .text.unready_thread
                0x00000000000030a8       0x38 zephyr/kernel/libkernel.a(sched.c.obj)
 .text.z_time_slice
                0x00000000000030e0       0x60 zephyr/kernel/libkernel.a(sched.c.obj)
                0x00000000000030e0                z_time_slice
 .text.z_pend_curr
                0x0000000000003140       0x5c zephyr/kernel/libkernel.a(sched.c.obj)
                0x0000000000003140                z_pend_curr
 .text.z_reschedule
                0x000000000000319c       0x24 zephyr/kernel/libkernel.a(sched.c.obj)
                0x000000000000319c                z_reschedule
 .text.z_sched_start
                0x00000000000031c0       0x3c zephyr/kernel/libkernel.a(sched.c.obj)
                0x00000000000031c0                z_sched_start
 .text.z_reschedule_irqlock
                0x00000000000031fc       0x28 zephyr/kernel/libkernel.a(sched.c.obj)
                0x00000000000031fc                z_reschedule_irqlock
 .text.k_sched_lock
                0x0000000000003224       0x28 zephyr/kernel/libkernel.a(sched.c.obj)
                0x0000000000003224                k_sched_lock
 .text.k_sched_unlock
                0x000000000000324c       0x38 zephyr/kernel/libkernel.a(sched.c.obj)
                0x000000000000324c                k_sched_unlock
 .text.z_sched_init
                0x0000000000003284       0x10 zephyr/kernel/libkernel.a(sched.c.obj)
                0x0000000000003284                z_sched_init
 .text.z_impl_k_yield
                0x0000000000003294       0x80 zephyr/kernel/libkernel.a(sched.c.obj)
                0x0000000000003294                z_impl_k_yield
 .text.z_tick_sleep
                0x0000000000003314       0x88 zephyr/kernel/libkernel.a(sched.c.obj)
 .text.z_impl_k_sleep
                0x000000000000339c       0x3c zephyr/kernel/libkernel.a(sched.c.obj)
                0x000000000000339c                z_impl_k_sleep
 .text.z_impl_k_sched_current_thread_query
                0x00000000000033d8        0xc zephyr/kernel/libkernel.a(sched.c.obj)
                0x00000000000033d8                z_impl_k_sched_current_thread_query
 .text.z_impl_k_sem_give
                0x00000000000033e4       0x48 zephyr/kernel/libkernel.a(sem.c.obj)
                0x00000000000033e4                z_impl_k_sem_give
 .text.z_impl_k_sem_take
                0x000000000000342c       0x50 zephyr/kernel/libkernel.a(sem.c.obj)
                0x000000000000342c                z_impl_k_sem_take
 .text.z_data_copy
                0x000000000000347c       0x34 zephyr/kernel/libkernel.a(xip.c.obj)
                0x000000000000347c                z_data_copy
 .text.elapsed  0x00000000000034b0       0x14 zephyr/kernel/libkernel.a(timeout.c.obj)
 .text.remove_timeout
                0x00000000000034c4       0x38 zephyr/kernel/libkernel.a(timeout.c.obj)
 .text.next_timeout
                0x00000000000034fc       0x40 zephyr/kernel/libkernel.a(timeout.c.obj)
 .text.z_add_timeout
                0x000000000000353c       0xec zephyr/kernel/libkernel.a(timeout.c.obj)
                0x000000000000353c                z_add_timeout
 .text.sys_clock_announce
                0x0000000000003628       0xd4 zephyr/kernel/libkernel.a(timeout.c.obj)
                0x0000000000003628                sys_clock_announce
 .text.sys_clock_tick_get
                0x00000000000036fc       0x34 zephyr/kernel/libkernel.a(timeout.c.obj)
                0x00000000000036fc                sys_clock_tick_get
 .text.boot_banner
                0x0000000000003730        0xc zephyr/kernel/libkernel.a(banner.c.obj)
                0x0000000000003730                boot_banner
 .text.printf   0x000000000000373c       0x24 /home/tao/zephyr-sdk-0.16.5-1/arm-zephyr-eabi/bin/../lib/gcc/../../picolibc/arm-zephyr-eabi/lib/thumb/v8-m.main/nofp/libc.a(libc_tinystdio_printf.c.o)
                0x000000000000373c                printf
 .text.__l_vfprintf
                0x0000000000003760      0x4b4 /home/tao/zephyr-sdk-0.16.5-1/arm-zephyr-eabi/bin/../lib/gcc/../../picolibc/arm-zephyr-eabi/lib/thumb/v8-m.main/nofp/libc.a(libc_tinystdio_vflprintf.c.o)
                0x0000000000003760                __l_vfprintf
 .text._OffsetAbsSyms
                0x0000000000003c14        0x2 zephyr/CMakeFiles/offsets.dir/./arch/arm/core/offsets/offsets.c.obj
                0x0000000000003c14                _OffsetAbsSyms
 .text.chunk_field
                0x0000000000003c16       0x16 zephyr/libzephyr.a(heap.c.obj)
 .text.chunk_set
                0x0000000000003c2c       0x16 zephyr/libzephyr.a(heap.c.obj)
 .text.chunk_size
                0x0000000000003c42        0xc zephyr/libzephyr.a(heap.c.obj)
 .text.set_chunk_used
                0x0000000000003c4e       0x30 zephyr/libzephyr.a(heap.c.obj)
 .text.set_chunk_size
                0x0000000000003c7e        0x8 zephyr/libzephyr.a(heap.c.obj)
 .text.bucket_idx.isra.0
                0x0000000000003c86       0x1c zephyr/libzephyr.a(heap.c.obj)
 .text.free_list_add
                0x0000000000003ca2       0x84 zephyr/libzephyr.a(heap.c.obj)
 .text.sys_heap_init
                0x0000000000003d26       0xb0 zephyr/libzephyr.a(heap.c.obj)
                0x0000000000003d26                sys_heap_init
 .text.arch_printk_char_out
                0x0000000000003dd6        0x4 zephyr/libzephyr.a(printk.c.obj)
                0x0000000000003dd6                arch_printk_char_out
 .text.printk   0x0000000000003dda       0x1a zephyr/libzephyr.a(printk.c.obj)
                0x0000000000003dda                printk
 .text.process_recheck
                0x0000000000003df4       0x38 zephyr/libzephyr.a(onoff.c.obj)
 .text.validate_args
                0x0000000000003e2c       0x20 zephyr/libzephyr.a(onoff.c.obj)
 .text.notify_one
                0x0000000000003e4c       0x2c zephyr/libzephyr.a(onoff.c.obj)
 .text.transition_complete
                0x0000000000003e78       0x1c zephyr/libzephyr.a(onoff.c.obj)
 .text.onoff_manager_init
                0x0000000000003e94       0x26 zephyr/libzephyr.a(onoff.c.obj)
                0x0000000000003e94                onoff_manager_init
 .text.onoff_request
                0x0000000000003eba       0xb0 zephyr/libzephyr.a(onoff.c.obj)
                0x0000000000003eba                onoff_request
 .text.sys_notify_validate
                0x0000000000003f6a       0x22 zephyr/libzephyr.a(notify.c.obj)
                0x0000000000003f6a                sys_notify_validate
 .text.sys_notify_finalize
                0x0000000000003f8c       0x1a zephyr/libzephyr.a(notify.c.obj)
                0x0000000000003f8c                sys_notify_finalize
 .text._ConfigAbsSyms
                0x0000000000003fa6        0x2 zephyr/libzephyr.a(configs.c.obj)
                0x0000000000003fa6                _ConfigAbsSyms
 .text.z_arm_fatal_error
                0x0000000000003fa8        0x4 zephyr/arch/arch/arm/core/libarch__arm__core.a(fatal.c.obj)
                0x0000000000003fa8                z_arm_fatal_error
 .text.z_do_kernel_oops
                0x0000000000003fac        0x8 zephyr/arch/arch/arm/core/libarch__arm__core.a(fatal.c.obj)
                0x0000000000003fac                z_do_kernel_oops
 .text.z_arm_nmi
                0x0000000000003fb4        0xe zephyr/arch/arch/arm/core/libarch__arm__core.a(nmi.c.obj)
                0x0000000000003fb4                z_arm_nmi
 .text.z_irq_spurious
                0x0000000000003fc2        0x8 zephyr/arch/arch/arm/core/cortex_m/libarch__arm__core__cortex_m.a(irq_manage.c.obj)
                0x0000000000003fc2                z_irq_spurious
 .text.configure_builtin_stack_guard
                0x0000000000003fca        0x8 zephyr/arch/arch/arm/core/cortex_m/libarch__arm__core__cortex_m.a(thread.c.obj)
                0x0000000000003fca                configure_builtin_stack_guard
 .text.arm_cmse_mpu_region_get
                0x0000000000003fd2       0x12 zephyr/arch/arch/arm/core/cortex_m/cmse/libarch__arm__core__cortex_m__cmse.a(arm_core_cmse.c.obj)
                0x0000000000003fd2                arm_cmse_mpu_region_get
 .text.mpu_configure_region
                0x0000000000003fe4       0x32 zephyr/arch/arch/arm/core/mpu/libarch__arm__core__mpu.a(arm_mpu.c.obj)
 .text.picolibc_put
                0x0000000000004016        0xa zephyr/lib/libc/picolibc/liblib__libc__picolibc.a(libc-hooks.c.obj)
 .text.get_status
                0x0000000000004020       0x12 zephyr/drivers/clock_control/libdrivers__clock_control.a(clock_control_nrf.c.obj)
 .text.set_on_state
                0x0000000000004032       0x26 zephyr/drivers/clock_control/libdrivers__clock_control.a(clock_control_nrf.c.obj)
 .text.stop     0x0000000000004058       0x54 zephyr/drivers/clock_control/libdrivers__clock_control.a(clock_control_nrf.c.obj)
 .text.api_stop
                0x00000000000040ac        0x6 zephyr/drivers/clock_control/libdrivers__clock_control.a(clock_control_nrf.c.obj)
 .text.async_start
                0x00000000000040b2       0x5e zephyr/drivers/clock_control/libdrivers__clock_control.a(clock_control_nrf.c.obj)
 .text.api_start
                0x0000000000004110        0xe zephyr/drivers/clock_control/libdrivers__clock_control.a(clock_control_nrf.c.obj)
 .text.onoff_started_callback
                0x000000000000411e       0x12 zephyr/drivers/clock_control/libdrivers__clock_control.a(clock_control_nrf.c.obj)
 .text.hfclkaudio_start
                0x0000000000004130        0x6 zephyr/drivers/clock_control/libdrivers__clock_control.a(clock_control_nrf.c.obj)
 .text.hfclk192m_start
                0x0000000000004136        0x6 zephyr/drivers/clock_control/libdrivers__clock_control.a(clock_control_nrf.c.obj)
 .text.lfclk_start
                0x000000000000413c        0x6 zephyr/drivers/clock_control/libdrivers__clock_control.a(clock_control_nrf.c.obj)
 .text.hfclkaudio_stop
                0x0000000000004142        0x6 zephyr/drivers/clock_control/libdrivers__clock_control.a(clock_control_nrf.c.obj)
 .text.hfclk192m_stop
                0x0000000000004148        0x6 zephyr/drivers/clock_control/libdrivers__clock_control.a(clock_control_nrf.c.obj)
 .text.lfclk_stop
                0x000000000000414e        0x6 zephyr/drivers/clock_control/libdrivers__clock_control.a(clock_control_nrf.c.obj)
 .text.blocking_start_callback
                0x0000000000004154        0x6 zephyr/drivers/clock_control/libdrivers__clock_control.a(clock_control_nrf.c.obj)
 .text.gpio_nrfx_port_get_raw
                0x000000000000415a        0xc zephyr/drivers/gpio/libdrivers__gpio.a(gpio_nrfx.c.obj)
 .text.gpio_nrfx_port_set_masked_raw
                0x0000000000004166       0x14 zephyr/drivers/gpio/libdrivers__gpio.a(gpio_nrfx.c.obj)
 .text.gpio_nrfx_port_set_bits_raw
                0x000000000000417a        0xa zephyr/drivers/gpio/libdrivers__gpio.a(gpio_nrfx.c.obj)
 .text.gpio_nrfx_port_clear_bits_raw
                0x0000000000004184        0xa zephyr/drivers/gpio/libdrivers__gpio.a(gpio_nrfx.c.obj)
 .text.gpio_nrfx_port_toggle_bits
                0x000000000000418e       0x14 zephyr/drivers/gpio/libdrivers__gpio.a(gpio_nrfx.c.obj)
 .text.gpio_nrfx_manage_callback
                0x00000000000041a2       0x52 zephyr/drivers/gpio/libdrivers__gpio.a(gpio_nrfx.c.obj)
 .text.pinctrl_lookup_state
                0x00000000000041f4       0x26 zephyr/drivers/pinctrl/libdrivers__pinctrl.a(common.c.obj)
                0x00000000000041f4                pinctrl_lookup_state
 .text.uarte_nrfx_err_check
                0x000000000000421a        0xe zephyr/drivers/serial/libdrivers__serial.a(uart_nrfx_uarte.c.obj)
 .text.uarte_nrfx_poll_in
                0x0000000000004228       0x28 zephyr/drivers/serial/libdrivers__serial.a(uart_nrfx_uarte.c.obj)
 .text.is_tx_ready.isra.0
                0x0000000000004250       0x20 zephyr/drivers/serial/libdrivers__serial.a(uart_nrfx_uarte.c.obj)
 .text.uarte_nrfx_isr_int
                0x0000000000004270       0x72 zephyr/drivers/serial/libdrivers__serial.a(uart_nrfx_uarte.c.obj)
 .text.event_clear
                0x00000000000042e2       0x18 zephyr/drivers/timer/libdrivers__timer.a(nrf_rtc_timer.c.obj)
 .text.sys_clock_cycle_get_32
                0x00000000000042fa        0x8 zephyr/drivers/timer/libdrivers__timer.a(nrf_rtc_timer.c.obj)
                0x00000000000042fa                sys_clock_cycle_get_32
 .text.nrfx_isr
                0x0000000000004302        0x2 modules/hal_nordic/nrfx/libmodules__hal_nordic__nrfx.a(nrfx_glue.c.obj)
                0x0000000000004302                nrfx_isr
 .text.nrfx_busy_wait
                0x0000000000004304        0x4 modules/hal_nordic/nrfx/libmodules__hal_nordic__nrfx.a(nrfx_glue.c.obj)
                0x0000000000004304                nrfx_busy_wait
 .text.nrfx_gppi_event_endpoint_setup
                0x0000000000004308        0xa modules/hal_nordic/nrfx/libmodules__hal_nordic__nrfx.a(nrfx_gppi_dppi.c.obj)
                0x0000000000004308                nrfx_gppi_event_endpoint_setup
 .text.nrfx_gppi_task_endpoint_setup
                0x0000000000004312        0xa modules/hal_nordic/nrfx/libmodules__hal_nordic__nrfx.a(nrfx_gppi_dppi.c.obj)
                0x0000000000004312                nrfx_gppi_task_endpoint_setup
 .text.nrfx_gppi_channel_endpoints_setup
                0x000000000000431c        0xe modules/hal_nordic/nrfx/libmodules__hal_nordic__nrfx.a(nrfx_gppi_dppi.c.obj)
                0x000000000000431c                nrfx_gppi_channel_endpoints_setup
 .text.nrfx_gppi_channel_alloc
                0x000000000000432a        0x4 modules/hal_nordic/nrfx/libmodules__hal_nordic__nrfx.a(nrfx_gppi_dppi.c.obj)
                0x000000000000432a                nrfx_gppi_channel_alloc
 .text.clock_stop
                0x000000000000432e      0x162 modules/hal_nordic/nrfx/libmodules__hal_nordic__nrfx.a(nrfx_clock.c.obj)
 .text.nrfx_clock_stop
                0x0000000000004490        0x4 modules/hal_nordic/nrfx/libmodules__hal_nordic__nrfx.a(nrfx_clock.c.obj)
                0x0000000000004490                nrfx_clock_stop
 .text.nrf_gpio_reconfigure
                0x0000000000004494       0x92 modules/hal_nordic/nrfx/libmodules__hal_nordic__nrfx.a(nrfx_gpiote.c.obj)
 .text.nrf_gpio_cfg_sense_set
                0x0000000000004526       0x1e modules/hal_nordic/nrfx/libmodules__hal_nordic__nrfx.a(nrfx_gpiote.c.obj)
 .text.pin_trigger_disable
                0x0000000000004544       0x48 modules/hal_nordic/nrfx/libmodules__hal_nordic__nrfx.a(nrfx_gpiote.c.obj)
 .text.nrfx_gpiote_pin_uninit
                0x000000000000458c        0x4 modules/hal_nordic/nrfx/libmodules__hal_nordic__nrfx.a(nrfx_gpiote.c.obj)
                0x000000000000458c                nrfx_gpiote_pin_uninit
 .text.nrfx_gpiote_trigger_disable
                0x0000000000004590        0x4 modules/hal_nordic/nrfx/libmodules__hal_nordic__nrfx.a(nrfx_gpiote.c.obj)
                0x0000000000004590                nrfx_gpiote_trigger_disable
 .text.z_impl_k_busy_wait
                0x0000000000004594        0x8 zephyr/kernel/libkernel.a(busy_wait.c.obj)
                0x0000000000004594                z_impl_k_busy_wait
 .text.z_device_state_init
                0x000000000000459c        0x2 zephyr/kernel/libkernel.a(device.c.obj)
                0x000000000000459c                z_device_state_init
 .text.z_device_is_ready
                0x000000000000459e       0x16 zephyr/kernel/libkernel.a(device.c.obj)
                0x000000000000459e                z_device_is_ready
 .text.arch_system_halt
                0x00000000000045b4       0x12 zephyr/kernel/libkernel.a(fatal.c.obj)
                0x00000000000045b4                arch_system_halt
 .text.k_sys_fatal_error_handler
                0x00000000000045c6        0x6 zephyr/kernel/libkernel.a(fatal.c.obj)
                0x00000000000045c6                k_sys_fatal_error_handler
 .text.z_early_memset
                0x00000000000045cc        0x4 zephyr/kernel/libkernel.a(init.c.obj)
                0x00000000000045cc                z_early_memset
 .text.z_early_memcpy
                0x00000000000045d0        0x4 zephyr/kernel/libkernel.a(init.c.obj)
                0x00000000000045d0                z_early_memcpy
 .text.k_is_in_isr
                0x00000000000045d4        0xc zephyr/kernel/libkernel.a(thread.c.obj)
                0x00000000000045d4                k_is_in_isr
 .text.z_impl_k_thread_start
                0x00000000000045e0        0x4 zephyr/kernel/libkernel.a(thread.c.obj)
                0x00000000000045e0                z_impl_k_thread_start
 .text.unpend_thread_no_timeout
                0x00000000000045e4       0x1a zephyr/kernel/libkernel.a(sched.c.obj)
 .text.add_to_waitq_locked
                0x00000000000045fe       0x50 zephyr/kernel/libkernel.a(sched.c.obj)
 .text.z_ready_thread
                0x000000000000464e       0x20 zephyr/kernel/libkernel.a(sched.c.obj)
                0x000000000000464e                z_ready_thread
 .text.z_impl_k_thread_suspend
                0x000000000000466e       0x36 zephyr/kernel/libkernel.a(sched.c.obj)
                0x000000000000466e                z_impl_k_thread_suspend
 .text.z_sched_wake_thread
                0x00000000000046a4       0x46 zephyr/kernel/libkernel.a(sched.c.obj)
                0x00000000000046a4                z_sched_wake_thread
 .text.z_thread_timeout
                0x00000000000046ea        0x8 zephyr/kernel/libkernel.a(sched.c.obj)
                0x00000000000046ea                z_thread_timeout
 .text.z_unpend_first_thread
                0x00000000000046f2       0x32 zephyr/kernel/libkernel.a(sched.c.obj)
                0x00000000000046f2                z_unpend_first_thread
 .text.z_reschedule_unlocked
                0x0000000000004724       0x14 zephyr/kernel/libkernel.a(sched.c.obj)
 .text.z_thread_abort
                0x0000000000004738       0x42 zephyr/kernel/libkernel.a(sched.c.obj)
                0x0000000000004738                z_thread_abort
 .text.idle     0x000000000000477a       0x18 zephyr/kernel/libkernel.a(idle.c.obj)
                0x000000000000477a                idle
 .text.z_abort_timeout
                0x0000000000004792       0x2c zephyr/kernel/libkernel.a(timeout.c.obj)
                0x0000000000004792                z_abort_timeout
 .text.sys_clock_tick_get_32
                0x00000000000047be        0x8 zephyr/kernel/libkernel.a(timeout.c.obj)
                0x00000000000047be                sys_clock_tick_get_32
 .text.z_priq_dumb_remove
                0x00000000000047c6       0x10 zephyr/kernel/libkernel.a(priority_queues.c.obj)
                0x00000000000047c6                z_priq_dumb_remove
 .text.z_priq_dumb_best
                0x00000000000047d6        0xc zephyr/kernel/libkernel.a(priority_queues.c.obj)
                0x00000000000047d6                z_priq_dumb_best
 .text.strnlen  0x00000000000047e2       0x18 /home/tao/zephyr-sdk-0.16.5-1/arm-zephyr-eabi/bin/../lib/gcc/../../picolibc/arm-zephyr-eabi/lib/thumb/v8-m.main/nofp/libc.a(libc_string_strnlen.c.o)
                0x00000000000047e2                strnlen
 .text.__ultoa_invert
                0x00000000000047fa       0xac /home/tao/zephyr-sdk-0.16.5-1/arm-zephyr-eabi/bin/../lib/gcc/../../picolibc/arm-zephyr-eabi/lib/thumb/v8-m.main/nofp/libc.a(libc_tinystdio_vflprintf.c.o)
 .text.memcpy   0x00000000000048a6       0x1a /home/tao/zephyr-sdk-0.16.5-1/arm-zephyr-eabi/bin/../lib/gcc/../../picolibc/arm-zephyr-eabi/lib/thumb/v8-m.main/nofp/libc.a(memcpy.c.o)
                0x00000000000048a6                memcpy
                0x00000000000048a6                __aeabi_memcpy
                0x00000000000048a6                __aeabi_memcpy4
                0x00000000000048a6                __aeabi_memcpy8
 .text.memset   0x00000000000048c0       0x10 /home/tao/zephyr-sdk-0.16.5-1/arm-zephyr-eabi/bin/../lib/gcc/../../picolibc/arm-zephyr-eabi/lib/thumb/v8-m.main/nofp/libc.a(memset.c.o)
                0x00000000000048c0                memset
 *(SORT_BY_ALIGNMENT(.TEXT.*))
 .TEXT.__aeabi_read_tp
                0x00000000000048d0        0xc zephyr/arch/arch/arm/core/cortex_m/libarch__arm__core__cortex_m.a(__aeabi_read_tp.S.obj)
                0x00000000000048d0                __aeabi_read_tp
 *(SORT_BY_ALIGNMENT(.gnu.linkonce.t.*))
 *(SORT_BY_ALIGNMENT(.glue_7t))
 .glue_7t       0x00000000000048dc        0x0 linker stubs
 *(SORT_BY_ALIGNMENT(.glue_7))
 .glue_7        0x00000000000048dc        0x0 linker stubs
 *(SORT_BY_ALIGNMENT(.vfp11_veneer))
 .vfp11_veneer  0x00000000000048dc        0x0 linker stubs
 *(SORT_BY_ALIGNMENT(.v4_bx))
 .v4_bx         0x00000000000048dc        0x0 linker stubs
                0x00000000000048dc                . = ALIGN (0x4)
                0x00000000000048dc                __text_region_end = .

.ARM.exidx      0x00000000000048dc        0x0
                0x00000000000048dc                __exidx_start = .
 *(SORT_BY_ALIGNMENT(.ARM.exidx*) SORT_BY_ALIGNMENT(gnu.linkonce.armexidx.*))
                0x00000000000048dc                __exidx_end = .
                0x00000000000048dc                __rodata_region_start = .

initlevel       0x00000000000048dc       0x48
                0x00000000000048dc                __init_start = .
                0x00000000000048dc                __init_EARLY_start = .
 *(SORT_BY_NAME(SORT_BY_ALIGNMENT(.z_init_EARLY?_*)))
 *(SORT_BY_NAME(SORT_BY_ALIGNMENT(.z_init_EARLY??_*)))
                0x00000000000048dc                __init_PRE_KERNEL_1_start = .
 *(SORT_BY_NAME(SORT_BY_ALIGNMENT(.z_init_PRE_KERNEL_1?_*)))
 .z_init_PRE_KERNEL_10_0_
                0x00000000000048dc        0x8 zephyr/soc/soc/nrf5340/libsoc__nordic.a(soc.c.obj)
 *(SORT_BY_NAME(SORT_BY_ALIGNMENT(.z_init_PRE_KERNEL_1??_*)))
 .z_init_PRE_KERNEL_130_00077_
                0x00000000000048e4        0x8 zephyr/drivers/clock_control/libdrivers__clock_control.a(clock_control_nrf.c.obj)
 .z_init_PRE_KERNEL_140_00012_
                0x00000000000048ec        0x8 zephyr/drivers/gpio/libdrivers__gpio.a(gpio_nrfx.c.obj)
 .z_init_PRE_KERNEL_140_00032_
                0x00000000000048f4        0x8 zephyr/drivers/gpio/libdrivers__gpio.a(gpio_nrfx.c.obj)
 .z_init_PRE_KERNEL_150_00116_
                0x00000000000048fc        0x8 zephyr/drivers/serial/libdrivers__serial.a(uart_nrfx_uarte.c.obj)
 .z_init_PRE_KERNEL_160_0_
                0x0000000000004904        0x8 zephyr/drivers/console/libdrivers__console.a(uart_console.c.obj)
                0x000000000000490c                __init_PRE_KERNEL_2_start = .
 *(SORT_BY_NAME(SORT_BY_ALIGNMENT(.z_init_PRE_KERNEL_2?_*)))
 .z_init_PRE_KERNEL_20_0_
                0x000000000000490c        0x8 zephyr/drivers/timer/libdrivers__timer.a(nrf_rtc_timer.c.obj)
 *(SORT_BY_NAME(SORT_BY_ALIGNMENT(.z_init_PRE_KERNEL_2??_*)))
                0x0000000000004914                __init_POST_KERNEL_start = .
 *(SORT_BY_NAME(SORT_BY_ALIGNMENT(.z_init_POST_KERNEL?_*)))
 .z_init_POST_KERNEL0_0_
                0x0000000000004914        0x8 zephyr/soc/soc/nrf5340/libsoc__nordic.a(soc.c.obj)
 *(SORT_BY_NAME(SORT_BY_ALIGNMENT(.z_init_POST_KERNEL??_*)))
 .z_init_POST_KERNEL40_0_
                0x000000000000491c        0x8 zephyr/lib/libc/common/liblib__libc__common.a(malloc.c.obj)
                0x0000000000004924                __init_APPLICATION_start = .
 *(SORT_BY_NAME(SORT_BY_ALIGNMENT(.z_init_APPLICATION?_*)))
 *(SORT_BY_NAME(SORT_BY_ALIGNMENT(.z_init_APPLICATION??_*)))
                0x0000000000004924                __init_SMP_start = .
 *(SORT_BY_NAME(SORT_BY_ALIGNMENT(.z_init_SMP?_*)))
 *(SORT_BY_NAME(SORT_BY_ALIGNMENT(.z_init_SMP??_*)))
                0x0000000000004924                __init_end = .

device_area     0x0000000000004924       0x50
                0x0000000000004924                _device_list_start = .
 *(SORT_BY_NAME(SORT_BY_ALIGNMENT(._device.static.*_?_*)))
 *(SORT_BY_NAME(SORT_BY_ALIGNMENT(._device.static.*_??_*)))
 ._device.static.1_30_
                0x0000000000004924       0x14 zephyr/drivers/clock_control/libdrivers__clock_control.a(clock_control_nrf.c.obj)
                0x0000000000004924                __device_dts_ord_77
 ._device.static.1_40_
                0x0000000000004938       0x28 zephyr/drivers/gpio/libdrivers__gpio.a(gpio_nrfx.c.obj)
                0x0000000000004938                __device_dts_ord_32
                0x000000000000494c                __device_dts_ord_12
 ._device.static.1_50_
                0x0000000000004960       0x14 zephyr/drivers/serial/libdrivers__serial.a(uart_nrfx_uarte.c.obj)
                0x0000000000004960                __device_dts_ord_116
                0x0000000000004974                _device_list_end = .

sw_isr_table    0x0000000000004974      0x228
                0x0000000000004974                . = ALIGN (0x4)
 *(SORT_BY_ALIGNMENT(.gnu.linkonce.sw_isr_table*))
 .gnu.linkonce.sw_isr_table
                0x0000000000004974      0x228 zephyr/CMakeFiles/zephyr_final.dir/isr_tables.c.obj
                0x0000000000004974                _sw_isr_table

initlevel_error
                0x00000000000048dc        0x0
 *(SORT_BY_NAME(SORT_BY_ALIGNMENT(.z_init_[_A-Z0-9]*)))
                0x0000000000000001                ASSERT ((SIZEOF (initlevel_error) == 0x0), Undefined initialization levels used.)

app_shmem_regions
                0x0000000000004b9c        0x0
                0x0000000000004b9c                __app_shmem_regions_start = .
 *(SORT_BY_NAME(SORT_BY_ALIGNMENT(.app_regions.*)))
                0x0000000000004b9c                __app_shmem_regions_end = .

k_p4wq_initparam_area
                0x0000000000004b9c        0x0
                0x0000000000004b9c                _k_p4wq_initparam_list_start = .
 *(SORT_BY_NAME(SORT_BY_ALIGNMENT(._k_p4wq_initparam.static.*)))
                0x0000000000004b9c                _k_p4wq_initparam_list_end = .

_static_thread_data_area
                0x0000000000004b9c        0x0
                0x0000000000004b9c                __static_thread_data_list_start = .
 *(SORT_BY_NAME(SORT_BY_ALIGNMENT(.__static_thread_data.static.*)))
                0x0000000000004b9c                __static_thread_data_list_end = .

device_deps     0x0000000000004b9c        0x0
                0x0000000000004b9c                __device_deps_start = .
 *(SORT_BY_NAME(SORT_BY_ALIGNMENT(.__device_deps_pass2*)))
                0x0000000000004b9c                __device_deps_end = .

ztest           0x0000000000004b9c        0x0
                0x0000000000004b9c                _ztest_expected_result_entry_list_start = .
 *(SORT_BY_NAME(SORT_BY_ALIGNMENT(._ztest_expected_result_entry.static.*)))
                0x0000000000004b9c                _ztest_expected_result_entry_list_end = .
                0x0000000000004b9c                _ztest_suite_node_list_start = .
 *(SORT_BY_NAME(SORT_BY_ALIGNMENT(._ztest_suite_node.static.*)))
                0x0000000000004b9c                _ztest_suite_node_list_end = .
                0x0000000000004b9c                _ztest_unit_test_list_start = .
 *(SORT_BY_NAME(SORT_BY_ALIGNMENT(._ztest_unit_test.static.*)))
                0x0000000000004b9c                _ztest_unit_test_list_end = .
                0x0000000000004b9c                _ztest_test_rule_list_start = .
 *(SORT_BY_NAME(SORT_BY_ALIGNMENT(._ztest_test_rule.static.*)))
                0x0000000000004b9c                _ztest_test_rule_list_end = .

bt_l2cap_fixed_chan_area
                0x0000000000004b9c        0x0
                0x0000000000004b9c                _bt_l2cap_fixed_chan_list_start = .
 *(SORT_BY_NAME(SORT_BY_ALIGNMENT(._bt_l2cap_fixed_chan.static.*)))
                0x0000000000004b9c                _bt_l2cap_fixed_chan_list_end = .

bt_gatt_service_static_area
                0x0000000000004b9c        0x0
                0x0000000000004b9c                _bt_gatt_service_static_list_start = .
 *(SORT_BY_NAME(SORT_BY_ALIGNMENT(._bt_gatt_service_static.static.*)))
                0x0000000000004b9c                _bt_gatt_service_static_list_end = .

log_strings_area
                0x0000000000004b9c        0x0
                0x0000000000004b9c                _log_strings_list_start = .
 *(SORT_BY_NAME(SORT_BY_ALIGNMENT(._log_strings.static.*)))
                0x0000000000004b9c                _log_strings_list_end = .

log_const_area  0x0000000000004b9c        0x0
                0x0000000000004b9c                _log_const_list_start = .
 *(SORT_BY_NAME(SORT_BY_ALIGNMENT(._log_const.static.*)))
                0x0000000000004b9c                _log_const_list_end = .

log_backend_area
                0x0000000000004b9c        0x0
                0x0000000000004b9c                _log_backend_list_start = .
 *(SORT_BY_NAME(SORT_BY_ALIGNMENT(._log_backend.static.*)))
                0x0000000000004b9c                _log_backend_list_end = .

log_link_area   0x0000000000004b9c        0x0
                0x0000000000004b9c                _log_link_list_start = .
 *(SORT_BY_NAME(SORT_BY_ALIGNMENT(._log_link.static.*)))
                0x0000000000004b9c                _log_link_list_end = .

tracing_backend_area
                0x0000000000004b9c        0x0
                0x0000000000004b9c                _tracing_backend_list_start = .
 *(SORT_BY_NAME(SORT_BY_ALIGNMENT(._tracing_backend.static.*)))
                0x0000000000004b9c                _tracing_backend_list_end = .

zephyr_dbg_info
 *(SORT_BY_ALIGNMENT(.dbg_thread_info))

symbol_to_keep  0x0000000000004b9c        0x0
                0x0000000000004b9c                __symbol_to_keep_start = .
 *(SORT_BY_NAME(SORT_BY_ALIGNMENT(.symbol_to_keep*)))
                0x0000000000004b9c                __symbol_to_keep_end = .

shell_area      0x0000000000004b9c        0x0
                0x0000000000004b9c                _shell_list_start = .
 *(SORT_BY_NAME(SORT_BY_ALIGNMENT(._shell.static.*)))
                0x0000000000004b9c                _shell_list_end = .

shell_root_cmds_area
                0x0000000000004b9c        0x0
                0x0000000000004b9c                _shell_root_cmds_list_start = .
 *(SORT_BY_NAME(SORT_BY_ALIGNMENT(._shell_root_cmds.static.*)))
                0x0000000000004b9c                _shell_root_cmds_list_end = .

shell_subcmds_area
                0x0000000000004b9c        0x0
                0x0000000000004b9c                _shell_subcmds_list_start = .
 *(SORT_BY_NAME(SORT_BY_ALIGNMENT(._shell_subcmds.static.*)))
                0x0000000000004b9c                _shell_subcmds_list_end = .

shell_dynamic_subcmds_area
                0x0000000000004b9c        0x0
                0x0000000000004b9c                _shell_dynamic_subcmds_list_start = .
 *(SORT_BY_NAME(SORT_BY_ALIGNMENT(._shell_dynamic_subcmds.static.*)))
                0x0000000000004b9c                _shell_dynamic_subcmds_list_end = .

cfb_font_area   0x0000000000004b9c        0x0
                0x0000000000004b9c                _cfb_font_list_start = .
 *(SORT_BY_NAME(SORT_BY_ALIGNMENT(._cfb_font.static.*)))
                0x0000000000004b9c                _cfb_font_list_end = .

tdata           0x0000000000004b9c        0x0
 *(SORT_BY_ALIGNMENT(.tdata) SORT_BY_ALIGNMENT(.tdata.*) SORT_BY_ALIGNMENT(.gnu.linkonce.td.*))

tbss            0x0000000000004b9c        0x4
 *(SORT_BY_ALIGNMENT(.tbss) SORT_BY_ALIGNMENT(.tbss.*) SORT_BY_ALIGNMENT(.gnu.linkonce.tb.*) SORT_BY_ALIGNMENT(.tcommon))
 .tbss.z_tls_current
                0x0000000000004b9c        0x4 zephyr/libzephyr.a(thread_entry.c.obj)
                0x0000000000004b9c                z_tls_current
                0x0000000000004b9c                PROVIDE (__tdata_start = LOADADDR (tdata))
                0x0000000000000001                PROVIDE (__tdata_align = ALIGNOF (tdata))
                0x0000000000000000                PROVIDE (__tdata_size = (((SIZEOF (tdata) + __tdata_align) - 0x1) & ~ ((__tdata_align - 0x1))))
                [!provide]                        PROVIDE (__tdata_end = (__tdata_start + __tdata_size))
                0x0000000000000004                PROVIDE (__tbss_align = ALIGNOF (tbss))
                [!provide]                        PROVIDE (__tbss_start = ADDR (tbss))
                0x0000000000000004                PROVIDE (__tbss_size = (((SIZEOF (tbss) + __tbss_align) - 0x1) & ~ ((__tbss_align - 0x1))))
                [!provide]                        PROVIDE (__tbss_end = (__tbss_start + __tbss_size))
                [!provide]                        PROVIDE (__tls_start = __tdata_start)
                [!provide]                        PROVIDE (__tls_end = __tbss_end)
                [!provide]                        PROVIDE (__tls_size = (__tbss_end - __tdata_start))

rodata          0x0000000000004ba0      0x200
 *(SORT_BY_ALIGNMENT(.rodata))
 *(SORT_BY_ALIGNMENT(.rodata.*))
 .rodata.delay_machine_code.0
                0x0000000000004ba0        0x6 zephyr/soc/soc/nrf5340/libsoc__nordic.a(soc.c.obj)
 *fill*         0x0000000000004ba6        0x2 
 .rodata.mem_attr_region
                0x0000000000004ba8        0x0 zephyr/libzephyr.a(mem_attr.c.obj)
 .rodata.static_regions
                0x0000000000004ba8        0xc zephyr/arch/arch/arm/core/mpu/libarch__arm__core__mpu.a(arm_core_mpu.c.obj)
 .rodata.mpu_config
                0x0000000000004bb4        0x8 zephyr/arch/arch/arm/core/mpu/libarch__arm__core__mpu.a(arm_mpu_regions.c.obj)
                0x0000000000004bb4                mpu_config
 .rodata.mpu_regions
                0x0000000000004bbc       0x20 zephyr/arch/arch/arm/core/mpu/libarch__arm__core__mpu.a(arm_mpu_regions.c.obj)
 .rodata.stdout
                0x0000000000004bdc        0x4 zephyr/lib/libc/picolibc/liblib__libc__picolibc.a(libc-hooks.c.obj)
                0x0000000000004bdc                stdout
                0x0000000000004bdc                stderr
 .rodata.transitions.0
                0x0000000000004be0        0xc zephyr/drivers/clock_control/libdrivers__clock_control.a(clock_control_nrf.c.obj)
 .rodata.config
                0x0000000000004bec       0x20 zephyr/drivers/clock_control/libdrivers__clock_control.a(clock_control_nrf.c.obj)
 .rodata.clock_control_api
                0x0000000000004c0c       0x1c zephyr/drivers/clock_control/libdrivers__clock_control.a(clock_control_nrf.c.obj)
 .rodata.gpio_nrfx_p1_cfg
                0x0000000000004c28       0x18 zephyr/drivers/gpio/libdrivers__gpio.a(gpio_nrfx.c.obj)
 .rodata.gpio_nrfx_p0_cfg
                0x0000000000004c40       0x18 zephyr/drivers/gpio/libdrivers__gpio.a(gpio_nrfx.c.obj)
 .rodata.gpio_nrfx_drv_api_funcs
                0x0000000000004c58       0x24 zephyr/drivers/gpio/libdrivers__gpio.a(gpio_nrfx.c.obj)
 .rodata.uarte_0z_config
                0x0000000000004c7c       0x10 zephyr/drivers/serial/libdrivers__serial.a(uart_nrfx_uarte.c.obj)
 .rodata.__pinctrl_dev_config__device_dts_ord_116
                0x0000000000004c8c        0xc zephyr/drivers/serial/libdrivers__serial.a(uart_nrfx_uarte.c.obj)
 .rodata.__pinctrl_states__device_dts_ord_116
                0x0000000000004c98        0x8 zephyr/drivers/serial/libdrivers__serial.a(uart_nrfx_uarte.c.obj)
 .rodata.__pinctrl_state_pins_0__device_dts_ord_116
                0x0000000000004ca0       0x10 zephyr/drivers/serial/libdrivers__serial.a(uart_nrfx_uarte.c.obj)
 .rodata.uart_nrfx_uarte_driver_api
                0x0000000000004cb0        0xc zephyr/drivers/serial/libdrivers__serial.a(uart_nrfx_uarte.c.obj)
 .rodata.levels.0
                0x0000000000004cbc       0x18 zephyr/kernel/libkernel.a(init.c.obj)
 .rodata.main.str1.1
                0x0000000000004cd4       0x1b app/libapp.a(main.c.obj)
 .rodata.str1.1
                0x0000000000004cef        0xf zephyr/arch/arch/arm/core/mpu/libarch__arm__core__mpu.a(arm_mpu_regions.c.obj)
 .rodata.str1.1
                0x0000000000004cfe        0xb zephyr/drivers/clock_control/libdrivers__clock_control.a(clock_control_nrf.c.obj)
 .rodata.str1.1
                0x0000000000004d09       0x18 zephyr/drivers/gpio/libdrivers__gpio.a(gpio_nrfx.c.obj)
 .rodata.drive_modes
                0x0000000000004d21        0x9 zephyr/drivers/pinctrl/libdrivers__pinctrl.a(pinctrl_nrf.c.obj)
 .rodata.str1.1
                0x0000000000004d2a        0xa zephyr/drivers/serial/libdrivers__serial.a(uart_nrfx_uarte.c.obj)
 .rodata.CSWTCH.17
                0x0000000000004d34        0x4 modules/hal_nordic/nrfx/libmodules__hal_nordic__nrfx.a(system_nrf5340_application.c.obj)
 .rodata.CSWTCH.5
                0x0000000000004d38        0x4 modules/hal_nordic/nrfx/libmodules__hal_nordic__nrfx.a(system_nrf5340_application.c.obj)
 .rodata.CSWTCH.3
                0x0000000000004d3c        0x4 modules/hal_nordic/nrfx/libmodules__hal_nordic__nrfx.a(system_nrf5340_application.c.obj)
 .rodata.port_offset.1
                0x0000000000004d40       0x10 modules/hal_nordic/nrfx/libmodules__hal_nordic__nrfx.a(nrfx_gpiote.c.obj)
 .rodata.ports  0x0000000000004d50        0x2 modules/hal_nordic/nrfx/libmodules__hal_nordic__nrfx.a(nrfx_gpiote.c.obj)
 .rodata.z_cstart.str1.1
                0x0000000000004d52        0x5 zephyr/kernel/libkernel.a(init.c.obj)
 .rodata.boot_banner.str1.1
                0x0000000000004d57       0x3a zephyr/kernel/libkernel.a(banner.c.obj)
 .rodata.__l_vfprintf.str1.1
                0x0000000000004d91        0xf /home/tao/zephyr-sdk-0.16.5-1/arm-zephyr-eabi/bin/../lib/gcc/../../picolibc/arm-zephyr-eabi/lib/thumb/v8-m.main/nofp/libc.a(libc_tinystdio_vflprintf.c.o)
 *(SORT_BY_ALIGNMENT(.gnu.linkonce.r.*))
                0x0000000000004da0                . = ALIGN (0x4)
                0x0000000000004da0                __rodata_region_end = .
                0x0000000000004da0                . = ALIGN (_region_min_align)
                0x0000000000004da0                __rom_region_end = ((__rom_region_start + .) - ADDR (rom_start))

/DISCARD/
 *(SORT_BY_ALIGNMENT(.got.plt))
 *(SORT_BY_ALIGNMENT(.igot.plt))
 *(SORT_BY_ALIGNMENT(.got))
 *(SORT_BY_ALIGNMENT(.igot))
                0x0000000020000000                . = 0x20000000
                0x0000000020000000                . = ALIGN (_region_min_align)
                0x0000000020000000                _image_ram_start = .

.ramfunc        0x0000000020000000        0x0 load address 0x0000000000004da0
                0x0000000020000000                . = ALIGN (_region_min_align)
                0x0000000020000000                __ramfunc_start = .
 *(SORT_BY_ALIGNMENT(.ramfunc))
 *(SORT_BY_ALIGNMENT(.ramfunc.*))
                0x0000000020000000                . = ALIGN (_region_min_align)
                0x0000000020000000                __ramfunc_end = .
                0x0000000000000000                __ramfunc_size = (__ramfunc_end - __ramfunc_start)
                0x0000000000004da0                __ramfunc_load_start = LOADADDR (.ramfunc)

datas           0x0000000020000000       0xc4 load address 0x0000000000004da0
                0x0000000020000000                __data_region_start = .
                0x0000000020000000                __data_start = .
 *(SORT_BY_ALIGNMENT(.data))
 *(SORT_BY_ALIGNMENT(.data.*))
 .data._char_out
                0x0000000020000000        0x4 zephyr/libzephyr.a(printk.c.obj)
                0x0000000020000000                _char_out
 .data.__stdout
                0x0000000020000004       0x10 zephyr/lib/libc/picolibc/liblib__libc__picolibc.a(libc-hooks.c.obj)
 .data.uarte_0_data
                0x0000000020000014       0x1c zephyr/drivers/serial/libdrivers__serial.a(uart_nrfx_uarte.c.obj)
 .data.SystemCoreClock
                0x0000000020000030        0x4 modules/hal_nordic/nrfx/libmodules__hal_nordic__nrfx.a(system_nrf5340_application.c.obj)
                0x0000000020000030                SystemCoreClock
 .data.m_allocated_channels
                0x0000000020000034        0x4 modules/hal_nordic/nrfx/libmodules__hal_nordic__nrfx.a(nrfx_dppi.c.obj)
 .data.m_cb     0x0000000020000038       0x84 modules/hal_nordic/nrfx/libmodules__hal_nordic__nrfx.a(nrfx_gpiote.c.obj)
 .data.timeout_list
                0x00000000200000bc        0x8 zephyr/kernel/libkernel.a(timeout.c.obj)
 *(SORT_BY_ALIGNMENT(.kernel.*))
                0x00000000200000c4                __data_end = .
                0x00000000000000c4                __data_size = (__data_end - __data_start)
                0x0000000000004da0                __data_load_start = LOADADDR (datas)
                0x0000000000004da0                __data_region_load_start = LOADADDR (datas)

device_states   0x00000000200000c4        0x8 load address 0x0000000000004e64
                0x00000000200000c4                __device_states_start = .
 *(SORT_BY_ALIGNMENT(.z_devstate))
 .z_devstate    0x00000000200000c4        0x2 zephyr/drivers/clock_control/libdrivers__clock_control.a(clock_control_nrf.c.obj)
 .z_devstate    0x00000000200000c6        0x4 zephyr/drivers/gpio/libdrivers__gpio.a(gpio_nrfx.c.obj)
 .z_devstate    0x00000000200000ca        0x2 zephyr/drivers/serial/libdrivers__serial.a(uart_nrfx_uarte.c.obj)
 *(SORT_BY_ALIGNMENT(.z_devstate.*))
                0x00000000200000cc                __device_states_end = .

log_mpsc_pbuf_area
                0x00000000200000cc        0x0 load address 0x0000000000004e6c
                0x00000000200000cc                _log_mpsc_pbuf_list_start = .
 *(SORT_BY_NAME(SORT_BY_ALIGNMENT(._log_mpsc_pbuf.static.*)))
                0x00000000200000cc                _log_mpsc_pbuf_list_end = .

log_msg_ptr_area
                0x00000000200000cc        0x0 load address 0x0000000000004e6c
                0x00000000200000cc                _log_msg_ptr_list_start = .
 *(SORT_BY_NAME(SORT_BY_ALIGNMENT(._log_msg_ptr.static.*)))
                0x00000000200000cc                _log_msg_ptr_list_end = .

log_dynamic_area
                0x00000000200000cc        0x0 load address 0x0000000000004e6c
                0x00000000200000cc                _log_dynamic_list_start = .
 *(SORT_BY_NAME(SORT_BY_ALIGNMENT(._log_dynamic.static.*)))
                0x00000000200000cc                _log_dynamic_list_end = .

k_timer_area    0x00000000200000cc        0x0 load address 0x0000000000004e6c
                0x00000000200000cc                _k_timer_list_start = .
 *(SORT_BY_NAME(SORT_BY_ALIGNMENT(._k_timer.static.*)))
                0x00000000200000cc                _k_timer_list_end = .

k_mem_slab_area
                0x00000000200000cc        0x0 load address 0x0000000000004e6c
                0x00000000200000cc                _k_mem_slab_list_start = .
 *(SORT_BY_NAME(SORT_BY_ALIGNMENT(._k_mem_slab.static.*)))
                0x00000000200000cc                _k_mem_slab_list_end = .

k_heap_area     0x00000000200000cc        0x0 load address 0x0000000000004e6c
                0x00000000200000cc                _k_heap_list_start = .
 *(SORT_BY_NAME(SORT_BY_ALIGNMENT(._k_heap.static.*)))
                0x00000000200000cc                _k_heap_list_end = .

k_mutex_area    0x00000000200000cc        0x0 load address 0x0000000000004e6c
                0x00000000200000cc                _k_mutex_list_start = .
 *(SORT_BY_NAME(SORT_BY_ALIGNMENT(._k_mutex.static.*)))
                0x00000000200000cc                _k_mutex_list_end = .

k_stack_area    0x00000000200000cc        0x0 load address 0x0000000000004e6c
                0x00000000200000cc                _k_stack_list_start = .
 *(SORT_BY_NAME(SORT_BY_ALIGNMENT(._k_stack.static.*)))
                0x00000000200000cc                _k_stack_list_end = .

k_msgq_area     0x00000000200000cc        0x0 load address 0x0000000000004e6c
                0x00000000200000cc                _k_msgq_list_start = .
 *(SORT_BY_NAME(SORT_BY_ALIGNMENT(._k_msgq.static.*)))
                0x00000000200000cc                _k_msgq_list_end = .

k_mbox_area     0x00000000200000cc        0x0 load address 0x0000000000004e6c
                0x00000000200000cc                _k_mbox_list_start = .
 *(SORT_BY_NAME(SORT_BY_ALIGNMENT(._k_mbox.static.*)))
                0x00000000200000cc                _k_mbox_list_end = .

k_pipe_area     0x00000000200000cc        0x0 load address 0x0000000000004e6c
                0x00000000200000cc                _k_pipe_list_start = .
 *(SORT_BY_NAME(SORT_BY_ALIGNMENT(._k_pipe.static.*)))
                0x00000000200000cc                _k_pipe_list_end = .

k_sem_area      0x00000000200000cc        0x0 load address 0x0000000000004e6c
                0x00000000200000cc                _k_sem_list_start = .
 *(SORT_BY_NAME(SORT_BY_ALIGNMENT(._k_sem.static.*)))
                0x00000000200000cc                _k_sem_list_end = .

k_event_area    0x00000000200000cc        0x0 load address 0x0000000000004e6c
                0x00000000200000cc                _k_event_list_start = .
 *(SORT_BY_NAME(SORT_BY_ALIGNMENT(._k_event.static.*)))
                0x00000000200000cc                _k_event_list_end = .

k_queue_area    0x00000000200000cc        0x0 load address 0x0000000000004e6c
                0x00000000200000cc                _k_queue_list_start = .
 *(SORT_BY_NAME(SORT_BY_ALIGNMENT(._k_queue.static.*)))
                0x00000000200000cc                _k_queue_list_end = .

k_fifo_area     0x00000000200000cc        0x0 load address 0x0000000000004e6c
                0x00000000200000cc                _k_fifo_list_start = .
 *(SORT_BY_NAME(SORT_BY_ALIGNMENT(._k_fifo.static.*)))
                0x00000000200000cc                _k_fifo_list_end = .

k_lifo_area     0x00000000200000cc        0x0 load address 0x0000000000004e6c
                0x00000000200000cc                _k_lifo_list_start = .
 *(SORT_BY_NAME(SORT_BY_ALIGNMENT(._k_lifo.static.*)))
                0x00000000200000cc                _k_lifo_list_end = .

k_condvar_area  0x00000000200000cc        0x0 load address 0x0000000000004e6c
                0x00000000200000cc                _k_condvar_list_start = .
 *(SORT_BY_NAME(SORT_BY_ALIGNMENT(._k_condvar.static.*)))
                0x00000000200000cc                _k_condvar_list_end = .

sys_mem_blocks_ptr_area
                0x00000000200000cc        0x0 load address 0x0000000000004e6c
                0x00000000200000cc                _sys_mem_blocks_ptr_list_start = .
 *(SORT_BY_NAME(SORT_BY_ALIGNMENT(._sys_mem_blocks_ptr.static.*)))
                0x00000000200000cc                _sys_mem_blocks_ptr_list_end = .

net_buf_pool_area
                0x00000000200000cc        0x0 load address 0x0000000000004e6c
                0x00000000200000cc                _net_buf_pool_list_start = .
 *(SORT_BY_NAME(SORT_BY_ALIGNMENT(._net_buf_pool.static.*)))
                0x00000000200000cc                _net_buf_pool_list_end = .
                0x00000000200000cc                __data_region_end = .

bss             0x00000000200000d0      0x29b
                0x00000000200000d0                . = ALIGN (0x4)
                0x00000000200000d0                __bss_start = .
                0x00000000200000d0                __kernel_ram_start = .
 *(SORT_BY_ALIGNMENT(.bss))
 *(SORT_BY_ALIGNMENT(.bss.*))
 .bss.cc_data   0x00000000200000d0       0x10 zephyr/drivers/timer/libdrivers__timer.a(nrf_rtc_timer.c.obj)
 .bss.last_count
                0x00000000200000e0        0x8 zephyr/drivers/timer/libdrivers__timer.a(nrf_rtc_timer.c.obj)
 .bss.anchor    0x00000000200000e8        0x8 zephyr/drivers/timer/libdrivers__timer.a(nrf_rtc_timer.c.obj)
 .bss.z_idle_threads
                0x00000000200000f0       0x80 zephyr/kernel/libkernel.a(init.c.obj)
                0x00000000200000f0                z_idle_threads
 .bss.z_main_thread
                0x0000000020000170       0x80 zephyr/kernel/libkernel.a(init.c.obj)
                0x0000000020000170                z_main_thread
 .bss.slice_timeouts
                0x00000000200001f0       0x18 zephyr/kernel/libkernel.a(sched.c.obj)
 .bss.curr_tick
                0x0000000020000208        0x8 zephyr/kernel/libkernel.a(timeout.c.obj)
 .bss.z_arm_tls_ptr
                0x0000000020000210        0x4 zephyr/arch/arch/arm/core/libarch__arm__core.a(tls.c.obj)
                0x0000000020000210                z_arm_tls_ptr
 .bss.dyn_reg_info
                0x0000000020000214       0x14 zephyr/arch/arch/arm/core/mpu/libarch__arm__core__mpu.a(arm_mpu.c.obj)
 .bss._stdout_hook
                0x0000000020000228        0x4 zephyr/lib/libc/picolibc/liblib__libc__picolibc.a(libc-hooks.c.obj)
 .bss.z_malloc_heap
                0x000000002000022c        0xc zephyr/lib/libc/common/liblib__libc__common.a(malloc.c.obj)
 .bss.timestamps.1
                0x0000000020000238       0x14 zephyr/soc/soc/nrf5340/libsoc__nordic.a(soc.c.obj)
 .bss.cli.1     0x000000002000024c       0x10 zephyr/drivers/clock_control/libdrivers__clock_control.a(clock_control_nrf.c.obj)
 .bss.on.2      0x000000002000025c        0x4 zephyr/drivers/clock_control/libdrivers__clock_control.a(clock_control_nrf.c.obj)
 .bss.data      0x0000000020000260       0xa0 zephyr/drivers/clock_control/libdrivers__clock_control.a(clock_control_nrf.c.obj)
 .bss.hfclk_users
                0x0000000020000300        0x4 zephyr/drivers/clock_control/libdrivers__clock_control.a(clock_control_nrf.c.obj)
 .bss.gpio_nrfx_p1_data
                0x0000000020000304        0xc zephyr/drivers/gpio/libdrivers__gpio.a(gpio_nrfx.c.obj)
 .bss.gpio_nrfx_p0_data
                0x0000000020000310        0xc zephyr/drivers/gpio/libdrivers__gpio.a(gpio_nrfx.c.obj)
 .bss.force_isr_mask
                0x000000002000031c        0x4 zephyr/drivers/timer/libdrivers__timer.a(nrf_rtc_timer.c.obj)
 .bss.int_mask  0x0000000020000320        0x4 zephyr/drivers/timer/libdrivers__timer.a(nrf_rtc_timer.c.obj)
 .bss.overflow_cnt
                0x0000000020000324        0x4 zephyr/drivers/timer/libdrivers__timer.a(nrf_rtc_timer.c.obj)
 .bss.m_clock_cb
                0x0000000020000328        0x8 modules/hal_nordic/nrfx/libmodules__hal_nordic__nrfx.a(nrfx_clock.c.obj)
 .bss._cpus_active
                0x0000000020000330        0x4 zephyr/kernel/libkernel.a(init.c.obj)
                0x0000000020000330                _cpus_active
 .bss._kernel   0x0000000020000334       0x20 zephyr/kernel/libkernel.a(init.c.obj)
                0x0000000020000334                _kernel
 .bss.pending_current
                0x0000000020000354        0x4 zephyr/kernel/libkernel.a(sched.c.obj)
 .bss.slice_max_prio
                0x0000000020000358        0x4 zephyr/kernel/libkernel.a(sched.c.obj)
 .bss.slice_ticks
                0x000000002000035c        0x4 zephyr/kernel/libkernel.a(sched.c.obj)
 .bss.announce_remaining
                0x0000000020000360        0x4 zephyr/kernel/libkernel.a(timeout.c.obj)
 .bss.static_regions_num
                0x0000000020000364        0x1 zephyr/arch/arch/arm/core/mpu/libarch__arm__core__mpu.a(arm_mpu.c.obj)
 .bss.timestamps_filled.2
                0x0000000020000365        0x1 zephyr/soc/soc/nrf5340/libsoc__nordic.a(soc.c.obj)
 .bss.current.3
                0x0000000020000366        0x1 zephyr/soc/soc/nrf5340/libsoc__nordic.a(soc.c.obj)
 .bss.uarte0_rx_data
                0x0000000020000367        0x1 zephyr/drivers/serial/libdrivers__serial.a(uart_nrfx_uarte.c.obj)
 .bss.uarte0_char_out
                0x0000000020000368        0x1 zephyr/drivers/serial/libdrivers__serial.a(uart_nrfx_uarte.c.obj)
 .bss.z_sys_post_kernel
                0x0000000020000369        0x1 zephyr/kernel/libkernel.a(init.c.obj)
                0x0000000020000369                z_sys_post_kernel
 .bss.slice_expired
                0x000000002000036a        0x1 zephyr/kernel/libkernel.a(sched.c.obj)
 .bss._sched_spinlock
                0x000000002000036b        0x0 zephyr/kernel/libkernel.a(sched.c.obj)
                0x000000002000036b                _sched_spinlock
 .bss.lock      0x000000002000036b        0x0 zephyr/kernel/libkernel.a(sem.c.obj)
 *(SORT_BY_ALIGNMENT(COMMON))
 *(SORT_BY_ALIGNMENT(.kernel_bss.*))
                0x000000002000036c                __bss_end = ALIGN (0x4)

noinit          0x0000000020000370      0xd40
 *(SORT_BY_ALIGNMENT(.noinit))
 *(SORT_BY_ALIGNMENT(.noinit.*))
 .noinit."WEST_TOPDIR/zephyr/kernel/init.c".2
                0x0000000020000370      0x800 zephyr/kernel/libkernel.a(init.c.obj)
                0x0000000020000370                z_interrupt_stacks
 .noinit."WEST_TOPDIR/zephyr/kernel/init.c".1
                0x0000000020000b70      0x140 zephyr/kernel/libkernel.a(init.c.obj)
 .noinit."WEST_TOPDIR/zephyr/kernel/init.c".0
                0x0000000020000cb0      0x400 zephyr/kernel/libkernel.a(init.c.obj)
                0x0000000020000cb0                z_main_stack
 *(SORT_BY_ALIGNMENT(.kernel_noinit.*))
                0x0000000020070000                __kernel_ram_end = 0x20070000
                0x000000000006ff30                __kernel_ram_size = (__kernel_ram_end - __kernel_ram_start)

/DISCARD/
 *(SORT_BY_ALIGNMENT(.irq_info*))
 *(SORT_BY_ALIGNMENT(.intList*))

.last_ram_section
                0x00000000200010b0        0x0
                0x00000000200010b0                _image_ram_end = .
                0x00000000000010b0                _image_ram_size = (_image_ram_end - _image_ram_start)
                0x00000000200010b0                _end = .
                0x00000000200010b0                z_mapped_end = .

.stab
 *(SORT_BY_ALIGNMENT(.stab))

.stabstr
 *(SORT_BY_ALIGNMENT(.stabstr))

.stab.excl
 *(SORT_BY_ALIGNMENT(.stab.excl))

.stab.exclstr
 *(SORT_BY_ALIGNMENT(.stab.exclstr))

.stab.index
 *(SORT_BY_ALIGNMENT(.stab.index))

.stab.indexstr
 *(SORT_BY_ALIGNMENT(.stab.indexstr))

.gnu.build.attributes
 *(SORT_BY_ALIGNMENT(.gnu.build.attributes) SORT_BY_ALIGNMENT(.gnu.build.attributes.*))

.comment        0x0000000000000000       0x22
 *(SORT_BY_ALIGNMENT(.comment))
 .comment       0x0000000000000000       0x22 zephyr/CMakeFiles/zephyr_final.dir/isr_tables.c.obj
                                         0x23 (size before relaxing)
 .comment       0x0000000000000022       0x23 zephyr/CMakeFiles/offsets.dir/./arch/arm/core/offsets/offsets.c.obj
 .comment       0x0000000000000022       0x23 app/libapp.a(main.c.obj)
 .comment       0x0000000000000022       0x23 zephyr/libzephyr.a(heap.c.obj)
 .comment       0x0000000000000022       0x23 zephyr/libzephyr.a(printk.c.obj)
 .comment       0x0000000000000022       0x23 zephyr/libzephyr.a(thread_entry.c.obj)
 .comment       0x0000000000000022       0x23 zephyr/libzephyr.a(onoff.c.obj)
 .comment       0x0000000000000022       0x23 zephyr/libzephyr.a(notify.c.obj)
 .comment       0x0000000000000022       0x23 zephyr/libzephyr.a(configs.c.obj)
 .comment       0x0000000000000022       0x23 zephyr/libzephyr.a(mem_attr.c.obj)
 .comment       0x0000000000000022       0x23 zephyr/arch/arch/arm/core/libarch__arm__core.a(fatal.c.obj)
 .comment       0x0000000000000022       0x23 zephyr/arch/arch/arm/core/libarch__arm__core.a(nmi.c.obj)
 .comment       0x0000000000000022       0x23 zephyr/arch/arch/arm/core/libarch__arm__core.a(tls.c.obj)
 .comment       0x0000000000000022       0x23 zephyr/arch/arch/arm/core/cortex_m/libarch__arm__core__cortex_m.a(fault.c.obj)
 .comment       0x0000000000000022       0x23 zephyr/arch/arch/arm/core/cortex_m/libarch__arm__core__cortex_m.a(thread_abort.c.obj)
 .comment       0x0000000000000022       0x23 zephyr/arch/arch/arm/core/cortex_m/libarch__arm__core__cortex_m.a(swap.c.obj)
 .comment       0x0000000000000022       0x23 zephyr/arch/arch/arm/core/cortex_m/libarch__arm__core__cortex_m.a(irq_manage.c.obj)
 .comment       0x0000000000000022       0x23 zephyr/arch/arch/arm/core/cortex_m/libarch__arm__core__cortex_m.a(prep_c.c.obj)
 .comment       0x0000000000000022       0x23 zephyr/arch/arch/arm/core/cortex_m/libarch__arm__core__cortex_m.a(thread.c.obj)
 .comment       0x0000000000000022       0x23 zephyr/arch/arch/arm/core/cortex_m/libarch__arm__core__cortex_m.a(irq_init.c.obj)
 .comment       0x0000000000000022       0x23 zephyr/arch/arch/arm/core/cortex_m/cmse/libarch__arm__core__cortex_m__cmse.a(arm_core_cmse.c.obj)
 .comment       0x0000000000000022       0x23 zephyr/arch/arch/arm/core/mpu/libarch__arm__core__mpu.a(arm_core_mpu.c.obj)
 .comment       0x0000000000000022       0x23 zephyr/arch/arch/arm/core/mpu/libarch__arm__core__mpu.a(arm_mpu.c.obj)
 .comment       0x0000000000000022       0x23 zephyr/arch/arch/arm/core/mpu/libarch__arm__core__mpu.a(arm_mpu_regions.c.obj)
 .comment       0x0000000000000022       0x23 zephyr/lib/libc/picolibc/liblib__libc__picolibc.a(libc-hooks.c.obj)
 .comment       0x0000000000000022       0x23 zephyr/lib/libc/common/liblib__libc__common.a(malloc.c.obj)
 .comment       0x0000000000000022       0x23 zephyr/soc/soc/nrf5340/libsoc__nordic.a(soc.c.obj)
 .comment       0x0000000000000022       0x23 zephyr/drivers/clock_control/libdrivers__clock_control.a(clock_control_nrf.c.obj)
 .comment       0x0000000000000022       0x23 zephyr/drivers/console/libdrivers__console.a(uart_console.c.obj)
 .comment       0x0000000000000022       0x23 zephyr/drivers/gpio/libdrivers__gpio.a(gpio_nrfx.c.obj)
 .comment       0x0000000000000022       0x23 zephyr/drivers/pinctrl/libdrivers__pinctrl.a(common.c.obj)
 .comment       0x0000000000000022       0x23 zephyr/drivers/pinctrl/libdrivers__pinctrl.a(pinctrl_nrf.c.obj)
 .comment       0x0000000000000022       0x23 zephyr/drivers/serial/libdrivers__serial.a(uart_nrfx_uarte.c.obj)
 .comment       0x0000000000000022       0x23 zephyr/drivers/timer/libdrivers__timer.a(nrf_rtc_timer.c.obj)
 .comment       0x0000000000000022       0x23 modules/hal_nordic/nrfx/libmodules__hal_nordic__nrfx.a(system_nrf5340_application.c.obj)
 .comment       0x0000000000000022       0x23 modules/hal_nordic/nrfx/libmodules__hal_nordic__nrfx.a(nrfx_glue.c.obj)
 .comment       0x0000000000000022       0x23 modules/hal_nordic/nrfx/libmodules__hal_nordic__nrfx.a(nrfx_flag32_allocator.c.obj)
 .comment       0x0000000000000022       0x23 modules/hal_nordic/nrfx/libmodules__hal_nordic__nrfx.a(nrfx_gppi_dppi.c.obj)
 .comment       0x0000000000000022       0x23 modules/hal_nordic/nrfx/libmodules__hal_nordic__nrfx.a(nrfx_clock.c.obj)
 .comment       0x0000000000000022       0x23 modules/hal_nordic/nrfx/libmodules__hal_nordic__nrfx.a(nrfx_dppi.c.obj)
 .comment       0x0000000000000022       0x23 modules/hal_nordic/nrfx/libmodules__hal_nordic__nrfx.a(nrfx_gpiote.c.obj)
 .comment       0x0000000000000022       0x23 zephyr/kernel/libkernel.a(busy_wait.c.obj)
 .comment       0x0000000000000022       0x23 zephyr/kernel/libkernel.a(device.c.obj)
 .comment       0x0000000000000022       0x23 zephyr/kernel/libkernel.a(fatal.c.obj)
 .comment       0x0000000000000022       0x23 zephyr/kernel/libkernel.a(init.c.obj)
 .comment       0x0000000000000022       0x23 zephyr/kernel/libkernel.a(thread.c.obj)
 .comment       0x0000000000000022       0x23 zephyr/kernel/libkernel.a(sched.c.obj)
 .comment       0x0000000000000022       0x23 zephyr/kernel/libkernel.a(idle.c.obj)
 .comment       0x0000000000000022       0x23 zephyr/kernel/libkernel.a(sem.c.obj)
 .comment       0x0000000000000022       0x23 zephyr/kernel/libkernel.a(xip.c.obj)
 .comment       0x0000000000000022       0x23 zephyr/kernel/libkernel.a(timeout.c.obj)
 .comment       0x0000000000000022       0x23 zephyr/kernel/libkernel.a(banner.c.obj)
 .comment       0x0000000000000022       0x23 zephyr/kernel/libkernel.a(priority_queues.c.obj)

.debug
 *(SORT_BY_ALIGNMENT(.debug))

.line
 *(SORT_BY_ALIGNMENT(.line))

.debug_srcinfo
 *(SORT_BY_ALIGNMENT(.debug_srcinfo))

.debug_sfnames
 *(SORT_BY_ALIGNMENT(.debug_sfnames))

.debug_aranges  0x0000000000000000     0x1330
 *(SORT_BY_ALIGNMENT(.debug_aranges))
 .debug_aranges
                0x0000000000000000       0x20 zephyr/arch/arch/arm/core/libarch__arm__core.a(nmi_on_reset.S.obj)
 .debug_aranges
                0x0000000000000020       0x20 zephyr/arch/arch/arm/core/cortex_m/libarch__arm__core__cortex_m.a(exc_exit.S.obj)
 .debug_aranges
                0x0000000000000040       0x20 zephyr/arch/arch/arm/core/cortex_m/libarch__arm__core__cortex_m.a(fault_s.S.obj)
 .debug_aranges
                0x0000000000000060       0x20 zephyr/arch/arch/arm/core/cortex_m/libarch__arm__core__cortex_m.a(reset.S.obj)
 .debug_aranges
                0x0000000000000080       0x28 zephyr/arch/arch/arm/core/cortex_m/libarch__arm__core__cortex_m.a(swap_helper.S.obj)
 .debug_aranges
                0x00000000000000a8       0x30 zephyr/arch/arch/arm/core/cortex_m/libarch__arm__core__cortex_m.a(cpu_idle.S.obj)
 .debug_aranges
                0x00000000000000d8       0x20 zephyr/arch/arch/arm/core/cortex_m/libarch__arm__core__cortex_m.a(isr_wrapper.S.obj)
 .debug_aranges
                0x00000000000000f8       0x20 zephyr/arch/arch/arm/core/cortex_m/libarch__arm__core__cortex_m.a(__aeabi_read_tp.S.obj)
 .debug_aranges
                0x0000000000000118       0x20 zephyr/soc/soc/nrf5340/libsoc__nordic.a(soc_nrf_common.S.obj)
 .debug_aranges
                0x0000000000000138       0x18 zephyr/CMakeFiles/zephyr_final.dir/isr_tables.c.obj
 .debug_aranges
                0x0000000000000150       0x20 zephyr/CMakeFiles/offsets.dir/./arch/arm/core/offsets/offsets.c.obj
 .debug_aranges
                0x0000000000000170       0x20 app/libapp.a(main.c.obj)
 .debug_aranges
                0x0000000000000190       0xb8 zephyr/libzephyr.a(heap.c.obj)
 .debug_aranges
                0x0000000000000248       0x50 zephyr/libzephyr.a(printk.c.obj)
 .debug_aranges
                0x0000000000000298       0x20 zephyr/libzephyr.a(thread_entry.c.obj)
 .debug_aranges
                0x00000000000002b8       0x90 zephyr/libzephyr.a(onoff.c.obj)
 .debug_aranges
                0x0000000000000348       0x28 zephyr/libzephyr.a(notify.c.obj)
 .debug_aranges
                0x0000000000000370       0x20 zephyr/libzephyr.a(configs.c.obj)
 .debug_aranges
                0x0000000000000390       0x28 zephyr/libzephyr.a(mem_attr.c.obj)
 .debug_aranges
                0x00000000000003b8       0x30 zephyr/arch/arch/arm/core/libarch__arm__core.a(fatal.c.obj)
 .debug_aranges
                0x00000000000003e8       0x20 zephyr/arch/arch/arm/core/libarch__arm__core.a(nmi.c.obj)
 .debug_aranges
                0x0000000000000408       0x20 zephyr/arch/arch/arm/core/libarch__arm__core.a(tls.c.obj)
 .debug_aranges
                0x0000000000000428       0x40 zephyr/arch/arch/arm/core/cortex_m/libarch__arm__core__cortex_m.a(fault.c.obj)
 .debug_aranges
                0x0000000000000468       0x20 zephyr/arch/arch/arm/core/cortex_m/libarch__arm__core__cortex_m.a(thread_abort.c.obj)
 .debug_aranges
                0x0000000000000488       0x20 zephyr/arch/arch/arm/core/cortex_m/libarch__arm__core__cortex_m.a(swap.c.obj)
 .debug_aranges
                0x00000000000004a8       0x40 zephyr/arch/arch/arm/core/cortex_m/libarch__arm__core__cortex_m.a(irq_manage.c.obj)
 .debug_aranges
                0x00000000000004e8       0x20 zephyr/arch/arch/arm/core/cortex_m/libarch__arm__core__cortex_m.a(prep_c.c.obj)
 .debug_aranges
                0x0000000000000508       0x30 zephyr/arch/arch/arm/core/cortex_m/libarch__arm__core__cortex_m.a(thread.c.obj)
 .debug_aranges
                0x0000000000000538       0x20 zephyr/arch/arch/arm/core/cortex_m/libarch__arm__core__cortex_m.a(irq_init.c.obj)
 .debug_aranges
                0x0000000000000558       0x40 zephyr/arch/arch/arm/core/cortex_m/cmse/libarch__arm__core__cortex_m__cmse.a(arm_core_cmse.c.obj)
 .debug_aranges
                0x0000000000000598       0x28 zephyr/arch/arch/arm/core/mpu/libarch__arm__core__mpu.a(arm_core_mpu.c.obj)
 .debug_aranges
                0x00000000000005c0       0x68 zephyr/arch/arch/arm/core/mpu/libarch__arm__core__mpu.a(arm_mpu.c.obj)
 .debug_aranges
                0x0000000000000628       0x18 zephyr/arch/arch/arm/core/mpu/libarch__arm__core__mpu.a(arm_mpu_regions.c.obj)
 .debug_aranges
                0x0000000000000640       0xb0 zephyr/lib/libc/picolibc/liblib__libc__picolibc.a(libc-hooks.c.obj)
 .debug_aranges
                0x00000000000006f0       0x60 zephyr/lib/libc/common/liblib__libc__common.a(malloc.c.obj)
 .debug_aranges
                0x0000000000000750       0x40 zephyr/soc/soc/nrf5340/libsoc__nordic.a(soc.c.obj)
 .debug_aranges
                0x0000000000000790       0xe8 zephyr/drivers/clock_control/libdrivers__clock_control.a(clock_control_nrf.c.obj)
 .debug_aranges
                0x0000000000000878       0x30 zephyr/drivers/console/libdrivers__console.a(uart_console.c.obj)
 .debug_aranges
                0x00000000000008a8       0x68 zephyr/drivers/gpio/libdrivers__gpio.a(gpio_nrfx.c.obj)
 .debug_aranges
                0x0000000000000910       0x20 zephyr/drivers/pinctrl/libdrivers__pinctrl.a(common.c.obj)
 .debug_aranges
                0x0000000000000930       0x28 zephyr/drivers/pinctrl/libdrivers__pinctrl.a(pinctrl_nrf.c.obj)
 .debug_aranges
                0x0000000000000958       0x48 zephyr/drivers/serial/libdrivers__serial.a(uart_nrfx_uarte.c.obj)
 .debug_aranges
                0x00000000000009a0       0xd8 zephyr/drivers/timer/libdrivers__timer.a(nrf_rtc_timer.c.obj)
 .debug_aranges
                0x0000000000000a78       0x40 modules/hal_nordic/nrfx/libmodules__hal_nordic__nrfx.a(system_nrf5340_application.c.obj)
 .debug_aranges
                0x0000000000000ab8       0x30 modules/hal_nordic/nrfx/libmodules__hal_nordic__nrfx.a(nrfx_glue.c.obj)
 .debug_aranges
                0x0000000000000ae8       0x30 modules/hal_nordic/nrfx/libmodules__hal_nordic__nrfx.a(nrfx_flag32_allocator.c.obj)
 .debug_aranges
                0x0000000000000b18       0xe8 modules/hal_nordic/nrfx/libmodules__hal_nordic__nrfx.a(nrfx_gppi_dppi.c.obj)
 .debug_aranges
                0x0000000000000c00       0x70 modules/hal_nordic/nrfx/libmodules__hal_nordic__nrfx.a(nrfx_clock.c.obj)
 .debug_aranges
                0x0000000000000c70       0x78 modules/hal_nordic/nrfx/libmodules__hal_nordic__nrfx.a(nrfx_dppi.c.obj)
 .debug_aranges
                0x0000000000000ce8      0x188 modules/hal_nordic/nrfx/libmodules__hal_nordic__nrfx.a(nrfx_gpiote.c.obj)
 .debug_aranges
                0x0000000000000e70       0x20 zephyr/kernel/libkernel.a(busy_wait.c.obj)
 .debug_aranges
                0x0000000000000e90       0x38 zephyr/kernel/libkernel.a(device.c.obj)
 .debug_aranges
                0x0000000000000ec8       0x60 zephyr/kernel/libkernel.a(fatal.c.obj)
 .debug_aranges
                0x0000000000000f28       0x58 zephyr/kernel/libkernel.a(init.c.obj)
 .debug_aranges
                0x0000000000000f80       0x78 zephyr/kernel/libkernel.a(thread.c.obj)
 .debug_aranges
                0x0000000000000ff8      0x1b0 zephyr/kernel/libkernel.a(sched.c.obj)
 .debug_aranges
                0x00000000000011a8       0x30 zephyr/kernel/libkernel.a(idle.c.obj)
 .debug_aranges
                0x00000000000011d8       0x38 zephyr/kernel/libkernel.a(sem.c.obj)
 .debug_aranges
                0x0000000000001210       0x20 zephyr/kernel/libkernel.a(xip.c.obj)
 .debug_aranges
                0x0000000000001230       0x90 zephyr/kernel/libkernel.a(timeout.c.obj)
 .debug_aranges
                0x00000000000012c0       0x20 zephyr/kernel/libkernel.a(banner.c.obj)
 .debug_aranges
                0x00000000000012e0       0x50 zephyr/kernel/libkernel.a(priority_queues.c.obj)

.debug_pubnames
 *(SORT_BY_ALIGNMENT(.debug_pubnames))

.debug_info     0x0000000000000000    0x57f6e
 *(SORT_BY_ALIGNMENT(.debug_info) SORT_BY_ALIGNMENT(.gnu.linkonce.wi.*))
 .debug_info    0x0000000000000000      0x189 zephyr/CMakeFiles/zephyr_final.dir/isr_tables.c.obj
 .debug_info    0x0000000000000189       0xe2 zephyr/CMakeFiles/offsets.dir/./arch/arm/core/offsets/offsets.c.obj
 .debug_info    0x000000000000026b       0xc8 app/libapp.a(main.c.obj)
 .debug_info    0x0000000000000333     0x2922 zephyr/libzephyr.a(heap.c.obj)
 .debug_info    0x0000000000002c55      0x5d1 zephyr/libzephyr.a(printk.c.obj)
 .debug_info    0x0000000000003226      0x74d zephyr/libzephyr.a(thread_entry.c.obj)
 .debug_info    0x0000000000003973     0x2252 zephyr/libzephyr.a(onoff.c.obj)
 .debug_info    0x0000000000005bc5      0x31d zephyr/libzephyr.a(notify.c.obj)
 .debug_info    0x0000000000005ee2       0x38 zephyr/libzephyr.a(configs.c.obj)